Archive member included to satisfy reference by file (symbol)

c:/vsarm/armcc/125863~1.3re/bin/../lib/gcc/arm-none-eabi/12.3.1/thumb/v6-m/nofp\libgcc.a(_dvmd_tls.o)
                              CMakeFiles/blink.dir/C_/VSARM/sdk/pico/pico-sdk/src/rp2_common/pico_divider/divider.S.obj (__aeabi_idiv0)
c:/vsarm/armcc/125863~1.3re/bin/../lib/gcc/arm-none-eabi/12.3.1/thumb/v6-m/nofp\libg.a(libc_a-calloc.o)
                              CMakeFiles/blink.dir/C_/VSARM/sdk/pico/pico-sdk/src/rp2_common/pico_malloc/pico_malloc.c.obj (calloc)
c:/vsarm/armcc/125863~1.3re/bin/../lib/gcc/arm-none-eabi/12.3.1/thumb/v6-m/nofp\libg.a(libc_a-callocr.o)
                              c:/vsarm/armcc/125863~1.3re/bin/../lib/gcc/arm-none-eabi/12.3.1/thumb/v6-m/nofp\libg.a(libc_a-calloc.o) (_calloc_r)
c:/vsarm/armcc/125863~1.3re/bin/../lib/gcc/arm-none-eabi/12.3.1/thumb/v6-m/nofp\libg.a(libc_a-malloc.o)
                              CMakeFiles/blink.dir/C_/VSARM/sdk/pico/pico-sdk/src/rp2_common/pico_malloc/pico_malloc.c.obj (malloc)
c:/vsarm/armcc/125863~1.3re/bin/../lib/gcc/arm-none-eabi/12.3.1/thumb/v6-m/nofp\libg.a(libc_a-mallocr.o)
                              c:/vsarm/armcc/125863~1.3re/bin/../lib/gcc/arm-none-eabi/12.3.1/thumb/v6-m/nofp\libg.a(libc_a-callocr.o) (_malloc_r)
c:/vsarm/armcc/125863~1.3re/bin/../lib/gcc/arm-none-eabi/12.3.1/thumb/v6-m/nofp\libg.a(libc_a-mlock.o)
                              c:/vsarm/armcc/125863~1.3re/bin/../lib/gcc/arm-none-eabi/12.3.1/thumb/v6-m/nofp\libg.a(libc_a-mallocr.o) (__malloc_lock)
c:/vsarm/armcc/125863~1.3re/bin/../lib/gcc/arm-none-eabi/12.3.1/thumb/v6-m/nofp\libg.a(libc_a-realloc.o)
                              CMakeFiles/blink.dir/C_/VSARM/sdk/pico/pico-sdk/src/rp2_common/pico_malloc/pico_malloc.c.obj (realloc)
c:/vsarm/armcc/125863~1.3re/bin/../lib/gcc/arm-none-eabi/12.3.1/thumb/v6-m/nofp\libg.a(libc_a-reallocr.o)
                              c:/vsarm/armcc/125863~1.3re/bin/../lib/gcc/arm-none-eabi/12.3.1/thumb/v6-m/nofp\libg.a(libc_a-realloc.o) (_realloc_r)
c:/vsarm/armcc/125863~1.3re/bin/../lib/gcc/arm-none-eabi/12.3.1/thumb/v6-m/nofp\libg.a(libc_a-memmove.o)
                              c:/vsarm/armcc/125863~1.3re/bin/../lib/gcc/arm-none-eabi/12.3.1/thumb/v6-m/nofp\libg.a(libc_a-reallocr.o) (memmove)
c:/vsarm/armcc/125863~1.3re/bin/../lib/gcc/arm-none-eabi/12.3.1/thumb/v6-m/nofp\libg.a(libc_a-impure.o)
                              c:/vsarm/armcc/125863~1.3re/bin/../lib/gcc/arm-none-eabi/12.3.1/thumb/v6-m/nofp\libg.a(libc_a-calloc.o) (_impure_ptr)
c:/vsarm/armcc/125863~1.3re/bin/../lib/gcc/arm-none-eabi/12.3.1/thumb/v6-m/nofp\libg.a(libc_a-sbrkr.o)
                              c:/vsarm/armcc/125863~1.3re/bin/../lib/gcc/arm-none-eabi/12.3.1/thumb/v6-m/nofp\libg.a(libc_a-mallocr.o) (_sbrk_r)
c:/vsarm/armcc/125863~1.3re/bin/../lib/gcc/arm-none-eabi/12.3.1/thumb/v6-m/nofp\libg.a(libc_a-errno.o)
                              c:/vsarm/armcc/125863~1.3re/bin/../lib/gcc/arm-none-eabi/12.3.1/thumb/v6-m/nofp\libg.a(libc_a-callocr.o) (__errno)
c:/vsarm/armcc/125863~1.3re/bin/../lib/gcc/arm-none-eabi/12.3.1/thumb/v6-m/nofp\libg.a(libc_a-init.o)
                              c:/vsarm/armcc/125863~1.3re/bin/../lib/gcc/arm-none-eabi/12.3.1/thumb/v6-m/nofp/crt0.o (__libc_init_array)
c:/vsarm/armcc/125863~1.3re/bin/../lib/gcc/arm-none-eabi/12.3.1/thumb/v6-m/nofp\libg.a(libc_a-lock.o)
                              c:/vsarm/armcc/125863~1.3re/bin/../lib/gcc/arm-none-eabi/12.3.1/thumb/v6-m/nofp\libg.a(libc_a-mlock.o) (__retarget_lock_acquire_recursive)
c:/vsarm/armcc/125863~1.3re/bin/../lib/gcc/arm-none-eabi/12.3.1/thumb/v6-m/nofp\libg.a(libc_a-sysconf.o)
                              c:/vsarm/armcc/125863~1.3re/bin/../lib/gcc/arm-none-eabi/12.3.1/thumb/v6-m/nofp\libg.a(libc_a-mallocr.o) (sysconf)
c:/vsarm/armcc/125863~1.3re/bin/../lib/gcc/arm-none-eabi/12.3.1/thumb/v6-m/nofp\libg.a(libc_a-strlen-stub.o)
                              CMakeFiles/blink.dir/C_/VSARM/sdk/pico/pico-sdk/src/rp2_common/pico_stdio/stdio.c.obj (strlen)
c:/vsarm/armcc/125863~1.3re/bin/../lib/gcc/arm-none-eabi/12.3.1/thumb/v6-m/nofp\libg.a(libc_a-freer.o)
                              c:/vsarm/armcc/125863~1.3re/bin/../lib/gcc/arm-none-eabi/12.3.1/thumb/v6-m/nofp\libg.a(libc_a-malloc.o) (_free_r)
c:/vsarm/armcc/125863~1.3re/bin/../lib/gcc/arm-none-eabi/12.3.1/thumb/v6-m/nofp\libg.a(libc_a-findfp.o)
                              c:/vsarm/armcc/125863~1.3re/bin/../lib/gcc/arm-none-eabi/12.3.1/thumb/v6-m/nofp\libg.a(libc_a-impure.o) (__sf)
c:/vsarm/armcc/125863~1.3re/bin/../lib/gcc/arm-none-eabi/12.3.1/thumb/v6-m/nofp\libg.a(libc_a-fwalk.o)
                              c:/vsarm/armcc/125863~1.3re/bin/../lib/gcc/arm-none-eabi/12.3.1/thumb/v6-m/nofp\libg.a(libc_a-findfp.o) (_fwalk_sglue)
c:/vsarm/armcc/125863~1.3re/bin/../lib/gcc/arm-none-eabi/12.3.1/thumb/v6-m/nofp\libg.a(libc_a-stdio.o)
[...]
Memory Configuration

Name             Origin             Length             Attributes
FLASH            0x10000000         0x00200000         xr
RAM              0x20000000         0x00040000         xrw
SCRATCH_X        0x20040000         0x00001000         xrw
SCRATCH_Y        0x20041000         0x00001000         xrw
*default*        0x00000000         0xffffffff

Linker script and memory map

LOAD c:/vsarm/armcc/125863~1.3re/bin/../lib/gcc/arm-none-eabi/12.3.1/thumb/v6-m/nofp/crti.o
LOAD c:/vsarm/armcc/125863~1.3re/bin/../lib/gcc/arm-none-eabi/12.3.1/thumb/v6-m/nofp/crtbegin.o
LOAD c:/vsarm/armcc/125863~1.3re/bin/../lib/gcc/arm-none-eabi/12.3.1/thumb/v6-m/nofp/crt0.o

.flash_begin    0x10000000        0x0
                0x10000000                        __flash_binary_start = .

.boot2          0x10000000      0x100
                0x10000000                        __boot2_start__ = .
 *(.boot2)
 .boot2         0x10000000      0x100 C:\Users\phuon\AppData\Local\Temp\ccAcHJOp.o
                0x10000100                        __boot2_end__ = .
                0x00000001                        ASSERT (((__boot2_end__ - __boot2_start__) == 0x100), ERROR: Pico second stage bootloader must be 256 bytes in size)

.text           0x10000100     0x6f58
                0x10000100                        __logical_binary_start = .
 *(.vectors)
 .vectors       0x10000100       0xd4 CMakeFiles/blink.dir/C_/VSARM/sdk/pico/pico-sdk/src/rp2_common/pico_standard_link/crt0.S.obj
                0x10000100                __VECTOR_TABLE
                0x10000100                __vectors
                0x100001c0                isr_invalid
                0x100001c0                __default_isrs_start
                0x100001c2                isr_nmi
                0x100001c4                isr_hardfault
                0x100001c6                isr_svcall
                0x100001c8                isr_pendsv
                0x100001ca                isr_systick
                0x100001cc                isr_irq23
                0x100001cc                isr_irq18
                0x100001cc                isr_irq11
                0x100001cc                isr_irq28
                0x100001cc                isr_irq19
                0x100001cc                isr_irq0
                0x100001cc                isr_irq6
                0x100001cc                isr_irq5
                0x100001cc                isr_irq12
                0x100001cc                isr_irq22
                0x100001cc                isr_irq31
                0x100001cc                isr_irq17
                0x100001cc                isr_irq27
                0x100001cc                isr_irq30
                0x100001cc                isr_irq2
                0x100001cc                isr_irq10
                0x100001cc                isr_irq8
                0x100001cc                isr_irq24
                0x100001cc                isr_irq1
                0x100001cc                isr_irq7
                0x100001cc                isr_irq21
                0x100001cc                isr_irq20
                0x100001cc                isr_irq15
                0x100001cc                isr_irq25
                0x100001cc                isr_irq13
                0x100001cc                __unhandled_user_irq
                0x100001cc                isr_irq4
                0x100001cc                isr_irq16
                0x100001cc                isr_irq29
                0x100001cc                isr_irq26
                0x100001cc                __default_isrs_end
                0x100001cc                isr_irq3
                0x100001cc                isr_irq14
                0x100001cc                isr_irq9
                0x100001d2                unhandled_user_irq_num_in_r0
 *(.binary_info_header)
 .binary_info_header
                0x100001d4       0x14 CMakeFiles/blink.dir/C_/VSARM/sdk/pico/pico-sdk/src/rp2_common/pico_standard_link/crt0.S.obj
                0x100001e8                        __binary_info_header_end = .
 *(.reset)
 .reset         0x100001e8       0xa0 CMakeFiles/blink.dir/C_/VSARM/sdk/pico/pico-sdk/src/rp2_common/pico_standard_link/crt0.S.obj
                0x100001e8                _entry_point
 .reset         0x10000288       0x30 CMakeFiles/blink.dir/C_/VSARM/sdk/pico/pico-sdk/src/rp2_common/pico_standard_link/binary_info.c.obj
 *(.init)
 .init          0x100002b8        0x4 c:/vsarm/armcc/125863~1.3re/bin/../lib/gcc/arm-none-eabi/12.3.1/thumb/v6-m/nofp/crti.o
                0x100002b8                _init
 *(EXCLUDE_FILE(*libm.a: *libc.a:*lib_a-mem*.o *libgcc.a:) .text*)
 .text.register_tm_clones
                0x100002bc       0x28 c:/vsarm/armcc/125863~1.3re/bin/../lib/gcc/arm-none-eabi/12.3.1/thumb/v6-m/nofp/crtbegin.o
 .text.frame_dummy
                0x100002e4       0x24 c:/vsarm/armcc/125863~1.3re/bin/../lib/gcc/arm-none-eabi/12.3.1/thumb/v6-m/nofp/crtbegin.o
 .text.uart_getc
                0x10000308       0x24 CMakeFiles/blink.dir/main.c.obj
 .text.on_uart_rx
                0x1000032c       0x48 CMakeFiles/blink.dir/main.c.obj
                0x1000032c                on_uart_rx
 .text.main     0x10000374      0x190 CMakeFiles/blink.dir/main.c.obj
                0x10000374                main
 .text.gpio_set_function
                0x10000504       0x30 CMakeFiles/blink.dir/C_/VSARM/sdk/pico/pico-sdk/src/rp2_common/hardware_gpio/gpio.c.obj
                0x10000504                gpio_set_function
 .text.gpio_set_pulls
                0x10000534       0x34 CMakeFiles/blink.dir/C_/VSARM/sdk/pico/pico-sdk/src/rp2_common/hardware_gpio/gpio.c.obj
                0x10000534                gpio_set_pulls
 .text.gpio_init
                0x10000568       0x16 CMakeFiles/blink.dir/C_/VSARM/sdk/pico/pico-sdk/src/rp2_common/hardware_gpio/gpio.c.obj
                0x10000568                gpio_init
 *fill*         0x1000057e        0x2 
 .text.running_on_fpga
                0x10000580       0x14 CMakeFiles/blink.dir/C_/VSARM/sdk/pico/pico-sdk/src/rp2_common/pico_platform/platform.c.obj
                0x10000580                running_on_fpga
 .text.hw_claim_lock
                0x10000594       0x18 CMakeFiles/blink.dir/C_/VSARM/sdk/pico/pico-sdk/src/rp2_common/hardware_claim/claim.c.obj
                0x10000594                hw_claim_lock
 .text.hw_claim_unlock
                0x100005ac       0x14 CMakeFiles/blink.dir/C_/VSARM/sdk/pico/pico-sdk/src/rp2_common/hardware_claim/claim.c.obj
                0x100005ac                hw_claim_unlock
 .text.hw_claim_or_assert
                0x100005c0       0x32 CMakeFiles/blink.dir/C_/VSARM/sdk/pico/pico-sdk/src/rp2_common/hardware_claim/claim.c.obj
                0x100005c0                hw_claim_or_assert
 .text.hw_claim_unused_from_range
                0x100005f2       0x50 CMakeFiles/blink.dir/C_/VSARM/sdk/pico/pico-sdk/src/rp2_common/hardware_claim/claim.c.obj
                0x100005f2                hw_claim_unused_from_range
 *fill*         0x10000642        0x2 
 .text.spin_locks_reset
                0x10000644       0x20 CMakeFiles/blink.dir/C_/VSARM/sdk/pico/pico-sdk/src/rp2_common/hardware_sync/sync.c.obj
                0x10000644                spin_locks_reset
 .text.next_striped_spin_lock_num
                0x10000664       0x1c CMakeFiles/blink.dir/C_/VSARM/sdk/pico/pico-sdk/src/rp2_common/hardware_sync/sync.c.obj
                0x10000664                next_striped_spin_lock_num
 .text.spin_lock_claim_unused
                0x10000680       0x24 CMakeFiles/blink.dir/C_/VSARM/sdk/pico/pico-sdk/src/rp2_common/hardware_sync/sync.c.obj
                0x10000680                spin_lock_claim_unused
 .text.set_raw_irq_handler_and_unlock
                0x100006a4       0x28 CMakeFiles/blink.dir/C_/VSARM/sdk/pico/pico-sdk/src/rp2_common/hardware_irq/irq.c.obj
 .text.resolve_branch
                0x100006cc       0x30 CMakeFiles/blink.dir/C_/VSARM/sdk/pico/pico-sdk/src/rp2_common/hardware_irq/irq.c.obj
 .text.make_branch
                0x100006fc       0x48 CMakeFiles/blink.dir/C_/VSARM/sdk/pico/pico-sdk/src/rp2_common/hardware_irq/irq.c.obj
 .text.insert_branch_and_link
                0x10000744       0x40 CMakeFiles/blink.dir/C_/VSARM/sdk/pico/pico-sdk/src/rp2_common/hardware_irq/irq.c.obj
 .text.irq_is_enabled
                0x10000784       0x18 CMakeFiles/blink.dir/C_/VSARM/sdk/pico/pico-sdk/src/rp2_common/hardware_irq/irq.c.obj
                0x10000784                irq_is_enabled
 .text.irq_set_mask_enabled
                0x1000079c       0x20 CMakeFiles/blink.dir/C_/VSARM/sdk/pico/pico-sdk/src/rp2_common/hardware_irq/irq.c.obj
                0x1000079c                irq_set_mask_enabled
 .text.irq_set_enabled
                0x100007bc        0xe CMakeFiles/blink.dir/C_/VSARM/sdk/pico/pico-sdk/src/rp2_common/hardware_irq/irq.c.obj
                0x100007bc                irq_set_enabled
 *fill*         0x100007ca        0x2 
 .text.irq_set_pending
                0x100007cc       0x10 CMakeFiles/blink.dir/C_/VSARM/sdk/pico/pico-sdk/src/rp2_common/hardware_irq/irq.c.obj
                0x100007cc                irq_set_pending
 .text.irq_get_vtable_handler
                0x100007dc       0x10 CMakeFiles/blink.dir/C_/VSARM/sdk/pico/pico-sdk/src/rp2_common/hardware_irq/irq.c.obj
                0x100007dc                irq_get_vtable_handler
 .text.irq_has_shared_handler
                0x100007ec       0x24 CMakeFiles/blink.dir/C_/VSARM/sdk/pico/pico-sdk/src/rp2_common/hardware_irq/irq.c.obj
                0x100007ec                irq_has_shared_handler
 .text.irq_set_exclusive_handler
                0x10000810       0x54 CMakeFiles/blink.dir/C_/VSARM/sdk/pico/pico-sdk/src/rp2_common/hardware_irq/irq.c.obj
                0x10000810                irq_set_exclusive_handler
 .text.irq_add_shared_handler
                0x10000864      0x210 CMakeFiles/blink.dir/C_/VSARM/sdk/pico/pico-sdk/src/rp2_common/hardware_irq/irq.c.obj
                0x10000864                irq_add_shared_handler
 .text.irq_remove_handler
                0x10000a74      0x188 CMakeFiles/blink.dir/C_/VSARM/sdk/pico/pico-sdk/src/rp2_common/hardware_irq/irq.c.obj
                0x10000a74                irq_remove_handler
 .text.irq_add_tail_to_free_list
                0x10000bfc       0xf0 CMakeFiles/blink.dir/C_/VSARM/sdk/pico/pico-sdk/src/rp2_common/hardware_irq/irq.c.obj
                0x10000bfc                irq_add_tail_to_free_list
 .text.irq_init_priorities
                0x10000cec       0x1c CMakeFiles/blink.dir/C_/VSARM/sdk/pico/pico-sdk/src/rp2_common/hardware_irq/irq.c.obj
                0x10000cec                irq_init_priorities
 .text.user_irq_claim_unused
                0x10000d08       0x2c CMakeFiles/blink.dir/C_/VSARM/sdk/pico/pico-sdk/src/rp2_common/hardware_irq/irq.c.obj
                0x10000d08                user_irq_claim_unused
 .text.lock_init
                0x10000d34       0x10 CMakeFiles/blink.dir/C_/VSARM/sdk/pico/pico-sdk/src/common/pico_sync/lock_core.c.obj
                0x10000d34                lock_init
 .text.update_us_since_boot
                0x10000d44       0x24 CMakeFiles/blink.dir/C_/VSARM/sdk/pico/pico-sdk/src/common/pico_sync/mutex.c.obj
 .text.delayed_by_ms
                0x10000d68       0x44 CMakeFiles/blink.dir/C_/VSARM/sdk/pico/pico-sdk/src/common/pico_sync/mutex.c.obj
 .text.get_absolute_time
                0x10000dac       0x22 CMakeFiles/blink.dir/C_/VSARM/sdk/pico/pico-sdk/src/common/pico_sync/mutex.c.obj
 .text.make_timeout_time_ms
                0x10000dce       0x20 CMakeFiles/blink.dir/C_/VSARM/sdk/pico/pico-sdk/src/common/pico_sync/mutex.c.obj
 .text.mutex_init
                0x10000dee       0x1a CMakeFiles/blink.dir/C_/VSARM/sdk/pico/pico-sdk/src/common/pico_sync/mutex.c.obj
                0x10000dee                mutex_init
 .text.recursive_mutex_init
                0x10000e08       0x1e CMakeFiles/blink.dir/C_/VSARM/sdk/pico/pico-sdk/src/common/pico_sync/mutex.c.obj
                0x10000e08                recursive_mutex_init
 *fill*         0x10000e26        0x2 
 .text.critical_section_init_with_lock_num
                0x10000e28       0x14 CMakeFiles/blink.dir/C_/VSARM/sdk/pico/pico-sdk/src/common/pico_sync/critical_section.c.obj
                0x10000e28                critical_section_init_with_lock_num
 .text.critical_section_init
                0x10000e3c       0x14 CMakeFiles/blink.dir/C_/VSARM/sdk/pico/pico-sdk/src/common/pico_sync/critical_section.c.obj
                0x10000e3c                critical_section_init
 .text.time_reached
                0x10000e50       0x28 CMakeFiles/blink.dir/C_/VSARM/sdk/pico/pico-sdk/src/common/pico_time/time.c.obj
 .text.get_entry
                0x10000e78       0x38 CMakeFiles/blink.dir/C_/VSARM/sdk/pico/pico-sdk/src/common/pico_time/time.c.obj
 .text.timer_pool_entry_comparator
                0x10000eb0       0x2e CMakeFiles/blink.dir/C_/VSARM/sdk/pico/pico-sdk/src/common/pico_time/time.c.obj
                0x10000eb0                timer_pool_entry_comparator
 *fill*         0x10000ede        0x2 
 .text.update_us_since_boot
                0x10000ee0       0x24 CMakeFiles/blink.dir/C_/VSARM/sdk/pico/pico-sdk/src/common/pico_time/time.c.obj
 .text.delayed_by_us
                0x10000f04       0x34 CMakeFiles/blink.dir/C_/VSARM/sdk/pico/pico-sdk/src/common/pico_time/time.c.obj
 .text.ph_get_node
                0x10000f38       0x30 CMakeFiles/blink.dir/C_/VSARM/sdk/pico/pico-sdk/src/common/pico_time/time.c.obj
 .text.ph_contains_node
                0x10000f68       0x1e CMakeFiles/blink.dir/C_/VSARM/sdk/pico/pico-sdk/src/common/pico_time/time.c.obj
 .text.ph_new_node
                0x10000f86       0x28 CMakeFiles/blink.dir/C_/VSARM/sdk/pico/pico-sdk/src/common/pico_time/time.c.obj
 *fill*         0x10000fae        0x2 
 .text.ph_add_child_node
                0x10000fb0       0x6c CMakeFiles/blink.dir/C_/VSARM/sdk/pico/pico-sdk/src/common/pico_time/time.c.obj
 .text.ph_merge_nodes
                0x1000101c       0x3e CMakeFiles/blink.dir/C_/VSARM/sdk/pico/pico-sdk/src/common/pico_time/time.c.obj
 *fill*         0x1000105a        0x2 
 .text.ph_insert_node
                0x1000105c       0x3c CMakeFiles/blink.dir/C_/VSARM/sdk/pico/pico-sdk/src/common/pico_time/time.c.obj
 .text.ph_free_node
                0x10001098       0x5c CMakeFiles/blink.dir/C_/VSARM/sdk/pico/pico-sdk/src/common/pico_time/time.c.obj
 .text.get_entry_id_high
                0x100010f4       0x30 CMakeFiles/blink.dir/C_/VSARM/sdk/pico/pico-sdk/src/common/pico_time/time.c.obj
 .text.alarm_pool_post_alloc_init
                0x10001124       0x40 CMakeFiles/blink.dir/C_/VSARM/sdk/pico/pico-sdk/src/common/pico_time/time.c.obj
 .text.sleep_until_callback
                0x10001164       0x30 CMakeFiles/blink.dir/C_/VSARM/sdk/pico/pico-sdk/src/common/pico_time/time.c.obj
 .text.get_absolute_time
                0x10001194       0x22 CMakeFiles/blink.dir/C_/VSARM/sdk/pico/pico-sdk/src/common/pico_time/time.c.obj
 .text.make_timeout_time_us
                0x100011b6       0x24 CMakeFiles/blink.dir/C_/VSARM/sdk/pico/pico-sdk/src/common/pico_time/time.c.obj
 *fill*         0x100011da        0x2 
 .text.add_alarm_under_lock
                0x100011dc       0x94 CMakeFiles/blink.dir/C_/VSARM/sdk/pico/pico-sdk/src/common/pico_time/time.c.obj
 .text.alarm_pool_alarm_callback
                0x10001270      0x210 CMakeFiles/blink.dir/C_/VSARM/sdk/pico/pico-sdk/src/common/pico_time/time.c.obj
 .text.alarm_pool_init_default
                0x10001480       0x40 CMakeFiles/blink.dir/C_/VSARM/sdk/pico/pico-sdk/src/common/pico_time/time.c.obj
                0x10001480                alarm_pool_init_default
 .text.alarm_pool_get_default
                0x100014c0       0x2c CMakeFiles/blink.dir/C_/VSARM/sdk/pico/pico-sdk/src/common/pico_time/time.c.obj
                0x100014c0                alarm_pool_get_default
 .text.alarm_pool_add_alarm_at
                0x100014ec      0x10e CMakeFiles/blink.dir/C_/VSARM/sdk/pico/pico-sdk/src/common/pico_time/time.c.obj
                0x100014ec                alarm_pool_add_alarm_at
 .text.add_alarm_at
                0x100015fa       0x2e CMakeFiles/blink.dir/C_/VSARM/sdk/pico/pico-sdk/src/common/pico_time/time.c.obj
 .text.alarm_pool_cancel_alarm
                0x10001628       0xa8 CMakeFiles/blink.dir/C_/VSARM/sdk/pico/pico-sdk/src/common/pico_time/time.c.obj
                0x10001628                alarm_pool_cancel_alarm
 .text.cancel_alarm
                0x100016d0       0x10 CMakeFiles/blink.dir/C_/VSARM/sdk/pico/pico-sdk/src/common/pico_time/time.c.obj
 .text.alarm_pool_core_num
                0x100016e0        0x4 CMakeFiles/blink.dir/C_/VSARM/sdk/pico/pico-sdk/src/common/pico_time/time.c.obj
                0x100016e0                alarm_pool_core_num
 .text.sleep_until
                0x100016e4       0xb0 CMakeFiles/blink.dir/C_/VSARM/sdk/pico/pico-sdk/src/common/pico_time/time.c.obj
                0x100016e4                sleep_until
 .text.sleep_us
                0x10001794       0x1a CMakeFiles/blink.dir/C_/VSARM/sdk/pico/pico-sdk/src/common/pico_time/time.c.obj
                0x10001794                sleep_us
 .text.sleep_ms
                0x100017ae       0x14 CMakeFiles/blink.dir/C_/VSARM/sdk/pico/pico-sdk/src/common/pico_time/time.c.obj
                0x100017ae                sleep_ms
 *fill*         0x100017c2        0x2 
 .text.best_effort_wfe_or_timeout
                0x100017c4       0x44 CMakeFiles/blink.dir/C_/VSARM/sdk/pico/pico-sdk/src/common/pico_time/time.c.obj
                0x100017c4                best_effort_wfe_or_timeout
 .text.update_us_since_boot
                0x10001808       0x24 CMakeFiles/blink.dir/C_/VSARM/sdk/pico/pico-sdk/src/rp2_common/hardware_timer/timer.c.obj
 .text.hardware_alarm_irq_handler
                0x1000182c       0x8c CMakeFiles/blink.dir/C_/VSARM/sdk/pico/pico-sdk/src/rp2_common/hardware_timer/timer.c.obj
 .text.hardware_alarm_claim
                0x100018b8       0x18 CMakeFiles/blink.dir/C_/VSARM/sdk/pico/pico-sdk/src/rp2_common/hardware_timer/timer.c.obj
                0x100018b8                hardware_alarm_claim
 .text.time_us_64
                0x100018d0       0x18 CMakeFiles/blink.dir/C_/VSARM/sdk/pico/pico-sdk/src/rp2_common/hardware_timer/timer.c.obj
                0x100018d0                time_us_64
 .text.busy_wait_until
                0x100018e8       0x28 CMakeFiles/blink.dir/C_/VSARM/sdk/pico/pico-sdk/src/rp2_common/hardware_timer/timer.c.obj
                0x100018e8                busy_wait_until
 .text.busy_wait_us
                0x10001910       0x3a CMakeFiles/blink.dir/C_/VSARM/sdk/pico/pico-sdk/src/rp2_common/hardware_timer/timer.c.obj
                0x10001910                busy_wait_us
 *fill*         0x1000194a        0x2 
 .text.hardware_alarm_set_callback
                0x1000194c       0x90 CMakeFiles/blink.dir/C_/VSARM/sdk/pico/pico-sdk/src/rp2_common/hardware_timer/timer.c.obj
                0x1000194c                hardware_alarm_set_callback
 .text.hardware_alarm_set_target
                0x100019dc       0xe8 CMakeFiles/blink.dir/C_/VSARM/sdk/pico/pico-sdk/src/rp2_common/hardware_timer/timer.c.obj
                0x100019dc                hardware_alarm_set_target
 .text.hardware_alarm_cancel
                0x10001ac4       0x40 CMakeFiles/blink.dir/C_/VSARM/sdk/pico/pico-sdk/src/rp2_common/hardware_timer/timer.c.obj
                0x10001ac4                hardware_alarm_cancel
 .text.ph_get_node
                0x10001b04       0x30 CMakeFiles/blink.dir/C_/VSARM/sdk/pico/pico-sdk/src/common/pico_util/pheap.c.obj
 .text.ph_add_child_node
                0x10001b34       0x6c CMakeFiles/blink.dir/C_/VSARM/sdk/pico/pico-sdk/src/common/pico_util/pheap.c.obj
 .text.ph_merge_nodes
                0x10001ba0       0x3e CMakeFiles/blink.dir/C_/VSARM/sdk/pico/pico-sdk/src/common/pico_util/pheap.c.obj
 .text.ph_clear
                0x10001bde       0x34 CMakeFiles/blink.dir/C_/VSARM/sdk/pico/pico-sdk/src/common/pico_util/pheap.c.obj
                0x10001bde                ph_clear
 .text.ph_post_alloc_init
                0x10001c12        0xe CMakeFiles/blink.dir/C_/VSARM/sdk/pico/pico-sdk/src/common/pico_util/pheap.c.obj
                0x10001c12                ph_post_alloc_init
 .text.ph_merge_two_pass
                0x10001c20       0x5c CMakeFiles/blink.dir/C_/VSARM/sdk/pico/pico-sdk/src/common/pico_util/pheap.c.obj
                0x10001c20                ph_merge_two_pass
 .text.ph_remove_any_head
                0x10001c7c       0xc0 CMakeFiles/blink.dir/C_/VSARM/sdk/pico/pico-sdk/src/common/pico_util/pheap.c.obj
 .text.ph_remove_head
                0x10001d3c       0x14 CMakeFiles/blink.dir/C_/VSARM/sdk/pico/pico-sdk/src/common/pico_util/pheap.c.obj
                0x10001d3c                ph_remove_head
 .text.ph_remove_and_free_node
                0x10001d50       0xa0 CMakeFiles/blink.dir/C_/VSARM/sdk/pico/pico-sdk/src/common/pico_util/pheap.c.obj
                0x10001d50                ph_remove_and_free_node
 .text.uart_disable_before_lcr_write
                0x10001df0       0x48 CMakeFiles/blink.dir/C_/VSARM/sdk/pico/pico-sdk/src/rp2_common/hardware_uart/uart.c.obj
 .text.uart_write_lcr_bits_masked
                0x10001e38       0x22 CMakeFiles/blink.dir/C_/VSARM/sdk/pico/pico-sdk/src/rp2_common/hardware_uart/uart.c.obj
 *fill*         0x10001e5a        0x2 
 .text.uart_set_baudrate
                0x10001e5c       0x5c CMakeFiles/blink.dir/C_/VSARM/sdk/pico/pico-sdk/src/rp2_common/hardware_uart/uart.c.obj
                0x10001e5c                uart_set_baudrate
 .text.uart_set_format
                0x10001eb8       0x2c CMakeFiles/blink.dir/C_/VSARM/sdk/pico/pico-sdk/src/rp2_common/hardware_uart/uart.c.obj
                0x10001eb8                uart_set_format
 .text.uart_set_translate_crlf
                0x10001ee4       0x28 CMakeFiles/blink.dir/C_/VSARM/sdk/pico/pico-sdk/src/rp2_common/hardware_uart/uart.c.obj
                0x10001ee4                uart_set_translate_crlf
 .text.uart_init
                0x10001f0c       0x80 CMakeFiles/blink.dir/C_/VSARM/sdk/pico/pico-sdk/src/rp2_common/hardware_uart/uart.c.obj
                0x10001f0c                uart_init
 .text.uart_is_readable_within_us
                0x10001f8c       0x20 CMakeFiles/blink.dir/C_/VSARM/sdk/pico/pico-sdk/src/rp2_common/hardware_uart/uart.c.obj
                0x10001f8c                uart_is_readable_within_us
 .text.clock_configure
                0x10001fac      0x108 CMakeFiles/blink.dir/C_/VSARM/sdk/pico/pico-sdk/src/rp2_common/hardware_clocks/clocks.c.obj
                0x10001fac                clock_configure
 .text.clocks_init
                0x100020b4      0x100 CMakeFiles/blink.dir/C_/VSARM/sdk/pico/pico-sdk/src/rp2_common/hardware_clocks/clocks.c.obj
                0x100020b4                clocks_init
 .text.clock_get_hz
                0x100021b4        0xc CMakeFiles/blink.dir/C_/VSARM/sdk/pico/pico-sdk/src/rp2_common/hardware_clocks/clocks.c.obj
                0x100021b4                clock_get_hz
 .text.pll_init
                0x100021c0      0x120 CMakeFiles/blink.dir/C_/VSARM/sdk/pico/pico-sdk/src/rp2_common/hardware_pll/pll.c.obj
                0x100021c0                pll_init
 .text.watchdog_start_tick
                0x100022e0       0x10 CMakeFiles/blink.dir/C_/VSARM/sdk/pico/pico-sdk/src/rp2_common/hardware_watchdog/watchdog.c.obj
                0x100022e0                watchdog_start_tick
 .text.watchdog_update
                0x100022f0       0x14 CMakeFiles/blink.dir/C_/VSARM/sdk/pico/pico-sdk/src/rp2_common/hardware_watchdog/watchdog.c.obj
                0x100022f0                watchdog_update
 .text._watchdog_enable
                0x10002304       0x78 CMakeFiles/blink.dir/C_/VSARM/sdk/pico/pico-sdk/src/rp2_common/hardware_watchdog/watchdog.c.obj
                0x10002304                _watchdog_enable
 .text.watchdog_reboot
                0x1000237c       0x48 CMakeFiles/blink.dir/C_/VSARM/sdk/pico/pico-sdk/src/rp2_common/hardware_watchdog/watchdog.c.obj
                0x1000237c                watchdog_reboot
 .text.xosc_init
                0x100023c4       0x28 CMakeFiles/blink.dir/C_/VSARM/sdk/pico/pico-sdk/src/rp2_common/hardware_xosc/xosc.c.obj
                0x100023c4                xosc_init
 .text._exit    0x100023ec        0x4 CMakeFiles/blink.dir/C_/VSARM/sdk/pico/pico-sdk/src/rp2_common/pico_runtime/runtime.c.obj
                0x100023ec                _exit
 .text.exit     0x100023f0        0x6 CMakeFiles/blink.dir/C_/VSARM/sdk/pico/pico-sdk/src/rp2_common/pico_runtime/runtime.c.obj
                0x100023f0                exit
 *fill*         0x100023f6        0x2 
 .text.__assert_func
                0x100023f8       0x38 CMakeFiles/blink.dir/C_/VSARM/sdk/pico/pico-sdk/src/rp2_common/pico_runtime/runtime.c.obj
                0x100023f8                __assert_func
 .text.runtime_init
                0x10002430       0xf8 CMakeFiles/blink.dir/C_/VSARM/sdk/pico/pico-sdk/src/rp2_common/pico_runtime/runtime.c.obj
                0x10002430                runtime_init
 .text.panic    0x10002528       0x30 CMakeFiles/blink.dir/C_/VSARM/sdk/pico/pico-sdk/src/rp2_common/pico_runtime/runtime.c.obj
                0x10002528                panic
 .text._out_null
                0x10002558        0x2 CMakeFiles/blink.dir/C_/VSARM/sdk/pico/pico-sdk/src/rp2_common/pico_printf/printf.c.obj
 .text._out_fct
                0x1000255a        0xe CMakeFiles/blink.dir/C_/VSARM/sdk/pico/pico-sdk/src/rp2_common/pico_printf/printf.c.obj
 .text._atoi    0x10002568       0x24 CMakeFiles/blink.dir/C_/VSARM/sdk/pico/pico-sdk/src/rp2_common/pico_printf/printf.c.obj
 .text._out_rev
                0x1000258c       0xae CMakeFiles/blink.dir/C_/VSARM/sdk/pico/pico-sdk/src/rp2_common/pico_printf/printf.c.obj
 .text._ntoa_format
                0x1000263a      0x110 CMakeFiles/blink.dir/C_/VSARM/sdk/pico/pico-sdk/src/rp2_common/pico_printf/printf.c.obj
 .text._ntoa_long
                0x1000274a       0xbc CMakeFiles/blink.dir/C_/VSARM/sdk/pico/pico-sdk/src/rp2_common/pico_printf/printf.c.obj
 .text._ntoa_long_long
                0x10002806      0x10e CMakeFiles/blink.dir/C_/VSARM/sdk/pico/pico-sdk/src/rp2_common/pico_printf/printf.c.obj
 .text._etoa    0x10002914      0x420 CMakeFiles/blink.dir/C_/VSARM/sdk/pico/pico-sdk/src/rp2_common/pico_printf/printf.c.obj
 .text._ftoa    0x10002d34      0x354 CMakeFiles/blink.dir/C_/VSARM/sdk/pico/pico-sdk/src/rp2_common/pico_printf/printf.c.obj
 .text._vsnprintf
                0x10003088      0x65c CMakeFiles/blink.dir/C_/VSARM/sdk/pico/pico-sdk/src/rp2_common/pico_printf/printf.c.obj
 .text.vfctprintf
                0x100036e4       0x20 CMakeFiles/blink.dir/C_/VSARM/sdk/pico/pico-sdk/src/rp2_common/pico_printf/printf.c.obj
                0x100036e4                vfctprintf
 .text          0x10003704       0x10 CMakeFiles/blink.dir/C_/VSARM/sdk/pico/pico-sdk/src/rp2_common/pico_bit_ops/bit_ops_aeabi.S.obj
 .text.rom_func_lookup
                0x10003714       0x10 CMakeFiles/blink.dir/C_/VSARM/sdk/pico/pico-sdk/src/rp2_common/pico_bootrom/bootrom.c.obj
                0x10003714                rom_func_lookup
 .text.rom_data_lookup
                0x10003724       0x10 CMakeFiles/blink.dir/C_/VSARM/sdk/pico/pico-sdk/src/rp2_common/pico_bootrom/bootrom.c.obj
                0x10003724                rom_data_lookup
 .text.rom_funcs_lookup
                0x10003734       0x36 CMakeFiles/blink.dir/C_/VSARM/sdk/pico/pico-sdk/src/rp2_common/pico_bootrom/bootrom.c.obj
                0x10003734                rom_funcs_lookup
 *fill*         0x1000376a        0x2 
 .text.__wrap___aeabi_idiv
                0x1000376c       0x50 CMakeFiles/blink.dir/C_/VSARM/sdk/pico/pico-sdk/src/rp2_common/pico_divider/divider.S.obj
                0x1000376c                __wrap___aeabi_idivmod
                0x1000376c                divmod_s32s32
                0x1000376c                div_s32s32
                0x1000376c                __wrap___aeabi_idiv
                0x10003774                divmod_s32s32_unsafe
                0x100037a0                divmod_s32s32_savestate
 .text.__wrap___aeabi_uidiv
                0x100037bc       0x4c CMakeFiles/blink.dir/C_/VSARM/sdk/pico/pico-sdk/src/rp2_common/pico_divider/divider.S.obj
                0x100037bc                __wrap___aeabi_uidiv
                0x100037bc                __wrap___aeabi_uidivmod
                0x100037bc                div_u32u32
                0x100037bc                divmod_u32u32
                0x100037c4                divmod_u32u32_unsafe
                0x100037ec                divmod_u32u32_savestate
 .text.__wrap___aeabi_ldiv
                0x10003808      0x424 CMakeFiles/blink.dir/C_/VSARM/sdk/pico/pico-sdk/src/rp2_common/pico_divider/divider.S.obj
                0x10003808                div_s64s64
                0x10003808                divmod_s64s64
                0x10003808                __wrap___aeabi_ldivmod
                0x10003838                divmod_u64u64
                0x10003838                div_u64u64
                0x10003838                __wrap___aeabi_uldivmod
                0x10003848                divmod_u64u64_savestate
                0x10003868                divmod_s64s64_unsafe
                0x100038f0                divmod_u64u64_unsafe
 .text.__wrap___aeabi_darithmetic
                0x10003c2c       0x80 CMakeFiles/blink.dir/C_/VSARM/sdk/pico/pico-sdk/src/rp2_common/pico_double/double_aeabi.S.obj
                0x10003c2c                __wrap___aeabi_drsub
                0x10003c32                __wrap___aeabi_dsub
                0x10003c44                __wrap___aeabi_dadd
                0x10003c56                __wrap___aeabi_ddiv
                0x10003c92                __wrap___aeabi_dmul
 .text.__wrap___aeabi_cdcmple
                0x10003cac       0x6c CMakeFiles/blink.dir/C_/VSARM/sdk/pico/pico-sdk/src/rp2_common/pico_double/double_aeabi.S.obj
                0x10003cac                __wrap___aeabi_cdrcmple
                0x10003cbc                __wrap___aeabi_cdcmpeq
                0x10003cbc                __wrap___aeabi_cdcmple
 .text.__wrap___aeabi_dcmplt
                0x10003d18        0xc CMakeFiles/blink.dir/C_/VSARM/sdk/pico/pico-sdk/src/rp2_common/pico_double/double_aeabi.S.obj
                0x10003d18                __wrap___aeabi_dcmplt
 .text.__wrap___aeabi_dcmple
                0x10003d24       0x10 CMakeFiles/blink.dir/C_/VSARM/sdk/pico/pico-sdk/src/rp2_common/pico_double/double_aeabi.S.obj
                0x10003d24                __wrap___aeabi_dcmple
 .text.__wrap___aeabi_dcmpge
                0x10003d34       0x10 CMakeFiles/blink.dir/C_/VSARM/sdk/pico/pico-sdk/src/rp2_common/pico_double/double_aeabi.S.obj
                0x10003d34                __wrap___aeabi_dcmpge
 .text.__wrap___aeabi_dcmpgt
                0x10003d44        0xa CMakeFiles/blink.dir/C_/VSARM/sdk/pico/pico-sdk/src/rp2_common/pico_double/double_aeabi.S.obj
                0x10003d44                __wrap___aeabi_dcmpgt
 .text.__wrap___aeabi_dcmpun
                0x10003d4e       0x1c CMakeFiles/blink.dir/C_/VSARM/sdk/pico/pico-sdk/src/rp2_common/pico_double/double_aeabi.S.obj
                0x10003d4e                __wrap___aeabi_dcmpun
 *fill*         0x10003d6a        0x2 
 .text.__wrap___aeabi_i2d
                0x10003d6c       0x38 CMakeFiles/blink.dir/C_/VSARM/sdk/pico/pico-sdk/src/rp2_common/pico_double/double_aeabi.S.obj
                0x10003d6c                __wrap___aeabi_ui2d
                0x10003d74                __wrap___aeabi_i2d
 .text.__wrap___aeabi_d2iz
                0x10003da4       0x48 CMakeFiles/blink.dir/C_/VSARM/sdk/pico/pico-sdk/src/rp2_common/pico_double/double_aeabi.S.obj
                0x10003da4                double2int_z
                0x10003da4                __wrap___aeabi_d2iz
 .text.__wrap___aeabi_d2uiz
                0x10003dec       0x18 CMakeFiles/blink.dir/C_/VSARM/sdk/pico/pico-sdk/src/rp2_common/pico_double/double_aeabi.S.obj
                0x10003dec                __wrap___aeabi_d2uiz
                0x10003dec                double2uint
 .text.__aeabi_double_init
                0x10003e04       0xcc CMakeFiles/blink.dir/C_/VSARM/sdk/pico/pico-sdk/src/rp2_common/pico_double/double_init_rom.c.obj
                0x10003e04                __aeabi_double_init
 .text.double_table_shim_on_use_helper
                0x10003ed0       0x34 CMakeFiles/blink.dir/C_/VSARM/sdk/pico/pico-sdk/src/rp2_common/pico_double/double_v1_rom_shim.S.obj
                0x10003ed0                double_table_shim_on_use_helper
 .text.__wrap___aeabi_dsub
                0x10003f04       0x10 CMakeFiles/blink.dir/C_/VSARM/sdk/pico/pico-sdk/src/rp2_common/pico_double/double_v1_rom_shim.S.obj
                0x10003f04                drsub_shim
                0x10003f0a                dsub_shim
 .text.dadd_shim
                0x10003f14      0x15c CMakeFiles/blink.dir/C_/VSARM/sdk/pico/pico-sdk/src/rp2_common/pico_double/double_v1_rom_shim.S.obj
                0x10003f14                dadd_shim
 .text.dmul_shim
                0x10004070      0x15c CMakeFiles/blink.dir/C_/VSARM/sdk/pico/pico-sdk/src/rp2_common/pico_double/double_v1_rom_shim.S.obj
                0x10004070                dmul_shim
 .text.ddiv_shim
                0x100041cc      0x1b0 CMakeFiles/blink.dir/C_/VSARM/sdk/pico/pico-sdk/src/rp2_common/pico_double/double_v1_rom_shim.S.obj
                0x100041cc                ddiv_shim
 .text.double2uint_shim
                0x1000437c        0xe CMakeFiles/blink.dir/C_/VSARM/sdk/pico/pico-sdk/src/rp2_common/pico_double/double_v1_rom_shim.S.obj
                0x1000437c                double2uint_shim
                0x1000437e                double2ufix_shim
 *fill*         0x1000438a        0x2 
 .text.double2uint64_shim
                0x1000438c       0x70 CMakeFiles/blink.dir/C_/VSARM/sdk/pico/pico-sdk/src/rp2_common/pico_double/double_v1_rom_shim.S.obj
                0x1000438c                double2uint64_shim
                0x1000438e                double2ufix64_shim
                0x100043ae                d2fix_a
 .text.dunpacks
                0x100043fc       0x3c CMakeFiles/blink.dir/C_/VSARM/sdk/pico/pico-sdk/src/rp2_common/pico_double/double_v1_rom_shim.S.obj
                0x100043fc                dunpacks
 .text.__aeabi_lmul
                0x10004438       0x32 CMakeFiles/blink.dir/C_/VSARM/sdk/pico/pico-sdk/src/rp2_common/pico_int64_ops/pico_int64_ops_aeabi.S.obj
                0x10004438                __wrap___aeabi_lmul
 *fill*         0x1000446a        0x2 
 .text.__aeabi_float_init
                0x1000446c       0xfc CMakeFiles/blink.dir/C_/VSARM/sdk/pico/pico-sdk/src/rp2_common/pico_float/float_init_rom.c.obj
                0x1000446c                __aeabi_float_init
 .text.float_table_shim_on_use_helper
                0x10004568       0x34 CMakeFiles/blink.dir/C_/VSARM/sdk/pico/pico-sdk/src/rp2_common/pico_float/float_v1_rom_shim.S.obj
                0x10004568                float_table_shim_on_use_helper
 .text          0x1000459c       0x10 CMakeFiles/blink.dir/C_/VSARM/sdk/pico/pico-sdk/src/rp2_common/pico_mem_ops/mem_ops_aeabi.S.obj
                0x1000459c                __aeabi_mem_init
 .text.memset   0x100045ac        0xc CMakeFiles/blink.dir/C_/VSARM/sdk/pico/pico-sdk/src/rp2_common/pico_mem_ops/mem_ops_aeabi.S.obj
                0x100045ac                __wrap_memset
 .text.memcpy   0x100045b8        0xc CMakeFiles/blink.dir/C_/VSARM/sdk/pico/pico-sdk/src/rp2_common/pico_mem_ops/mem_ops_aeabi.S.obj
                0x100045b8                __wrap_memcpy
                0x100045b8                __wrap___aeabi_memcpy
 .text.stdio_out_chars_no_crlf
                0x100045c4        0xe CMakeFiles/blink.dir/C_/VSARM/sdk/pico/pico-sdk/src/rp2_common/pico_stdio/stdio.c.obj
 *fill*         0x100045d2        0x2 
 .text.stdio_out_chars_crlf
                0x100045d4       0x80 CMakeFiles/blink.dir/C_/VSARM/sdk/pico/pico-sdk/src/rp2_common/pico_stdio/stdio.c.obj
 .text.stdio_stack_buffer_flush
                0x10004654       0x44 CMakeFiles/blink.dir/C_/VSARM/sdk/pico/pico-sdk/src/rp2_common/pico_stdio/stdio.c.obj
 .text.stdio_buffered_printer
                0x10004698       0x20 CMakeFiles/blink.dir/C_/VSARM/sdk/pico/pico-sdk/src/rp2_common/pico_stdio/stdio.c.obj
 .text.update_us_since_boot
                0x100046b8       0x24 CMakeFiles/blink.dir/C_/VSARM/sdk/pico/pico-sdk/src/rp2_common/pico_stdio/stdio.c.obj
 .text.get_absolute_time
                0x100046dc       0x22 CMakeFiles/blink.dir/C_/VSARM/sdk/pico/pico-sdk/src/rp2_common/pico_stdio/stdio.c.obj
 *fill*         0x100046fe        0x2 
 .text.delayed_by_ms
                0x10004700       0x44 CMakeFiles/blink.dir/C_/VSARM/sdk/pico/pico-sdk/src/rp2_common/pico_stdio/stdio.c.obj
 .text.make_timeout_time_ms
                0x10004744       0x20 CMakeFiles/blink.dir/C_/VSARM/sdk/pico/pico-sdk/src/rp2_common/pico_stdio/stdio.c.obj
 .text.stdout_serialize_begin
                0x10004764       0x20 CMakeFiles/blink.dir/C_/VSARM/sdk/pico/pico-sdk/src/rp2_common/pico_stdio/stdio.c.obj
                0x10004764                stdout_serialize_begin
 .text.stdout_serialize_end
                0x10004784       0x10 CMakeFiles/blink.dir/C_/VSARM/sdk/pico/pico-sdk/src/rp2_common/pico_stdio/stdio.c.obj
                0x10004784                stdout_serialize_end
 .text.stdio_put_string
                0x10004794       0x98 CMakeFiles/blink.dir/C_/VSARM/sdk/pico/pico-sdk/src/rp2_common/pico_stdio/stdio.c.obj
 .text.stdio_set_driver_enabled
                0x1000482c       0x2c CMakeFiles/blink.dir/C_/VSARM/sdk/pico/pico-sdk/src/rp2_common/pico_stdio/stdio.c.obj
                0x1000482c                stdio_set_driver_enabled
 .text.stdio_flush
                0x10004858       0x20 CMakeFiles/blink.dir/C_/VSARM/sdk/pico/pico-sdk/src/rp2_common/pico_stdio/stdio.c.obj
                0x10004858                stdio_flush
 .text.__wrap_puts
                0x10004878       0x1e CMakeFiles/blink.dir/C_/VSARM/sdk/pico/pico-sdk/src/rp2_common/pico_stdio/stdio.c.obj
                0x10004878                __wrap_puts
 *fill*         0x10004896        0x2 
 .text.__wrap_vprintf
                0x10004898       0x40 CMakeFiles/blink.dir/C_/VSARM/sdk/pico/pico-sdk/src/rp2_common/pico_stdio/stdio.c.obj
                0x10004898                __wrap_vprintf
 .text.__wrap_printf
                0x100048d8       0x18 CMakeFiles/blink.dir/C_/VSARM/sdk/pico/pico-sdk/src/rp2_common/pico_stdio/stdio.c.obj
                0x100048d8                __wrap_printf
 .text.stdio_init_all
                0x100048f0        0x8 CMakeFiles/blink.dir/C_/VSARM/sdk/pico/pico-sdk/src/rp2_common/pico_stdio/stdio.c.obj
                0x100048f0                stdio_init_all
 .text.resetd_init
                0x100048f8        0x2 CMakeFiles/blink.dir/C_/VSARM/sdk/pico/pico-sdk/src/rp2_common/pico_stdio_usb/reset_interface.c.obj
 *fill*         0x100048fa        0x2 
 .text.resetd_reset
                0x100048fc        0xc CMakeFiles/blink.dir/C_/VSARM/sdk/pico/pico-sdk/src/rp2_common/pico_stdio_usb/reset_interface.c.obj
 .text.resetd_open
                0x10004908       0x34 CMakeFiles/blink.dir/C_/VSARM/sdk/pico/pico-sdk/src/rp2_common/pico_stdio_usb/reset_interface.c.obj
 .text.resetd_xfer_cb
                0x1000493c        0x4 CMakeFiles/blink.dir/C_/VSARM/sdk/pico/pico-sdk/src/rp2_common/pico_stdio_usb/reset_interface.c.obj
 .text.reset_usb_boot
                0x10004940       0x18 CMakeFiles/blink.dir/C_/VSARM/sdk/pico/pico-sdk/src/rp2_common/pico_stdio_usb/reset_interface.c.obj
 .text.resetd_control_xfer_cb
                0x10004958       0x5c CMakeFiles/blink.dir/C_/VSARM/sdk/pico/pico-sdk/src/rp2_common/pico_stdio_usb/reset_interface.c.obj
 .text.usbd_app_driver_get_cb
                0x100049b4        0xc CMakeFiles/blink.dir/C_/VSARM/sdk/pico/pico-sdk/src/rp2_common/pico_stdio_usb/reset_interface.c.obj
                0x100049b4                usbd_app_driver_get_cb
 .text.tud_cdc_line_coding_cb
                0x100049c0       0x28 CMakeFiles/blink.dir/C_/VSARM/sdk/pico/pico-sdk/src/rp2_common/pico_stdio_usb/reset_interface.c.obj
                0x100049c0                tud_cdc_line_coding_cb
 .text.stdio_usb_set_chars_available_callback
                0x100049e8       0x14 CMakeFiles/blink.dir/C_/VSARM/sdk/pico/pico-sdk/src/rp2_common/pico_stdio_usb/stdio_usb.c.obj
                0x100049e8                stdio_usb_set_chars_available_callback
 .text.update_us_since_boot
                0x100049fc       0x24 CMakeFiles/blink.dir/C_/VSARM/sdk/pico/pico-sdk/src/rp2_common/pico_stdio_usb/stdio_usb.c.obj
 .text.get_absolute_time
                0x10004a20       0x22 CMakeFiles/blink.dir/C_/VSARM/sdk/pico/pico-sdk/src/rp2_common/pico_stdio_usb/stdio_usb.c.obj
 *fill*         0x10004a42        0x2 
 .text.delayed_by_ms
                0x10004a44       0x44 CMakeFiles/blink.dir/C_/VSARM/sdk/pico/pico-sdk/src/rp2_common/pico_stdio_usb/stdio_usb.c.obj
 .text.make_timeout_time_ms
                0x10004a88       0x20 CMakeFiles/blink.dir/C_/VSARM/sdk/pico/pico-sdk/src/rp2_common/pico_stdio_usb/stdio_usb.c.obj
 .text.delayed_by_us
                0x10004aa8       0x34 CMakeFiles/blink.dir/C_/VSARM/sdk/pico/pico-sdk/src/rp2_common/pico_stdio_usb/stdio_usb.c.obj
 .text.usb_irq  0x10004adc       0x10 CMakeFiles/blink.dir/C_/VSARM/sdk/pico/pico-sdk/src/rp2_common/pico_stdio_usb/stdio_usb.c.obj
 .text.critical_section_enter_blocking
                0x10004aec       0x16 CMakeFiles/blink.dir/C_/VSARM/sdk/pico/pico-sdk/src/rp2_common/pico_stdio_usb/stdio_usb.c.obj
 *fill*         0x10004b02        0x2 
 .text.timer_task
                0x10004b04       0x4c CMakeFiles/blink.dir/C_/VSARM/sdk/pico/pico-sdk/src/rp2_common/pico_stdio_usb/stdio_usb.c.obj
 .text.alarm_pool_add_alarm_in_us
                0x10004b50       0x3a CMakeFiles/blink.dir/C_/VSARM/sdk/pico/pico-sdk/src/rp2_common/pico_stdio_usb/stdio_usb.c.obj
 .text.add_alarm_in_us
                0x10004b8a       0x2e CMakeFiles/blink.dir/C_/VSARM/sdk/pico/pico-sdk/src/rp2_common/pico_stdio_usb/stdio_usb.c.obj
 .text.low_priority_worker_irq
                0x10004bb8       0x7c CMakeFiles/blink.dir/C_/VSARM/sdk/pico/pico-sdk/src/rp2_common/pico_stdio_usb/stdio_usb.c.obj
 .text.tud_cdc_rx_cb
                0x10004c34       0x20 CMakeFiles/blink.dir/C_/VSARM/sdk/pico/pico-sdk/src/rp2_common/pico_stdio_usb/stdio_usb.c.obj
                0x10004c34                tud_cdc_rx_cb
 .text.stdio_usb_init
                0x10004c54       0xd0 CMakeFiles/blink.dir/C_/VSARM/sdk/pico/pico-sdk/src/rp2_common/pico_stdio_usb/stdio_usb.c.obj
                0x10004c54                stdio_usb_init
 .text.stdio_usb_connected
                0x10004d24        0xa CMakeFiles/blink.dir/C_/VSARM/sdk/pico/pico-sdk/src/rp2_common/pico_stdio_usb/stdio_usb.c.obj
                0x10004d24                stdio_usb_connected
 *fill*         0x10004d2e        0x2 
 .text.stdio_usb_in_chars
                0x10004d30       0x88 CMakeFiles/blink.dir/C_/VSARM/sdk/pico/pico-sdk/src/rp2_common/pico_stdio_usb/stdio_usb.c.obj
                0x10004d30                stdio_usb_in_chars
 .text.stdio_usb_out_chars
                0x10004db8       0xd8 CMakeFiles/blink.dir/C_/VSARM/sdk/pico/pico-sdk/src/rp2_common/pico_stdio_usb/stdio_usb.c.obj
 .text.tud_descriptor_device_cb
                0x10004e90        0x8 CMakeFiles/blink.dir/C_/VSARM/sdk/pico/pico-sdk/src/rp2_common/pico_stdio_usb/stdio_usb_descriptors.c.obj
                0x10004e90                tud_descriptor_device_cb
 .text.tud_descriptor_configuration_cb
                0x10004e98        0x8 CMakeFiles/blink.dir/C_/VSARM/sdk/pico/pico-sdk/src/rp2_common/pico_stdio_usb/stdio_usb_descriptors.c.obj
                0x10004e98                tud_descriptor_configuration_cb
 .text.tud_descriptor_string_cb
                0x10004ea0       0x6c CMakeFiles/blink.dir/C_/VSARM/sdk/pico/pico-sdk/src/rp2_common/pico_stdio_usb/stdio_usb_descriptors.c.obj
                0x10004ea0                tud_descriptor_string_cb
 .text._retrieve_unique_id_on_boot
                0x10004f0c       0x10 CMakeFiles/blink.dir/C_/VSARM/sdk/pico/pico-sdk/src/rp2_common/pico_unique_id/unique_id.c.obj
 .text.pico_get_unique_board_id_string
                0x10004f1c       0x5c CMakeFiles/blink.dir/C_/VSARM/sdk/pico/pico-sdk/src/rp2_common/pico_unique_id/unique_id.c.obj
                0x10004f1c                pico_get_unique_board_id_string
 .text.flash_get_unique_id
                0x10004f78       0x46 CMakeFiles/blink.dir/C_/VSARM/sdk/pico/pico-sdk/src/rp2_common/hardware_flash/flash.c.obj
                0x10004f78                flash_get_unique_id
 *fill*         0x10004fbe        0x2 
 .text.hw_endpoint_get_by_addr
                0x10004fc0       0x18 CMakeFiles/blink.dir/C_/VSARM/sdk/pico/pico-sdk/lib/tinyusb/src/portable/raspberrypi/rp2040/dcd_rp2040.c.obj
 .text._hw_endpoint_alloc
                0x10004fd8       0x70 CMakeFiles/blink.dir/C_/VSARM/sdk/pico/pico-sdk/lib/tinyusb/src/portable/raspberrypi/rp2040/dcd_rp2040.c.obj
 .text.hw_endpoint_init
                0x10005048       0x88 CMakeFiles/blink.dir/C_/VSARM/sdk/pico/pico-sdk/lib/tinyusb/src/portable/raspberrypi/rp2040/dcd_rp2040.c.obj
 .text.dcd_event_sof
                0x100050d0       0x2c CMakeFiles/blink.dir/C_/VSARM/sdk/pico/pico-sdk/lib/tinyusb/src/portable/raspberrypi/rp2040/dcd_rp2040.c.obj
 .text.hw_endpoint_xfer
                0x100050fc       0x14 CMakeFiles/blink.dir/C_/VSARM/sdk/pico/pico-sdk/lib/tinyusb/src/portable/raspberrypi/rp2040/dcd_rp2040.c.obj
 .text.dcd_int_enable
                0x10005110       0x2c CMakeFiles/blink.dir/C_/VSARM/sdk/pico/pico-sdk/lib/tinyusb/src/portable/raspberrypi/rp2040/dcd_rp2040.c.obj
                0x10005110                dcd_int_enable
 .text.dcd_set_address
                0x1000513c       0x2c CMakeFiles/blink.dir/C_/VSARM/sdk/pico/pico-sdk/lib/tinyusb/src/portable/raspberrypi/rp2040/dcd_rp2040.c.obj
                0x1000513c                dcd_set_address
 .text.dcd_connect
                0x10005168       0x10 CMakeFiles/blink.dir/C_/VSARM/sdk/pico/pico-sdk/lib/tinyusb/src/portable/raspberrypi/rp2040/dcd_rp2040.c.obj
                0x10005168                dcd_connect
 .text.dcd_init
                0x10005178       0x80 CMakeFiles/blink.dir/C_/VSARM/sdk/pico/pico-sdk/lib/tinyusb/src/portable/raspberrypi/rp2040/dcd_rp2040.c.obj
                0x10005178                dcd_init
 .text.dcd_edpt0_status_complete
                0x100051f8       0x1c CMakeFiles/blink.dir/C_/VSARM/sdk/pico/pico-sdk/lib/tinyusb/src/portable/raspberrypi/rp2040/dcd_rp2040.c.obj
                0x100051f8                dcd_edpt0_status_complete
 .text.dcd_edpt_open
                0x10005214       0x40 CMakeFiles/blink.dir/C_/VSARM/sdk/pico/pico-sdk/lib/tinyusb/src/portable/raspberrypi/rp2040/dcd_rp2040.c.obj
                0x10005214                dcd_edpt_open
 .text.dcd_edpt_close_all
                0x10005254        0x8 CMakeFiles/blink.dir/C_/VSARM/sdk/pico/pico-sdk/lib/tinyusb/src/portable/raspberrypi/rp2040/dcd_rp2040.c.obj
                0x10005254                dcd_edpt_close_all
 .text.dcd_edpt_xfer
                0x1000525c       0x34 CMakeFiles/blink.dir/C_/VSARM/sdk/pico/pico-sdk/lib/tinyusb/src/portable/raspberrypi/rp2040/dcd_rp2040.c.obj
                0x1000525c                dcd_edpt_xfer
 .text.dcd_edpt_stall
                0x10005290       0x2c CMakeFiles/blink.dir/C_/VSARM/sdk/pico/pico-sdk/lib/tinyusb/src/portable/raspberrypi/rp2040/dcd_rp2040.c.obj
                0x10005290                dcd_edpt_stall
 .text.dcd_edpt_clear_stall
                0x100052bc       0x20 CMakeFiles/blink.dir/C_/VSARM/sdk/pico/pico-sdk/lib/tinyusb/src/portable/raspberrypi/rp2040/dcd_rp2040.c.obj
                0x100052bc                dcd_edpt_clear_stall
 .text.rp2040_usb_init
                0x100052dc       0x4c CMakeFiles/blink.dir/C_/VSARM/sdk/pico/pico-sdk/lib/tinyusb/src/portable/raspberrypi/rp2040/rp2040_usb.c.obj
                0x100052dc                rp2040_usb_init
 .text.hw_endpoint_xfer_start
                0x10005328       0x50 CMakeFiles/blink.dir/C_/VSARM/sdk/pico/pico-sdk/lib/tinyusb/src/portable/raspberrypi/rp2040/rp2040_usb.c.obj
                0x10005328                hw_endpoint_xfer_start
 .text.configuration_reset
                0x10005378       0x84 CMakeFiles/blink.dir/C_/VSARM/sdk/pico/pico-sdk/lib/tinyusb/src/device/usbd.c.obj
 .text.critical_section_enter_blocking
                0x100053fc       0x16 CMakeFiles/blink.dir/C_/VSARM/sdk/pico/pico-sdk/lib/tinyusb/src/device/usbd.c.obj
 .text.usbd_reset
                0x10005412        0xc CMakeFiles/blink.dir/C_/VSARM/sdk/pico/pico-sdk/lib/tinyusb/src/device/usbd.c.obj
 .text.invoke_class_control
                0x1000541e       0x1a CMakeFiles/blink.dir/C_/VSARM/sdk/pico/pico-sdk/lib/tinyusb/src/device/usbd.c.obj
 .text.process_set_config
                0x10005438      0x178 CMakeFiles/blink.dir/C_/VSARM/sdk/pico/pico-sdk/lib/tinyusb/src/device/usbd.c.obj
 .text.process_get_descriptor
                0x100055b0       0xdc CMakeFiles/blink.dir/C_/VSARM/sdk/pico/pico-sdk/lib/tinyusb/src/device/usbd.c.obj
 .text.tud_mounted
                0x1000568c       0x10 CMakeFiles/blink.dir/C_/VSARM/sdk/pico/pico-sdk/lib/tinyusb/src/device/usbd.c.obj
                0x1000568c                tud_mounted
 .text.tud_suspended
                0x1000569c       0x10 CMakeFiles/blink.dir/C_/VSARM/sdk/pico/pico-sdk/lib/tinyusb/src/device/usbd.c.obj
                0x1000569c                tud_suspended
 .text.tud_inited
                0x100056ac       0x14 CMakeFiles/blink.dir/C_/VSARM/sdk/pico/pico-sdk/lib/tinyusb/src/device/usbd.c.obj
                0x100056ac                tud_inited
 .text.tud_init
                0x100056c0       0xcc CMakeFiles/blink.dir/C_/VSARM/sdk/pico/pico-sdk/lib/tinyusb/src/device/usbd.c.obj
                0x100056c0                tud_init
 .text.usbd_defer_func
                0x1000578c       0x2a CMakeFiles/blink.dir/C_/VSARM/sdk/pico/pico-sdk/lib/tinyusb/src/device/usbd.c.obj
                0x1000578c                usbd_defer_func
 *fill*         0x100057b6        0x2 
 .text.usbd_edpt_open
                0x100057b8       0x34 CMakeFiles/blink.dir/C_/VSARM/sdk/pico/pico-sdk/lib/tinyusb/src/device/usbd.c.obj
                0x100057b8                usbd_edpt_open
 .text.usbd_open_edpt_pair
                0x100057ec       0x62 CMakeFiles/blink.dir/C_/VSARM/sdk/pico/pico-sdk/lib/tinyusb/src/device/usbd.c.obj
                0x100057ec                usbd_open_edpt_pair
 *fill*         0x1000584e        0x2 
 .text.usbd_edpt_claim
                0x10005850       0x28 CMakeFiles/blink.dir/C_/VSARM/sdk/pico/pico-sdk/lib/tinyusb/src/device/usbd.c.obj
                0x10005850                usbd_edpt_claim
 .text.usbd_edpt_release
                0x10005878       0x28 CMakeFiles/blink.dir/C_/VSARM/sdk/pico/pico-sdk/lib/tinyusb/src/device/usbd.c.obj
                0x10005878                usbd_edpt_release
 .text.usbd_edpt_xfer
                0x100058a0       0x78 CMakeFiles/blink.dir/C_/VSARM/sdk/pico/pico-sdk/lib/tinyusb/src/device/usbd.c.obj
                0x100058a0                usbd_edpt_xfer
 .text.usbd_edpt_stall
                0x10005918       0x48 CMakeFiles/blink.dir/C_/VSARM/sdk/pico/pico-sdk/lib/tinyusb/src/device/usbd.c.obj
                0x10005918                usbd_edpt_stall
 .text.usbd_edpt_clear_stall
                0x10005960       0x48 CMakeFiles/blink.dir/C_/VSARM/sdk/pico/pico-sdk/lib/tinyusb/src/device/usbd.c.obj
                0x10005960                usbd_edpt_clear_stall
 .text.usbd_edpt_stalled
                0x100059a8       0x1c CMakeFiles/blink.dir/C_/VSARM/sdk/pico/pico-sdk/lib/tinyusb/src/device/usbd.c.obj
                0x100059a8                usbd_edpt_stalled
 .text.process_control_request
                0x100059c4      0x374 CMakeFiles/blink.dir/C_/VSARM/sdk/pico/pico-sdk/lib/tinyusb/src/device/usbd.c.obj
 .text.tud_task_ext
                0x10005d38      0x1a8 CMakeFiles/blink.dir/C_/VSARM/sdk/pico/pico-sdk/lib/tinyusb/src/device/usbd.c.obj
                0x10005d38                tud_task_ext
 .text._status_stage_xact
                0x10005ee0       0x1a CMakeFiles/blink.dir/C_/VSARM/sdk/pico/pico-sdk/lib/tinyusb/src/device/usbd_control.c.obj
 *fill*         0x10005efa        0x2 
 .text._data_stage_xact
                0x10005efc       0x58 CMakeFiles/blink.dir/C_/VSARM/sdk/pico/pico-sdk/lib/tinyusb/src/device/usbd_control.c.obj
 .text.tud_control_status
                0x10005f54       0x28 CMakeFiles/blink.dir/C_/VSARM/sdk/pico/pico-sdk/lib/tinyusb/src/device/usbd_control.c.obj
                0x10005f54                tud_control_status
 .text.tud_control_xfer
                0x10005f7c       0x68 CMakeFiles/blink.dir/C_/VSARM/sdk/pico/pico-sdk/lib/tinyusb/src/device/usbd_control.c.obj
                0x10005f7c                tud_control_xfer
 .text.usbd_control_reset
                0x10005fe4       0x14 CMakeFiles/blink.dir/C_/VSARM/sdk/pico/pico-sdk/lib/tinyusb/src/device/usbd_control.c.obj
                0x10005fe4                usbd_control_reset
 .text.usbd_control_set_complete_callback
                0x10005ff8        0xc CMakeFiles/blink.dir/C_/VSARM/sdk/pico/pico-sdk/lib/tinyusb/src/device/usbd_control.c.obj
                0x10005ff8                usbd_control_set_complete_callback
 .text.usbd_control_set_request
                0x10006004       0x1c CMakeFiles/blink.dir/C_/VSARM/sdk/pico/pico-sdk/lib/tinyusb/src/device/usbd_control.c.obj
                0x10006004                usbd_control_set_request
 .text.usbd_control_xfer_cb
                0x10006020       0xbc CMakeFiles/blink.dir/C_/VSARM/sdk/pico/pico-sdk/lib/tinyusb/src/device/usbd_control.c.obj
                0x10006020                usbd_control_xfer_cb
 .text._prep_out_transaction
                0x100060dc       0x4a CMakeFiles/blink.dir/C_/VSARM/sdk/pico/pico-sdk/lib/tinyusb/src/class/cdc/cdc_device.c.obj
 *fill*         0x10006126        0x2 
 .text.tud_cdc_n_connected
                0x10006128       0x38 CMakeFiles/blink.dir/C_/VSARM/sdk/pico/pico-sdk/lib/tinyusb/src/class/cdc/cdc_device.c.obj
                0x10006128                tud_cdc_n_connected
 .text.tud_cdc_n_available
                0x10006160       0x18 CMakeFiles/blink.dir/C_/VSARM/sdk/pico/pico-sdk/lib/tinyusb/src/class/cdc/cdc_device.c.obj
                0x10006160                tud_cdc_n_available
 .text.tud_cdc_n_read
                0x10006178       0x28 CMakeFiles/blink.dir/C_/VSARM/sdk/pico/pico-sdk/lib/tinyusb/src/class/cdc/cdc_device.c.obj
                0x10006178                tud_cdc_n_read
 .text.tud_cdc_n_write_flush
                0x100061a0       0xb8 CMakeFiles/blink.dir/C_/VSARM/sdk/pico/pico-sdk/lib/tinyusb/src/class/cdc/cdc_device.c.obj
                0x100061a0                tud_cdc_n_write_flush
 .text.tud_cdc_n_write
                0x10006258       0x38 CMakeFiles/blink.dir/C_/VSARM/sdk/pico/pico-sdk/lib/tinyusb/src/class/cdc/cdc_device.c.obj
                0x10006258                tud_cdc_n_write
 .text.tud_cdc_n_write_available
                0x10006290       0x1c CMakeFiles/blink.dir/C_/VSARM/sdk/pico/pico-sdk/lib/tinyusb/src/class/cdc/cdc_device.c.obj
                0x10006290                tud_cdc_n_write_available
 .text.cdcd_init
                0x100062ac       0xbc CMakeFiles/blink.dir/C_/VSARM/sdk/pico/pico-sdk/lib/tinyusb/src/class/cdc/cdc_device.c.obj
                0x100062ac                cdcd_init
 .text.cdcd_reset
                0x10006368       0x44 CMakeFiles/blink.dir/C_/VSARM/sdk/pico/pico-sdk/lib/tinyusb/src/class/cdc/cdc_device.c.obj
                0x10006368                cdcd_reset
 .text.cdcd_open
                0x100063ac       0xc4 CMakeFiles/blink.dir/C_/VSARM/sdk/pico/pico-sdk/lib/tinyusb/src/class/cdc/cdc_device.c.obj
                0x100063ac                cdcd_open
 .text.cdcd_control_xfer_cb
                0x10006470      0x134 CMakeFiles/blink.dir/C_/VSARM/sdk/pico/pico-sdk/lib/tinyusb/src/class/cdc/cdc_device.c.obj
                0x10006470                cdcd_control_xfer_cb
 .text.cdcd_xfer_cb
                0x100065a4      0x130 CMakeFiles/blink.dir/C_/VSARM/sdk/pico/pico-sdk/lib/tinyusb/src/class/cdc/cdc_device.c.obj
                0x100065a4                cdcd_xfer_cb
 .text.tusb_init
                0x100066d4        0xa CMakeFiles/blink.dir/C_/VSARM/sdk/pico/pico-sdk/lib/tinyusb/src/tusb.c.obj
                0x100066d4                tusb_init
 .text.tusb_inited
                0x100066de        0xe CMakeFiles/blink.dir/C_/VSARM/sdk/pico/pico-sdk/lib/tinyusb/src/tusb.c.obj
                0x100066de                tusb_inited
 .text.tu_edpt_claim
                0x100066ec       0x50 CMakeFiles/blink.dir/C_/VSARM/sdk/pico/pico-sdk/lib/tinyusb/src/tusb.c.obj
                0x100066ec                tu_edpt_claim
 .text.tu_edpt_release
                0x1000673c       0x38 CMakeFiles/blink.dir/C_/VSARM/sdk/pico/pico-sdk/lib/tinyusb/src/tusb.c.obj
                0x1000673c                tu_edpt_release
 .text.tu_edpt_validate
                0x10006774       0x78 CMakeFiles/blink.dir/C_/VSARM/sdk/pico/pico-sdk/lib/tinyusb/src/tusb.c.obj
                0x10006774                tu_edpt_validate
 .text.tu_edpt_bind_driver
                0x100067ec       0x26 CMakeFiles/blink.dir/C_/VSARM/sdk/pico/pico-sdk/lib/tinyusb/src/tusb.c.obj
                0x100067ec                tu_edpt_bind_driver
 .text.advance_index
                0x10006812       0x1a CMakeFiles/blink.dir/C_/VSARM/sdk/pico/pico-sdk/lib/tinyusb/src/common/tusb_fifo.c.obj
 .text._tu_fifo_peek
                0x1000682c       0x56 CMakeFiles/blink.dir/C_/VSARM/sdk/pico/pico-sdk/lib/tinyusb/src/common/tusb_fifo.c.obj
 .text._ff_pull_const_addr
                0x10006882       0x4c CMakeFiles/blink.dir/C_/VSARM/sdk/pico/pico-sdk/lib/tinyusb/src/common/tusb_fifo.c.obj
 .text._ff_pull_n
                0x100068ce      0x110 CMakeFiles/blink.dir/C_/VSARM/sdk/pico/pico-sdk/lib/tinyusb/src/common/tusb_fifo.c.obj
 .text._tu_fifo_peek_n
                0x100069de       0x6a CMakeFiles/blink.dir/C_/VSARM/sdk/pico/pico-sdk/lib/tinyusb/src/common/tusb_fifo.c.obj
 .text._tu_fifo_read_n
                0x10006a48       0x4e CMakeFiles/blink.dir/C_/VSARM/sdk/pico/pico-sdk/lib/tinyusb/src/common/tusb_fifo.c.obj
 .text._ff_push_const_addr
                0x10006a96       0x40 CMakeFiles/blink.dir/C_/VSARM/sdk/pico/pico-sdk/lib/tinyusb/src/common/tusb_fifo.c.obj
 .text._ff_push_n
                0x10006ad6      0x10c CMakeFiles/blink.dir/C_/VSARM/sdk/pico/pico-sdk/lib/tinyusb/src/common/tusb_fifo.c.obj
 .text._tu_fifo_write_n
                0x10006be2       0xf0 CMakeFiles/blink.dir/C_/VSARM/sdk/pico/pico-sdk/lib/tinyusb/src/common/tusb_fifo.c.obj
 .text.tu_fifo_config
                0x10006cd2       0x7c CMakeFiles/blink.dir/C_/VSARM/sdk/pico/pico-sdk/lib/tinyusb/src/common/tusb_fifo.c.obj
                0x10006cd2                tu_fifo_config
 .text.tu_fifo_count
                0x10006d4e       0x2a CMakeFiles/blink.dir/C_/VSARM/sdk/pico/pico-sdk/lib/tinyusb/src/common/tusb_fifo.c.obj
                0x10006d4e                tu_fifo_count
 .text.tu_fifo_empty
                0x10006d78        0xe CMakeFiles/blink.dir/C_/VSARM/sdk/pico/pico-sdk/lib/tinyusb/src/common/tusb_fifo.c.obj
                0x10006d78                tu_fifo_empty
 .text.tu_fifo_full
                0x10006d86       0x28 CMakeFiles/blink.dir/C_/VSARM/sdk/pico/pico-sdk/lib/tinyusb/src/common/tusb_fifo.c.obj
                0x10006d86                tu_fifo_full
 .text.tu_fifo_remaining
                0x10006dae       0x2c CMakeFiles/blink.dir/C_/VSARM/sdk/pico/pico-sdk/lib/tinyusb/src/common/tusb_fifo.c.obj
                0x10006dae                tu_fifo_remaining
 .text.tu_fifo_read
                0x10006dda       0x42 CMakeFiles/blink.dir/C_/VSARM/sdk/pico/pico-sdk/lib/tinyusb/src/common/tusb_fifo.c.obj
                0x10006dda                tu_fifo_read
 .text.tu_fifo_read_n
                0x10006e1c        0xa CMakeFiles/blink.dir/C_/VSARM/sdk/pico/pico-sdk/lib/tinyusb/src/common/tusb_fifo.c.obj
                0x10006e1c                tu_fifo_read_n
 .text.tu_fifo_write
                0x10006e26       0x64 CMakeFiles/blink.dir/C_/VSARM/sdk/pico/pico-sdk/lib/tinyusb/src/common/tusb_fifo.c.obj
                0x10006e26                tu_fifo_write
 .text.tu_fifo_write_n
                0x10006e8a        0xa CMakeFiles/blink.dir/C_/VSARM/sdk/pico/pico-sdk/lib/tinyusb/src/common/tusb_fifo.c.obj
                0x10006e8a                tu_fifo_write_n
 .text.tu_fifo_clear
                0x10006e94       0x3e CMakeFiles/blink.dir/C_/VSARM/sdk/pico/pico-sdk/lib/tinyusb/src/common/tusb_fifo.c.obj
                0x10006e94                tu_fifo_clear
 .text.tu_fifo_set_overwritable
                0x10006ed2       0x46 CMakeFiles/blink.dir/C_/VSARM/sdk/pico/pico-sdk/lib/tinyusb/src/common/tusb_fifo.c.obj
                0x10006ed2                tu_fifo_set_overwritable
 .text.strlen   0x10006f18       0x5c c:/vsarm/armcc/125863~1.3re/bin/../lib/gcc/arm-none-eabi/12.3.1/thumb/v6-m/nofp\libg.a(libc_a-strlen-stub.o)
                0x10006f18                strlen
 *(.fini)
 .fini          0x10006f74        0x4 c:/vsarm/armcc/125863~1.3re/bin/../lib/gcc/arm-none-eabi/12.3.1/thumb/v6-m/nofp/crti.o
                0x10006f74                _fini
 .fini.__stub   0x10006f78       0xe0 linker stubs
 *crtbegin.o(.ctors)
 *crtbegin?.o(.ctors)
 *(EXCLUDE_FILE(*crtend.o *crtend?.o) .ctors)
 *(SORT_BY_NAME(.ctors.*))
 *(.ctors)
 *crtbegin.o(.dtors)
 *crtbegin?.o(.dtors)
 *(EXCLUDE_FILE(*crtend.o *crtend?.o) .dtors)
 *(SORT_BY_NAME(.dtors.*))
 *(.dtors)
 *(.eh_frame*)
 .eh_frame      0x10007058        0x0 c:/vsarm/armcc/125863~1.3re/bin/../lib/gcc/arm-none-eabi/12.3.1/thumb/v6-m/nofp/crtbegin.o
                0x10007058                        . = ALIGN (0x4)

.glue_7         0x10007058        0x0
 .glue_7        0x10007058        0x0 linker stubs

.glue_7t        0x10007058        0x0
 .glue_7t       0x10007058        0x0 linker stubs

.vfp11_veneer   0x10007058        0x0
 .vfp11_veneer  0x10007058        0x0 linker stubs

.v4_bx          0x10007058        0x0
 .v4_bx         0x10007058        0x0 linker stubs

.iplt           0x10007058        0x0
 .iplt          0x10007058        0x0 c:/vsarm/armcc/125863~1.3re/bin/../lib/gcc/arm-none-eabi/12.3.1/thumb/v6-m/nofp/crtbegin.o

.rodata         0x10007058     0x15a8
 *(EXCLUDE_FILE(*libm.a: *libc.a:*lib_a-mem*.o *libgcc.a:) .rodata*)
 .rodata.main.str1.4
                0x10007058       0x97 CMakeFiles/blink.dir/main.c.obj
 *fill*         0x100070ef        0x1 
 .rodata.spin_lock_claim_unused.str1.4
                0x100070f0       0x1b CMakeFiles/blink.dir/C_/VSARM/sdk/pico/pico-sdk/src/rp2_common/hardware_sync/sync.c.obj
 *fill*         0x1000710b        0x1 
 .rodata.resolve_branch.str1.4
                0x1000710c       0x55 CMakeFiles/blink.dir/C_/VSARM/sdk/pico/pico-sdk/src/rp2_common/hardware_irq/irq.c.obj
 *fill*         0x10007161        0x3 
 .rodata.make_branch.str1.4
                0x10007164       0x30 CMakeFiles/blink.dir/C_/VSARM/sdk/pico/pico-sdk/src/rp2_common/hardware_irq/irq.c.obj
 .rodata.insert_branch_and_link.str1.4
                0x10007194       0x10 CMakeFiles/blink.dir/C_/VSARM/sdk/pico/pico-sdk/src/rp2_common/hardware_irq/irq.c.obj
 .rodata.irq_set_exclusive_handler.str1.4
                0x100071a4       0x36 CMakeFiles/blink.dir/C_/VSARM/sdk/pico/pico-sdk/src/rp2_common/hardware_irq/irq.c.obj
 *fill*         0x100071da        0x2 
 .rodata.irq_add_shared_handler.str1.4
                0x100071dc       0xc2 CMakeFiles/blink.dir/C_/VSARM/sdk/pico/pico-sdk/src/rp2_common/hardware_irq/irq.c.obj
 *fill*         0x1000729e        0x2 
 .rodata.irq_remove_handler.str1.4
                0x100072a0       0x3a CMakeFiles/blink.dir/C_/VSARM/sdk/pico/pico-sdk/src/rp2_common/hardware_irq/irq.c.obj
 *fill*         0x100072da        0x2 
 .rodata.irq_add_tail_to_free_list.str1.4
                0x100072dc       0x3a CMakeFiles/blink.dir/C_/VSARM/sdk/pico/pico-sdk/src/rp2_common/hardware_irq/irq.c.obj
 *fill*         0x10007316        0x2 
 .rodata.user_irq_claim_unused.str1.4
                0x10007318       0x1b CMakeFiles/blink.dir/C_/VSARM/sdk/pico/pico-sdk/src/rp2_common/hardware_irq/irq.c.obj
 *fill*         0x10007333        0x1 
 .rodata.__func__.0
                0x10007334       0x1a CMakeFiles/blink.dir/C_/VSARM/sdk/pico/pico-sdk/src/rp2_common/hardware_irq/irq.c.obj
 *fill*         0x1000734e        0x2 
 .rodata.__func__.1
                0x10007350       0x17 CMakeFiles/blink.dir/C_/VSARM/sdk/pico/pico-sdk/src/rp2_common/hardware_irq/irq.c.obj
 *fill*         0x10007367        0x1 
 .rodata.__func__.2
                0x10007368       0x13 CMakeFiles/blink.dir/C_/VSARM/sdk/pico/pico-sdk/src/rp2_common/hardware_irq/irq.c.obj
 *fill*         0x1000737b        0x1 
 .rodata.__func__.3
                0x1000737c        0xc CMakeFiles/blink.dir/C_/VSARM/sdk/pico/pico-sdk/src/rp2_common/hardware_irq/irq.c.obj
 .rodata.__func__.4
                0x10007388        0xf CMakeFiles/blink.dir/C_/VSARM/sdk/pico/pico-sdk/src/rp2_common/hardware_irq/irq.c.obj
 *fill*         0x10007397        0x1 
 .rodata.__func__.5
                0x10007398       0x17 CMakeFiles/blink.dir/C_/VSARM/sdk/pico/pico-sdk/src/rp2_common/hardware_irq/irq.c.obj
 *fill*         0x100073af        0x1 
 .rodata.__func__.6
                0x100073b0       0x1a CMakeFiles/blink.dir/C_/VSARM/sdk/pico/pico-sdk/src/rp2_common/hardware_irq/irq.c.obj
 *fill*         0x100073ca        0x2 
 .rodata.update_us_since_boot.str1.4
                0x100073cc       0x61 CMakeFiles/blink.dir/C_/VSARM/sdk/pico/pico-sdk/src/common/pico_sync/mutex.c.obj
 *fill*         0x1000742d        0x3 
 .rodata.str1.4
                0x10007430       0x89 CMakeFiles/blink.dir/C_/VSARM/sdk/pico/pico-sdk/src/common/pico_sync/mutex.c.obj
 *fill*         0x100074b9        0x3 
 .rodata.__func__.1
                0x100074bc        0xb CMakeFiles/blink.dir/C_/VSARM/sdk/pico/pico-sdk/src/common/pico_sync/mutex.c.obj
 *fill*         0x100074c7        0x1 
 .rodata.__func__.3
                0x100074c8       0x18 CMakeFiles/blink.dir/C_/VSARM/sdk/pico/pico-sdk/src/common/pico_sync/mutex.c.obj
 .rodata.__func__.4
                0x100074e0       0x15 CMakeFiles/blink.dir/C_/VSARM/sdk/pico/pico-sdk/src/common/pico_sync/mutex.c.obj
 *fill*         0x100074f5        0x3 
 .rodata.get_entry.str1.4
                0x100074f8       0x5b CMakeFiles/blink.dir/C_/VSARM/sdk/pico/pico-sdk/src/common/pico_time/time.c.obj
 .rodata.update_us_since_boot.str1.4
                0x10007553       0x61 CMakeFiles/blink.dir/C_/VSARM/sdk/pico/pico-sdk/src/common/pico_time/time.c.obj
 *fill*         0x10007553        0x1 
 .rodata.ph_get_node.str1.4
                0x10007554       0x66 CMakeFiles/blink.dir/C_/VSARM/sdk/pico/pico-sdk/src/common/pico_time/time.c.obj
 *fill*         0x100075ba        0x2 
 .rodata.ph_add_child_node.str1.4
                0x100075bc       0x2e CMakeFiles/blink.dir/C_/VSARM/sdk/pico/pico-sdk/src/common/pico_time/time.c.obj
 *fill*         0x100075ea        0x2 
 .rodata.ph_insert_node.str1.4
                0x100075ec        0x3 CMakeFiles/blink.dir/C_/VSARM/sdk/pico/pico-sdk/src/common/pico_time/time.c.obj
 *fill*         0x100075ef        0x1 
 .rodata.ph_free_node.str1.4
                0x100075f0       0x38 CMakeFiles/blink.dir/C_/VSARM/sdk/pico/pico-sdk/src/common/pico_time/time.c.obj
 .rodata.add_alarm_under_lock.str1.4
                0x10007628       0x28 CMakeFiles/blink.dir/C_/VSARM/sdk/pico/pico-sdk/src/common/pico_time/time.c.obj
 .rodata.alarm_pool_alarm_callback.str1.4
                0x10007650       0x60 CMakeFiles/blink.dir/C_/VSARM/sdk/pico/pico-sdk/src/common/pico_time/time.c.obj
 .rodata.alarm_pool_get_default.str1.4
                0x100076b0       0x21 CMakeFiles/blink.dir/C_/VSARM/sdk/pico/pico-sdk/src/common/pico_time/time.c.obj
 *fill*         0x100076d1        0x3 
 .rodata.alarm_pool_cancel_alarm.str1.4
                0x100076d4       0x27 CMakeFiles/blink.dir/C_/VSARM/sdk/pico/pico-sdk/src/common/pico_time/time.c.obj
 *fill*         0x100076fb        0x1 
 .rodata.sleep_until.str1.4
                0x100076fc       0x4d CMakeFiles/blink.dir/C_/VSARM/sdk/pico/pico-sdk/src/common/pico_time/time.c.obj
 *fill*         0x10007749        0x3 
 .rodata.__func__.1
                0x1000774c       0x18 CMakeFiles/blink.dir/C_/VSARM/sdk/pico/pico-sdk/src/common/pico_time/time.c.obj
 .rodata.__func__.3
                0x10007764       0x17 CMakeFiles/blink.dir/C_/VSARM/sdk/pico/pico-sdk/src/common/pico_time/time.c.obj
 *fill*         0x1000777b        0x1 
 .rodata.__func__.4
                0x1000777c       0x12 CMakeFiles/blink.dir/C_/VSARM/sdk/pico/pico-sdk/src/common/pico_time/time.c.obj
 *fill*         0x1000778e        0x2 
 .rodata.__func__.5
                0x10007790        0xd CMakeFiles/blink.dir/C_/VSARM/sdk/pico/pico-sdk/src/common/pico_time/time.c.obj
 *fill*         0x1000779d        0x3 
 .rodata.__func__.6
                0x100077a0       0x12 CMakeFiles/blink.dir/C_/VSARM/sdk/pico/pico-sdk/src/common/pico_time/time.c.obj
 *fill*         0x100077b2        0x2 
 .rodata.__func__.7
                0x100077b4        0xf CMakeFiles/blink.dir/C_/VSARM/sdk/pico/pico-sdk/src/common/pico_time/time.c.obj
 *fill*         0x100077c3        0x1 
 .rodata.__func__.8
                0x100077c4        0xc CMakeFiles/blink.dir/C_/VSARM/sdk/pico/pico-sdk/src/common/pico_time/time.c.obj
 .rodata.__func__.9
                0x100077d0       0x15 CMakeFiles/blink.dir/C_/VSARM/sdk/pico/pico-sdk/src/common/pico_time/time.c.obj
 *fill*         0x100077e5        0x3 
 .rodata.__func__.10
                0x100077e8       0x15 CMakeFiles/blink.dir/C_/VSARM/sdk/pico/pico-sdk/src/common/pico_time/time.c.obj
 *fill*         0x100077fd        0x3 
 .rodata.__func__.11
                0x10007800       0x1a CMakeFiles/blink.dir/C_/VSARM/sdk/pico/pico-sdk/src/common/pico_time/time.c.obj
 *fill*         0x1000781a        0x2 
 .rodata.__func__.12
                0x1000781c        0xa CMakeFiles/blink.dir/C_/VSARM/sdk/pico/pico-sdk/src/common/pico_time/time.c.obj
 .rodata.update_us_since_boot.str1.4
                0x10007826       0x61 CMakeFiles/blink.dir/C_/VSARM/sdk/pico/pico-sdk/src/rp2_common/hardware_timer/timer.c.obj
 *fill*         0x10007826        0x2 
 .rodata.hardware_alarm_claim.str1.4
                0x10007828       0x22 CMakeFiles/blink.dir/C_/VSARM/sdk/pico/pico-sdk/src/rp2_common/hardware_timer/timer.c.obj
 *fill*         0x1000784a        0x2 
 .rodata.hardware_alarm_set_target.str1.4
                0x1000784c       0x65 CMakeFiles/blink.dir/C_/VSARM/sdk/pico/pico-sdk/src/rp2_common/hardware_timer/timer.c.obj
 *fill*         0x100078b1        0x3 
 .rodata.__func__.0
                0x100078b4       0x1a CMakeFiles/blink.dir/C_/VSARM/sdk/pico/pico-sdk/src/rp2_common/hardware_timer/timer.c.obj
 *fill*         0x100078ce        0x2 
 .rodata.__func__.1
                0x100078d0       0x15 CMakeFiles/blink.dir/C_/VSARM/sdk/pico/pico-sdk/src/rp2_common/hardware_timer/timer.c.obj
 .rodata.ph_get_node.str1.4
                0x100078e5       0x66 CMakeFiles/blink.dir/C_/VSARM/sdk/pico/pico-sdk/src/common/pico_util/pheap.c.obj
 .rodata.ph_add_child_node.str1.4
                0x100078e5       0x2e CMakeFiles/blink.dir/C_/VSARM/sdk/pico/pico-sdk/src/common/pico_util/pheap.c.obj
 *fill*         0x100078e5        0x3 
 .rodata.ph_remove_any_head.str1.4
                0x100078e8       0x8c CMakeFiles/blink.dir/C_/VSARM/sdk/pico/pico-sdk/src/common/pico_util/pheap.c.obj
                                 0xa0 (size before relaxing)
 .rodata.ph_remove_and_free_node.str1.4
                0x10007974       0x1e CMakeFiles/blink.dir/C_/VSARM/sdk/pico/pico-sdk/src/common/pico_util/pheap.c.obj
                                 0x26 (size before relaxing)
 *fill*         0x10007992        0x2 
 .rodata.__func__.0
                0x10007994       0x18 CMakeFiles/blink.dir/C_/VSARM/sdk/pico/pico-sdk/src/common/pico_util/pheap.c.obj
 .rodata.__func__.1
                0x100079ac       0x13 CMakeFiles/blink.dir/C_/VSARM/sdk/pico/pico-sdk/src/common/pico_util/pheap.c.obj
 *fill*         0x100079bf        0x1 
 .rodata.__func__.2
                0x100079c0       0x12 CMakeFiles/blink.dir/C_/VSARM/sdk/pico/pico-sdk/src/common/pico_util/pheap.c.obj
 *fill*         0x100079d2        0x2 
 .rodata.__func__.3
                0x100079d4        0xc CMakeFiles/blink.dir/C_/VSARM/sdk/pico/pico-sdk/src/common/pico_util/pheap.c.obj
 .rodata.clock_configure.str1.4
                0x100079e0       0x57 CMakeFiles/blink.dir/C_/VSARM/sdk/pico/pico-sdk/src/rp2_common/hardware_clocks/clocks.c.obj
 *fill*         0x10007a37        0x1 
 .rodata.__func__.1
                0x10007a38       0x10 CMakeFiles/blink.dir/C_/VSARM/sdk/pico/pico-sdk/src/rp2_common/hardware_clocks/clocks.c.obj
 .rodata.pll_init.str1.4
                0x10007a48      0x124 CMakeFiles/blink.dir/C_/VSARM/sdk/pico/pico-sdk/src/rp2_common/hardware_pll/pll.c.obj
 .rodata.__func__.0
                0x10007b6c        0x9 CMakeFiles/blink.dir/C_/VSARM/sdk/pico/pico-sdk/src/rp2_common/hardware_pll/pll.c.obj
 *fill*         0x10007b75        0x3 
 .rodata.__assert_func.str1.4
                0x10007b78       0x3f CMakeFiles/blink.dir/C_/VSARM/sdk/pico/pico-sdk/src/rp2_common/pico_runtime/runtime.c.obj
                                 0x43 (size before relaxing)
 *fill*         0x10007bb7        0x1 
 .rodata.runtime_init.str1.4
                0x10007bb8       0x61 CMakeFiles/blink.dir/C_/VSARM/sdk/pico/pico-sdk/src/rp2_common/pico_runtime/runtime.c.obj
 *fill*         0x10007c19        0x3 
 .rodata.panic.str1.4
                0x10007c1c       0x10 CMakeFiles/blink.dir/C_/VSARM/sdk/pico/pico-sdk/src/rp2_common/pico_runtime/runtime.c.obj
                                 0x12 (size before relaxing)
 .rodata.__func__.2
                0x10007c2c        0xd CMakeFiles/blink.dir/C_/VSARM/sdk/pico/pico-sdk/src/rp2_common/pico_runtime/runtime.c.obj
 *fill*         0x10007c39        0x3 
 .rodata._ftoa.str1.4
                0x10007c3c       0x15 CMakeFiles/blink.dir/C_/VSARM/sdk/pico/pico-sdk/src/rp2_common/pico_printf/printf.c.obj
 *fill*         0x10007c51        0x3 
 .rodata._vsnprintf
                0x10007c54      0x19c CMakeFiles/blink.dir/C_/VSARM/sdk/pico/pico-sdk/src/rp2_common/pico_printf/printf.c.obj
 .rodata.pow10.0
                0x10007df0       0x50 CMakeFiles/blink.dir/C_/VSARM/sdk/pico/pico-sdk/src/rp2_common/pico_printf/printf.c.obj
 .rodata.__aeabi_double_init.str1.4
                0x10007e40       0x9c CMakeFiles/blink.dir/C_/VSARM/sdk/pico/pico-sdk/src/rp2_common/pico_double/double_init_rom.c.obj
 .rodata.__func__.0
                0x10007edc       0x14 CMakeFiles/blink.dir/C_/VSARM/sdk/pico/pico-sdk/src/rp2_common/pico_double/double_init_rom.c.obj
 .rodata.__aeabi_float_init.str1.4
                0x10007ef0       0x7a CMakeFiles/blink.dir/C_/VSARM/sdk/pico/pico-sdk/src/rp2_common/pico_float/float_init_rom.c.obj
                                 0x7e (size before relaxing)
 *fill*         0x10007f6a        0x2 
 .rodata.__func__.0
                0x10007f6c       0x13 CMakeFiles/blink.dir/C_/VSARM/sdk/pico/pico-sdk/src/rp2_common/pico_float/float_init_rom.c.obj
 *fill*         0x10007f7f        0x1 
 .rodata.str1.4
                0x10007f80       0x3c CMakeFiles/blink.dir/C_/VSARM/sdk/pico/pico-sdk/src/rp2_common/pico_standard_link/binary_info.c.obj
 .rodata.__bi_81
                0x10007fbc        0xc CMakeFiles/blink.dir/C_/VSARM/sdk/pico/pico-sdk/src/rp2_common/pico_standard_link/binary_info.c.obj
 .rodata.__bi_75
                0x10007fc8        0xc CMakeFiles/blink.dir/C_/VSARM/sdk/pico/pico-sdk/src/rp2_common/pico_standard_link/binary_info.c.obj
 .rodata.__bi_44
                0x10007fd4        0xc CMakeFiles/blink.dir/C_/VSARM/sdk/pico/pico-sdk/src/rp2_common/pico_standard_link/binary_info.c.obj
 .rodata.update_us_since_boot.str1.4
                0x10007fe0       0x61 CMakeFiles/blink.dir/C_/VSARM/sdk/pico/pico-sdk/src/rp2_common/pico_stdio/stdio.c.obj
 .rodata.crlf_str.2
                0x10007fe0        0x2 CMakeFiles/blink.dir/C_/VSARM/sdk/pico/pico-sdk/src/rp2_common/pico_stdio/stdio.c.obj
 *fill*         0x10007fe2        0x2 
 .rodata.__func__.3
                0x10007fe4       0x15 CMakeFiles/blink.dir/C_/VSARM/sdk/pico/pico-sdk/src/rp2_common/pico_stdio/stdio.c.obj
 *fill*         0x10007ff9        0x3 
 .rodata._resetd_driver
                0x10007ffc       0x18 CMakeFiles/blink.dir/C_/VSARM/sdk/pico/pico-sdk/src/rp2_common/pico_stdio_usb/reset_interface.c.obj
 .rodata.update_us_since_boot.str1.4
                0x10008014       0x61 CMakeFiles/blink.dir/C_/VSARM/sdk/pico/pico-sdk/src/rp2_common/pico_stdio_usb/stdio_usb.c.obj
 .rodata.stdio_usb_init.str1.4
                0x10008014       0x45 CMakeFiles/blink.dir/C_/VSARM/sdk/pico/pico-sdk/src/rp2_common/pico_stdio_usb/stdio_usb.c.obj
                                 0x4d (size before relaxing)
 *fill*         0x10008059        0x3 
 .rodata.str1.4
                0x1000805c       0x13 CMakeFiles/blink.dir/C_/VSARM/sdk/pico/pico-sdk/src/rp2_common/pico_stdio_usb/stdio_usb.c.obj
 *fill*         0x1000806f        0x1 
 .rodata.__bi_182.0
                0x10008070        0xc CMakeFiles/blink.dir/C_/VSARM/sdk/pico/pico-sdk/src/rp2_common/pico_stdio_usb/stdio_usb.c.obj
 .rodata.__func__.1
                0x1000807c        0xf CMakeFiles/blink.dir/C_/VSARM/sdk/pico/pico-sdk/src/rp2_common/pico_stdio_usb/stdio_usb.c.obj
 *fill*         0x1000808b        0x1 
 .rodata.__func__.3
                0x1000808c       0x15 CMakeFiles/blink.dir/C_/VSARM/sdk/pico/pico-sdk/src/rp2_common/pico_stdio_usb/stdio_usb.c.obj
 *fill*         0x100080a1        0x3 
 .rodata.str1.4
                0x100080a4       0x2a CMakeFiles/blink.dir/C_/VSARM/sdk/pico/pico-sdk/src/rp2_common/pico_stdio_usb/stdio_usb_descriptors.c.obj
 *fill*         0x100080ce        0x2 
 .rodata.usbd_desc_str
                0x100080d0       0x18 CMakeFiles/blink.dir/C_/VSARM/sdk/pico/pico-sdk/src/rp2_common/pico_stdio_usb/stdio_usb_descriptors.c.obj
 .rodata.usbd_desc_cfg
                0x100080e8       0x54 CMakeFiles/blink.dir/C_/VSARM/sdk/pico/pico-sdk/src/rp2_common/pico_stdio_usb/stdio_usb_descriptors.c.obj
 .rodata.usbd_desc_device
                0x1000813c       0x12 CMakeFiles/blink.dir/C_/VSARM/sdk/pico/pico-sdk/src/rp2_common/pico_stdio_usb/stdio_usb_descriptors.c.obj
 *fill*         0x1000814e        0x2 
 .rodata.pico_get_unique_board_id_string.str1.4
                0x10008150       0x4d CMakeFiles/blink.dir/C_/VSARM/sdk/pico/pico-sdk/src/rp2_common/pico_unique_id/unique_id.c.obj
 *fill*         0x1000819d        0x3 
 .rodata.__func__.0
                0x100081a0       0x20 CMakeFiles/blink.dir/C_/VSARM/sdk/pico/pico-sdk/src/rp2_common/pico_unique_id/unique_id.c.obj
 .rodata.str1.4
                0x100081c0      0x15a CMakeFiles/blink.dir/C_/VSARM/sdk/pico/pico-sdk/src/rp2_common/hardware_flash/flash.c.obj
 *fill*         0x1000831a        0x2 
 .rodata.__func__.0
                0x1000831c        0xd CMakeFiles/blink.dir/C_/VSARM/sdk/pico/pico-sdk/src/rp2_common/hardware_flash/flash.c.obj
 *fill*         0x10008329        0x3 
 .rodata._hw_endpoint_alloc.str1.4
                0x1000832c       0xb5 CMakeFiles/blink.dir/C_/VSARM/sdk/pico/pico-sdk/lib/tinyusb/src/portable/raspberrypi/rp2040/dcd_rp2040.c.obj
 *fill*         0x100083e1        0x3 
 .rodata.str1.4
                0x100083e4       0x14 CMakeFiles/blink.dir/C_/VSARM/sdk/pico/pico-sdk/lib/tinyusb/src/portable/raspberrypi/rp2040/dcd_rp2040.c.obj
 .rodata.dcd_int_enable.str1.4
                0x100083f8        0xc CMakeFiles/blink.dir/C_/VSARM/sdk/pico/pico-sdk/lib/tinyusb/src/portable/raspberrypi/rp2040/dcd_rp2040.c.obj
 .rodata.__func__.0
                0x10008404        0xe CMakeFiles/blink.dir/C_/VSARM/sdk/pico/pico-sdk/lib/tinyusb/src/portable/raspberrypi/rp2040/dcd_rp2040.c.obj
 *fill*         0x10008412        0x2 
 .rodata.__func__.1
                0x10008414        0xe CMakeFiles/blink.dir/C_/VSARM/sdk/pico/pico-sdk/lib/tinyusb/src/portable/raspberrypi/rp2040/dcd_rp2040.c.obj
 *fill*         0x10008422        0x2 
 .rodata.__func__.3
                0x10008424       0x10 CMakeFiles/blink.dir/C_/VSARM/sdk/pico/pico-sdk/lib/tinyusb/src/portable/raspberrypi/rp2040/dcd_rp2040.c.obj
 .rodata.__func__.5
                0x10008434        0xf CMakeFiles/blink.dir/C_/VSARM/sdk/pico/pico-sdk/lib/tinyusb/src/portable/raspberrypi/rp2040/dcd_rp2040.c.obj
 *fill*         0x10008443        0x1 
 .rodata.__func__.6
                0x10008444       0x13 CMakeFiles/blink.dir/C_/VSARM/sdk/pico/pico-sdk/lib/tinyusb/src/portable/raspberrypi/rp2040/dcd_rp2040.c.obj
 *fill*         0x10008457        0x1 
 .rodata.__func__.7
                0x10008458        0x9 CMakeFiles/blink.dir/C_/VSARM/sdk/pico/pico-sdk/lib/tinyusb/src/portable/raspberrypi/rp2040/dcd_rp2040.c.obj
 *fill*         0x10008461        0x3 
 .rodata.str1.4
                0x10008464       0xe7 CMakeFiles/blink.dir/C_/VSARM/sdk/pico/pico-sdk/lib/tinyusb/src/portable/raspberrypi/rp2040/rp2040_usb.c.obj
 *fill*         0x1000854b        0x1 
 .rodata.__func__.0
                0x1000854c        0xf CMakeFiles/blink.dir/C_/VSARM/sdk/pico/pico-sdk/lib/tinyusb/src/portable/raspberrypi/rp2040/rp2040_usb.c.obj
 *fill*         0x1000855b        0x1 
 .rodata.process_get_descriptor
                0x1000855c       0x40 CMakeFiles/blink.dir/C_/VSARM/sdk/pico/pico-sdk/lib/tinyusb/src/device/usbd.c.obj
 .rodata.process_control_request
                0x1000859c       0x28 CMakeFiles/blink.dir/C_/VSARM/sdk/pico/pico-sdk/lib/tinyusb/src/device/usbd.c.obj
 .rodata.tud_task_ext
                0x100085c4       0x24 CMakeFiles/blink.dir/C_/VSARM/sdk/pico/pico-sdk/lib/tinyusb/src/device/usbd.c.obj
 .rodata._usbd_driver
                0x100085e8       0x18 CMakeFiles/blink.dir/C_/VSARM/sdk/pico/pico-sdk/lib/tinyusb/src/device/usbd.c.obj
                0x10008600                        . = ALIGN (0x4)
 *(SORT_BY_ALIGNMENT(SORT_BY_NAME(.flashdata*)))
                0x10008600                        . = ALIGN (0x4)

.ARM.extab
 *(.ARM.extab* .gnu.linkonce.armextab.*)
                0x10008600                        __exidx_start = .

.ARM.exidx
 *(.ARM.exidx* .gnu.linkonce.armexidx.*)
                0x10008600                        __exidx_end = .
                0x10008600                        . = ALIGN (0x4)
                0x10008600                        __binary_info_start = .

.binary_info    0x10008600       0x20
 *(.binary_info.keep.*)
 .binary_info.keep.__bi_ptr81
                0x10008600        0x4 CMakeFiles/blink.dir/C_/VSARM/sdk/pico/pico-sdk/src/rp2_common/pico_standard_link/binary_info.c.obj
 .binary_info.keep.__bi_ptr75
                0x10008604        0x4 CMakeFiles/blink.dir/C_/VSARM/sdk/pico/pico-sdk/src/rp2_common/pico_standard_link/binary_info.c.obj
 .binary_info.keep.__bi_ptr50
                0x10008608        0x4 CMakeFiles/blink.dir/C_/VSARM/sdk/pico/pico-sdk/src/rp2_common/pico_standard_link/binary_info.c.obj
 .binary_info.keep.__bi_ptr44
                0x1000860c        0x4 CMakeFiles/blink.dir/C_/VSARM/sdk/pico/pico-sdk/src/rp2_common/pico_standard_link/binary_info.c.obj
 .binary_info.keep.__bi_ptr38
                0x10008610        0x4 CMakeFiles/blink.dir/C_/VSARM/sdk/pico/pico-sdk/src/rp2_common/pico_standard_link/binary_info.c.obj
 .binary_info.keep.__bi_ptr30
                0x10008614        0x4 CMakeFiles/blink.dir/C_/VSARM/sdk/pico/pico-sdk/src/rp2_common/pico_standard_link/binary_info.c.obj
 .binary_info.keep.__bi_ptr22
                0x10008618        0x4 CMakeFiles/blink.dir/C_/VSARM/sdk/pico/pico-sdk/src/rp2_common/pico_standard_link/binary_info.c.obj
 *(.binary_info.*)
 .binary_info.__bi_ptr182
                0x1000861c        0x4 CMakeFiles/blink.dir/C_/VSARM/sdk/pico/pico-sdk/src/rp2_common/pico_stdio_usb/stdio_usb.c.obj
                0x10008620                        __binary_info_end = .

.rel.dyn        0x10008620        0x0
 .rel.iplt      0x10008620        0x0 c:/vsarm/armcc/125863~1.3re/bin/../lib/gcc/arm-none-eabi/12.3.1/thumb/v6-m/nofp/crtbegin.o
                0x10008620                        . = ALIGN (0x4)

.ram_vector_table
                0x20000000       0xc0
 *(.ram_vector_table)
 .ram_vector_table
                0x20000000       0xc0 CMakeFiles/blink.dir/C_/VSARM/sdk/pico/pico-sdk/src/rp2_common/pico_runtime/runtime.c.obj
                0x20000000                ram_vector_table

.data           0x200000c0      0xb30 load address 0x10008620
                0x200000c0                        __data_start__ = .
 *(vtable)
 *(.time_critical*)
 .time_critical.mutex_try_enter
                0x200000c0       0x46 CMakeFiles/blink.dir/C_/VSARM/sdk/pico/pico-sdk/src/common/pico_sync/mutex.c.obj
                0x200000c0                mutex_try_enter
 *fill*         0x20000106        0x2 
 .time_critical.mutex_enter_block_until
                0x20000108       0x8c CMakeFiles/blink.dir/C_/VSARM/sdk/pico/pico-sdk/src/common/pico_sync/mutex.c.obj
                0x20000108                mutex_enter_block_until
 .time_critical.mutex_try_enter_block_until
                0x20000194       0x34 CMakeFiles/blink.dir/C_/VSARM/sdk/pico/pico-sdk/src/common/pico_sync/mutex.c.obj
                0x20000194                mutex_try_enter_block_until
 .time_critical.mutex_enter_timeout_ms
                0x200001c8       0x1a CMakeFiles/blink.dir/C_/VSARM/sdk/pico/pico-sdk/src/common/pico_sync/mutex.c.obj
                0x200001c8                mutex_enter_timeout_ms
 *fill*         0x200001e2        0x2 
 .time_critical.mutex_exit
                0x200001e4       0x4c CMakeFiles/blink.dir/C_/VSARM/sdk/pico/pico-sdk/src/common/pico_sync/mutex.c.obj
                0x200001e4                mutex_exit
 .time_critical.flash_init_boot2_copyout
                0x20000230       0x30 CMakeFiles/blink.dir/C_/VSARM/sdk/pico/pico-sdk/src/rp2_common/hardware_flash/flash.c.obj
 .time_critical.flash_enable_xip_via_boot2
                0x20000260        0xc CMakeFiles/blink.dir/C_/VSARM/sdk/pico/pico-sdk/src/rp2_common/hardware_flash/flash.c.obj
 .time_critical.flash_cs_force
                0x2000026c       0x28 CMakeFiles/blink.dir/C_/VSARM/sdk/pico/pico-sdk/src/rp2_common/hardware_flash/flash.c.obj
 .time_critical.flash_do_cmd
                0x20000294       0xd8 CMakeFiles/blink.dir/C_/VSARM/sdk/pico/pico-sdk/src/rp2_common/hardware_flash/flash.c.obj
                0x20000294                flash_do_cmd
 .time_critical.reset_non_control_endpoints
                0x2000036c       0x40 CMakeFiles/blink.dir/C_/VSARM/sdk/pico/pico-sdk/lib/tinyusb/src/portable/raspberrypi/rp2040/dcd_rp2040.c.obj
 .time_critical.hw_handle_buff_status
                0x200003ac       0xa4 CMakeFiles/blink.dir/C_/VSARM/sdk/pico/pico-sdk/lib/tinyusb/src/portable/raspberrypi/rp2040/dcd_rp2040.c.obj
 .time_critical.dcd_rp2040_irq
                0x20000450      0x1b8 CMakeFiles/blink.dir/C_/VSARM/sdk/pico/pico-sdk/lib/tinyusb/src/portable/raspberrypi/rp2040/dcd_rp2040.c.obj
 .time_critical.e15_is_bulkin_ep
                0x20000608       0x2c CMakeFiles/blink.dir/C_/VSARM/sdk/pico/pico-sdk/lib/tinyusb/src/portable/raspberrypi/rp2040/rp2040_usb.c.obj
 .time_critical.e15_is_critical_frame_period
                0x20000634       0x30 CMakeFiles/blink.dir/C_/VSARM/sdk/pico/pico-sdk/lib/tinyusb/src/portable/raspberrypi/rp2040/rp2040_usb.c.obj
 .time_critical.prepare_ep_buffer
                0x20000664       0x6c CMakeFiles/blink.dir/C_/VSARM/sdk/pico/pico-sdk/lib/tinyusb/src/portable/raspberrypi/rp2040/rp2040_usb.c.obj
 .time_critical.sync_ep_buffer
                0x200006d0       0x7c CMakeFiles/blink.dir/C_/VSARM/sdk/pico/pico-sdk/lib/tinyusb/src/portable/raspberrypi/rp2040/rp2040_usb.c.obj
 .time_critical._hw_endpoint_xfer_sync
                0x2000074c       0x28 CMakeFiles/blink.dir/C_/VSARM/sdk/pico/pico-sdk/lib/tinyusb/src/portable/raspberrypi/rp2040/rp2040_usb.c.obj
 .time_critical.hw_endpoint_reset_transfer
                0x20000774        0xc CMakeFiles/blink.dir/C_/VSARM/sdk/pico/pico-sdk/lib/tinyusb/src/portable/raspberrypi/rp2040/rp2040_usb.c.obj
                0x20000774                hw_endpoint_reset_transfer
 .time_critical._hw_endpoint_buffer_control_update32
                0x20000780       0x58 CMakeFiles/blink.dir/C_/VSARM/sdk/pico/pico-sdk/lib/tinyusb/src/portable/raspberrypi/rp2040/rp2040_usb.c.obj
                0x20000780                _hw_endpoint_buffer_control_update32
 .time_critical.hw_endpoint_start_next_buffer
                0x200007d8       0x7c CMakeFiles/blink.dir/C_/VSARM/sdk/pico/pico-sdk/lib/tinyusb/src/portable/raspberrypi/rp2040/rp2040_usb.c.obj
                0x200007d8                hw_endpoint_start_next_buffer
 .time_critical.hw_endpoint_xfer_continue
                0x20000854       0x50 CMakeFiles/blink.dir/C_/VSARM/sdk/pico/pico-sdk/lib/tinyusb/src/portable/raspberrypi/rp2040/rp2040_usb.c.obj
                0x20000854                hw_endpoint_xfer_continue
 .time_critical.tinyusb
                0x200008a4      0x1ac CMakeFiles/blink.dir/C_/VSARM/sdk/pico/pico-sdk/lib/tinyusb/src/device/usbd.c.obj
                0x200008a4                dcd_event_handler
 *(.text*)
 .text          0x20000a50        0x4 c:/vsarm/armcc/125863~1.3re/bin/../lib/gcc/arm-none-eabi/12.3.1/thumb/v6-m/nofp\libgcc.a(_dvmd_tls.o)
                0x20000a50                __aeabi_idiv0
                0x20000a50                __aeabi_ldiv0
 *fill*         0x20000a54        0x4 
 .text.__stub   0x20000a58       0xa0 linker stubs
                0x20000af8                        . = ALIGN (0x4)
 *(.rodata*)
                0x20000af8                        . = ALIGN (0x4)
 *(.data*)
 .data.striped_spin_lock_num
                0x20000af8        0x1 CMakeFiles/blink.dir/C_/VSARM/sdk/pico/pico-sdk/src/rp2_common/hardware_sync/sync.c.obj
 *fill*         0x20000af9        0x3 
 .data          0x20000afc       0x48 CMakeFiles/blink.dir/C_/VSARM/sdk/pico/pico-sdk/src/rp2_common/hardware_irq/irq_handler_chain.S.obj
                0x20000afc                irq_handler_chain_slots
                0x20000b2c                irq_handler_chain_first_slot
                0x20000b36                irq_handler_chain_remove_tail
 .data.default_alarm_pool
                0x20000b44       0x18 CMakeFiles/blink.dir/C_/VSARM/sdk/pico/pico-sdk/src/common/pico_time/time.c.obj
 .data.default_alarm_pool_heap
                0x20000b5c       0x10 CMakeFiles/blink.dir/C_/VSARM/sdk/pico/pico-sdk/src/common/pico_time/time.c.obj
 *fill*         0x20000b6c        0x4 
 .data.aeabi_bits_funcs
                0x20000b70       0x10 CMakeFiles/blink.dir/C_/VSARM/sdk/pico/pico-sdk/src/rp2_common/pico_bit_ops/bit_ops_aeabi.S.obj
                0x20000b70                aeabi_bits_funcs
                0x20000b80                aeabi_bits_funcs_end
 .data.aeabi_mem_funcs
                0x20000b80       0x10 CMakeFiles/blink.dir/C_/VSARM/sdk/pico/pico-sdk/src/rp2_common/pico_mem_ops/mem_ops_aeabi.S.obj
                0x20000b80                aeabi_mem_funcs
                0x20000b90                aeabi_mem_funcs_end
 .data.stdio_usb
                0x20000b90       0x18 CMakeFiles/blink.dir/C_/VSARM/sdk/pico/pico-sdk/src/rp2_common/pico_stdio_usb/stdio_usb.c.obj
                0x20000b90                stdio_usb
 .data.ep_dir_string
                0x20000ba8        0x8 CMakeFiles/blink.dir/C_/VSARM/sdk/pico/pico-sdk/lib/tinyusb/src/portable/raspberrypi/rp2040/rp2040_usb.c.obj
                0x20000ba8                ep_dir_string
 .data._usbd_qdef
                0x20000bb0       0x1c CMakeFiles/blink.dir/C_/VSARM/sdk/pico/pico-sdk/lib/tinyusb/src/device/usbd.c.obj
                0x20000bb0                _usbd_qdef
 .data._usbd_rhport
                0x20000bcc        0x1 CMakeFiles/blink.dir/C_/VSARM/sdk/pico/pico-sdk/lib/tinyusb/src/device/usbd.c.obj
                0x20000bd0                        . = ALIGN (0x4)
 *fill*         0x20000bcd        0x3 
 *(.after_data.*)
                0x20000bd0                        . = ALIGN (0x4)
                0x20000bd0                        PROVIDE (__mutex_array_start = .)
 *(SORT_BY_NAME(.mutex_array.*))
 *(.mutex_array)
 .mutex_array   0x20000bd0        0x8 CMakeFiles/blink.dir/C_/VSARM/sdk/pico/pico-sdk/src/rp2_common/pico_stdio/stdio.c.obj
                0x20000bd8                        PROVIDE (__mutex_array_end = .)
                0x20000bd8                        . = ALIGN (0x4)
                0x20000bd8                        PROVIDE (__preinit_array_start = .)
 *(SORT_BY_NAME(.preinit_array.*))
 .preinit_array.00001
                0x20000bd8        0x4 CMakeFiles/blink.dir/C_/VSARM/sdk/pico/pico-sdk/src/rp2_common/pico_mem_ops/mem_ops_aeabi.S.obj
 .preinit_array.00010
                0x20000bdc        0x4 CMakeFiles/blink.dir/C_/VSARM/sdk/pico/pico-sdk/src/rp2_common/pico_bit_ops/bit_ops_aeabi.S.obj
 .preinit_array.00020
                0x20000be0        0x4 CMakeFiles/blink.dir/C_/VSARM/sdk/pico/pico-sdk/src/rp2_common/pico_double/double_aeabi.S.obj
 .preinit_array.00020
                0x20000be4        0x4 CMakeFiles/blink.dir/C_/VSARM/sdk/pico/pico-sdk/src/rp2_common/pico_float/float_aeabi.S.obj
 *(.preinit_array)
                0x20000be8                        PROVIDE (__preinit_array_end = .)
                0x20000be8                        . = ALIGN (0x4)
                0x20000be8                        PROVIDE (__init_array_start = .)
 *(SORT_BY_NAME(.init_array.*))
 *(.init_array)
 .init_array    0x20000be8        0x4 c:/vsarm/armcc/125863~1.3re/bin/../lib/gcc/arm-none-eabi/12.3.1/thumb/v6-m/nofp/crtbegin.o
 .init_array    0x20000bec        0x4 CMakeFiles/blink.dir/C_/VSARM/sdk/pico/pico-sdk/src/rp2_common/pico_unique_id/unique_id.c.obj
                0x20000bf0                        PROVIDE (__init_array_end = .)
                0x20000bf0                        . = ALIGN (0x4)
                [!provide]                        PROVIDE (__fini_array_start = .)
 *(SORT_BY_NAME(.fini_array.*))
 *(.fini_array)