Archive member included to satisfy reference by file (symbol)

c:/vsarm/armcc/125863~1.3re/bin/../lib/gcc/arm-none-eabi/12.3.1/thumb/v6-m/nofp\libgcc.a(_dvmd_tls.o)
                              CMakeFiles/UART.dir/C_/VSARM/sdk/pico/pico-sdk/src/rp2_common/pico_divider/divider.S.obj (__aeabi_idiv0)
c:/vsarm/armcc/125863~1.3re/bin/../lib/gcc/arm-none-eabi/12.3.1/thumb/v6-m/nofp\libg.a(libc_a-calloc.o)
                              CMakeFiles/UART.dir/C_/VSARM/sdk/pico/pico-sdk/src/rp2_common/pico_malloc/pico_malloc.c.obj (calloc)
c:/vsarm/armcc/125863~1.3re/bin/../lib/gcc/arm-none-eabi/12.3.1/thumb/v6-m/nofp\libg.a(libc_a-callocr.o)
                              c:/vsarm/armcc/125863~1.3re/bin/../lib/gcc/arm-none-eabi/12.3.1/thumb/v6-m/nofp\libg.a(libc_a-calloc.o) (_calloc_r)
c:/vsarm/armcc/125863~1.3re/bin/../lib/gcc/arm-none-eabi/12.3.1/thumb/v6-m/nofp\libg.a(libc_a-malloc.o)
                              CMakeFiles/UART.dir/C_/VSARM/sdk/pico/pico-sdk/src/rp2_common/pico_malloc/pico_malloc.c.obj (malloc)
c:/vsarm/armcc/125863~1.3re/bin/../lib/gcc/arm-none-eabi/12.3.1/thumb/v6-m/nofp\libg.a(libc_a-mallocr.o)
                              c:/vsarm/armcc/125863~1.3re/bin/../lib/gcc/arm-none-eabi/12.3.1/thumb/v6-m/nofp\libg.a(libc_a-callocr.o) (_malloc_r)
c:/vsarm/armcc/125863~1.3re/bin/../lib/gcc/arm-none-eabi/12.3.1/thumb/v6-m/nofp\libg.a(libc_a-mlock.o)
                              c:/vsarm/armcc/125863~1.3re/bin/../lib/gcc/arm-none-eabi/12.3.1/thumb/v6-m/nofp\libg.a(libc_a-mallocr.o) (__malloc_lock)
c:/vsarm/armcc/125863~1.3re/bin/../lib/gcc/arm-none-eabi/12.3.1/thumb/v6-m/nofp\libg.a(libc_a-realloc.o)
                              CMakeFiles/UART.dir/C_/VSARM/sdk/pico/pico-sdk/src/rp2_common/pico_malloc/pico_malloc.c.obj (realloc)
c:/vsarm/armcc/125863~1.3re/bin/../lib/gcc/arm-none-eabi/12.3.1/thumb/v6-m/nofp\libg.a(libc_a-reallocr.o)
                              c:/vsarm/armcc/125863~1.3re/bin/../lib/gcc/arm-none-eabi/12.3.1/thumb/v6-m/nofp\libg.a(libc_a-realloc.o) (_realloc_r)
c:/vsarm/armcc/125863~1.3re/bin/../lib/gcc/arm-none-eabi/12.3.1/thumb/v6-m/nofp\libg.a(libc_a-memmove.o)
                              c:/vsarm/armcc/125863~1.3re/bin/../lib/gcc/arm-none-eabi/12.3.1/thumb/v6-m/nofp\libg.a(libc_a-reallocr.o) (memmove)
c:/vsarm/armcc/125863~1.3re/bin/../lib/gcc/arm-none-eabi/12.3.1/thumb/v6-m/nofp\libg.a(libc_a-impure.o)
                              c:/vsarm/armcc/125863~1.3re/bin/../lib/gcc/arm-none-eabi/12.3.1/thumb/v6-m/nofp\libg.a(libc_a-calloc.o) (_impure_ptr)
c:/vsarm/armcc/125863~1.3re/bin/../lib/gcc/arm-none-eabi/12.3.1/thumb/v6-m/nofp\libg.a(libc_a-sbrkr.o)
                              c:/vsarm/armcc/125863~1.3re/bin/../lib/gcc/arm-none-eabi/12.3.1/thumb/v6-m/nofp\libg.a(libc_a-mallocr.o) (_sbrk_r)
c:/vsarm/armcc/125863~1.3re/bin/../lib/gcc/arm-none-eabi/12.3.1/thumb/v6-m/nofp\libg.a(libc_a-errno.o)
                              c:/vsarm/armcc/125863~1.3re/bin/../lib/gcc/arm-none-eabi/12.3.1/thumb/v6-m/nofp\libg.a(libc_a-callocr.o) (__errno)
c:/vsarm/armcc/125863~1.3re/bin/../lib/gcc/arm-none-eabi/12.3.1/thumb/v6-m/nofp\libg.a(libc_a-init.o)
                              c:/vsarm/armcc/125863~1.3re/bin/../lib/gcc/arm-none-eabi/12.3.1/thumb/v6-m/nofp/crt0.o (__libc_init_array)
c:/vsarm/armcc/125863~1.3re/bin/../lib/gcc/arm-none-eabi/12.3.1/thumb/v6-m/nofp\libg.a(libc_a-lock.o)
                              c:/vsarm/armcc/125863~1.3re/bin/../lib/gcc/arm-none-eabi/12.3.1/thumb/v6-m/nofp\libg.a(libc_a-mlock.o) (__retarget_lock_acquire_recursive)
c:/vsarm/armcc/125863~1.3re/bin/../lib/gcc/arm-none-eabi/12.3.1/thumb/v6-m/nofp\libg.a(libc_a-sysconf.o)
                              c:/vsarm/armcc/125863~1.3re/bin/../lib/gcc/arm-none-eabi/12.3.1/thumb/v6-m/nofp\libg.a(libc_a-mallocr.o) (sysconf)
c:/vsarm/armcc/125863~1.3re/bin/../lib/gcc/arm-none-eabi/12.3.1/thumb/v6-m/nofp\libg.a(libc_a-strlen-stub.o)
                              CMakeFiles/UART.dir/C_/VSARM/sdk/pico/pico-sdk/src/rp2_common/pico_stdio/stdio.c.obj (strlen)
c:/vsarm/armcc/125863~1.3re/bin/../lib/gcc/arm-none-eabi/12.3.1/thumb/v6-m/nofp\libg.a(libc_a-freer.o)
                              c:/vsarm/armcc/125863~1.3re/bin/../lib/gcc/arm-none-eabi/12.3.1/thumb/v6-m/nofp\libg.a(libc_a-malloc.o) (_free_r)
c:/vsarm/armcc/125863~1.3re/bin/../lib/gcc/arm-none-eabi/12.3.1/thumb/v6-m/nofp\libg.a(libc_a-findfp.o)
                              c:/vsarm/armcc/125863~1.3re/bin/../lib/gcc/arm-none-eabi/12.3.1/thumb/v6-m/nofp\libg.a(libc_a-impure.o) (__sf)
c:/vsarm/armcc/125863~1.3re/bin/../lib/gcc/arm-none-eabi/12.3.1/thumb/v6-m/nofp\libg.a(libc_a-fwalk.o)
                              c:/vsarm/armcc/125863~1.3re/bin/../lib/gcc/arm-none-eabi/12.3.1/thumb/v6-m/nofp\libg.a(libc_a-findfp.o) (_fwalk_sglue)
c:/vsarm/armcc/125863~1.3re/bin/../lib/gcc/arm-none-eabi/12.3.1/thumb/v6-m/nofp\libg.a(libc_a-stdio.o)
[...]
Memory Configuration

Name             Origin             Length             Attributes
FLASH            0x10000000         0x00200000         xr
RAM              0x20000000         0x00040000         xrw
SCRATCH_X        0x20040000         0x00001000         xrw
SCRATCH_Y        0x20041000         0x00001000         xrw
*default*        0x00000000         0xffffffff

Linker script and memory map

LOAD c:/vsarm/armcc/125863~1.3re/bin/../lib/gcc/arm-none-eabi/12.3.1/thumb/v6-m/nofp/crti.o
LOAD c:/vsarm/armcc/125863~1.3re/bin/../lib/gcc/arm-none-eabi/12.3.1/thumb/v6-m/nofp/crtbegin.o
LOAD c:/vsarm/armcc/125863~1.3re/bin/../lib/gcc/arm-none-eabi/12.3.1/thumb/v6-m/nofp/crt0.o

.flash_begin    0x10000000        0x0
                0x10000000                        __flash_binary_start = .

.boot2          0x10000000      0x100
                0x10000000                        __boot2_start__ = .
 *(.boot2)
 .boot2         0x10000000      0x100 C:\Users\phuon\AppData\Local\Temp\ccmEA7nW.o
                0x10000100                        __boot2_end__ = .
                0x00000001                        ASSERT (((__boot2_end__ - __boot2_start__) == 0x100), ERROR: Pico second stage bootloader must be 256 bytes in size)

.text           0x10000100     0x6f50
                0x10000100                        __logical_binary_start = .
 *(.vectors)
 .vectors       0x10000100       0xd4 CMakeFiles/UART.dir/C_/VSARM/sdk/pico/pico-sdk/src/rp2_common/pico_standard_link/crt0.S.obj
                0x10000100                __VECTOR_TABLE
                0x10000100                __vectors
                0x100001c0                isr_invalid
                0x100001c0                __default_isrs_start
                0x100001c2                isr_nmi
                0x100001c4                isr_hardfault
                0x100001c6                isr_svcall
                0x100001c8                isr_pendsv
                0x100001ca                isr_systick
                0x100001cc                isr_irq23
                0x100001cc                isr_irq18
                0x100001cc                isr_irq11
                0x100001cc                isr_irq28
                0x100001cc                isr_irq19
                0x100001cc                isr_irq0
                0x100001cc                isr_irq6
                0x100001cc                isr_irq5
                0x100001cc                isr_irq12
                0x100001cc                isr_irq22
                0x100001cc                isr_irq31
                0x100001cc                isr_irq17
                0x100001cc                isr_irq27
                0x100001cc                isr_irq30
                0x100001cc                isr_irq2
                0x100001cc                isr_irq10
                0x100001cc                isr_irq8
                0x100001cc                isr_irq24
                0x100001cc                isr_irq1
                0x100001cc                isr_irq7
                0x100001cc                isr_irq21
                0x100001cc                isr_irq20
                0x100001cc                isr_irq15
                0x100001cc                isr_irq25
                0x100001cc                isr_irq13
                0x100001cc                __unhandled_user_irq
                0x100001cc                isr_irq4
                0x100001cc                isr_irq16
                0x100001cc                isr_irq29
                0x100001cc                isr_irq26
                0x100001cc                __default_isrs_end
                0x100001cc                isr_irq3
                0x100001cc                isr_irq14
                0x100001cc                isr_irq9
                0x100001d2                unhandled_user_irq_num_in_r0
 *(.binary_info_header)
 .binary_info_header
                0x100001d4       0x14 CMakeFiles/UART.dir/C_/VSARM/sdk/pico/pico-sdk/src/rp2_common/pico_standard_link/crt0.S.obj
                0x100001e8                        __binary_info_header_end = .
 *(.reset)
 .reset         0x100001e8       0xa0 CMakeFiles/UART.dir/C_/VSARM/sdk/pico/pico-sdk/src/rp2_common/pico_standard_link/crt0.S.obj
                0x100001e8                _entry_point
 .reset         0x10000288       0x30 CMakeFiles/UART.dir/C_/VSARM/sdk/pico/pico-sdk/src/rp2_common/pico_standard_link/binary_info.c.obj
 *(.init)
 .init          0x100002b8        0x4 c:/vsarm/armcc/125863~1.3re/bin/../lib/gcc/arm-none-eabi/12.3.1/thumb/v6-m/nofp/crti.o
                0x100002b8                _init
 *(EXCLUDE_FILE(*libm.a: *libc.a:*lib_a-mem*.o *libgcc.a:) .text*)
 .text.register_tm_clones
                0x100002bc       0x28 c:/vsarm/armcc/125863~1.3re/bin/../lib/gcc/arm-none-eabi/12.3.1/thumb/v6-m/nofp/crtbegin.o
 .text.frame_dummy
                0x100002e4       0x24 c:/vsarm/armcc/125863~1.3re/bin/../lib/gcc/arm-none-eabi/12.3.1/thumb/v6-m/nofp/crtbegin.o
 .text.main     0x10000308      0x158 CMakeFiles/UART.dir/main.c.obj
                0x10000308                main
 .text.uart_getc
                0x10000460       0x24 CMakeFiles/UART.dir/UART/UART.c.obj
 .text.UART_init
                0x10000484       0x30 CMakeFiles/UART.dir/UART/UART.c.obj
                0x10000484                UART_init
 .text.on_uart_rx
                0x100004b4       0x48 CMakeFiles/UART.dir/UART/UART.c.obj
                0x100004b4                on_uart_rx
 .text.gpio_set_function
                0x100004fc       0x30 CMakeFiles/UART.dir/C_/VSARM/sdk/pico/pico-sdk/src/rp2_common/hardware_gpio/gpio.c.obj
                0x100004fc                gpio_set_function
 .text.gpio_set_pulls
                0x1000052c       0x34 CMakeFiles/UART.dir/C_/VSARM/sdk/pico/pico-sdk/src/rp2_common/hardware_gpio/gpio.c.obj
                0x1000052c                gpio_set_pulls
 .text.gpio_init
                0x10000560       0x16 CMakeFiles/UART.dir/C_/VSARM/sdk/pico/pico-sdk/src/rp2_common/hardware_gpio/gpio.c.obj
                0x10000560                gpio_init
 *fill*         0x10000576        0x2 
 .text.running_on_fpga
                0x10000578       0x14 CMakeFiles/UART.dir/C_/VSARM/sdk/pico/pico-sdk/src/rp2_common/pico_platform/platform.c.obj
                0x10000578                running_on_fpga
 .text.hw_claim_lock
                0x1000058c       0x18 CMakeFiles/UART.dir/C_/VSARM/sdk/pico/pico-sdk/src/rp2_common/hardware_claim/claim.c.obj
                0x1000058c                hw_claim_lock
 .text.hw_claim_unlock
                0x100005a4       0x14 CMakeFiles/UART.dir/C_/VSARM/sdk/pico/pico-sdk/src/rp2_common/hardware_claim/claim.c.obj
                0x100005a4                hw_claim_unlock
 .text.hw_claim_or_assert
                0x100005b8       0x32 CMakeFiles/UART.dir/C_/VSARM/sdk/pico/pico-sdk/src/rp2_common/hardware_claim/claim.c.obj
                0x100005b8                hw_claim_or_assert
 .text.hw_claim_unused_from_range
                0x100005ea       0x50 CMakeFiles/UART.dir/C_/VSARM/sdk/pico/pico-sdk/src/rp2_common/hardware_claim/claim.c.obj
                0x100005ea                hw_claim_unused_from_range
 *fill*         0x1000063a        0x2 
 .text.spin_locks_reset
                0x1000063c       0x20 CMakeFiles/UART.dir/C_/VSARM/sdk/pico/pico-sdk/src/rp2_common/hardware_sync/sync.c.obj
                0x1000063c                spin_locks_reset
 .text.next_striped_spin_lock_num
                0x1000065c       0x1c CMakeFiles/UART.dir/C_/VSARM/sdk/pico/pico-sdk/src/rp2_common/hardware_sync/sync.c.obj
                0x1000065c                next_striped_spin_lock_num
 .text.spin_lock_claim_unused
                0x10000678       0x24 CMakeFiles/UART.dir/C_/VSARM/sdk/pico/pico-sdk/src/rp2_common/hardware_sync/sync.c.obj
                0x10000678                spin_lock_claim_unused
 .text.set_raw_irq_handler_and_unlock
                0x1000069c       0x28 CMakeFiles/UART.dir/C_/VSARM/sdk/pico/pico-sdk/src/rp2_common/hardware_irq/irq.c.obj
 .text.resolve_branch
                0x100006c4       0x30 CMakeFiles/UART.dir/C_/VSARM/sdk/pico/pico-sdk/src/rp2_common/hardware_irq/irq.c.obj
 .text.make_branch
                0x100006f4       0x48 CMakeFiles/UART.dir/C_/VSARM/sdk/pico/pico-sdk/src/rp2_common/hardware_irq/irq.c.obj
 .text.insert_branch_and_link
                0x1000073c       0x40 CMakeFiles/UART.dir/C_/VSARM/sdk/pico/pico-sdk/src/rp2_common/hardware_irq/irq.c.obj
 .text.irq_is_enabled
                0x1000077c       0x18 CMakeFiles/UART.dir/C_/VSARM/sdk/pico/pico-sdk/src/rp2_common/hardware_irq/irq.c.obj
                0x1000077c                irq_is_enabled
 .text.irq_set_mask_enabled
                0x10000794       0x20 CMakeFiles/UART.dir/C_/VSARM/sdk/pico/pico-sdk/src/rp2_common/hardware_irq/irq.c.obj
                0x10000794                irq_set_mask_enabled
 .text.irq_set_enabled
                0x100007b4        0xe CMakeFiles/UART.dir/C_/VSARM/sdk/pico/pico-sdk/src/rp2_common/hardware_irq/irq.c.obj
                0x100007b4                irq_set_enabled
 *fill*         0x100007c2        0x2 
 .text.irq_set_pending
                0x100007c4       0x10 CMakeFiles/UART.dir/C_/VSARM/sdk/pico/pico-sdk/src/rp2_common/hardware_irq/irq.c.obj
                0x100007c4                irq_set_pending
 .text.irq_get_vtable_handler
                0x100007d4       0x10 CMakeFiles/UART.dir/C_/VSARM/sdk/pico/pico-sdk/src/rp2_common/hardware_irq/irq.c.obj
                0x100007d4                irq_get_vtable_handler
 .text.irq_has_shared_handler
                0x100007e4       0x24 CMakeFiles/UART.dir/C_/VSARM/sdk/pico/pico-sdk/src/rp2_common/hardware_irq/irq.c.obj
                0x100007e4                irq_has_shared_handler
 .text.irq_set_exclusive_handler
                0x10000808       0x54 CMakeFiles/UART.dir/C_/VSARM/sdk/pico/pico-sdk/src/rp2_common/hardware_irq/irq.c.obj
                0x10000808                irq_set_exclusive_handler
 .text.irq_add_shared_handler
                0x1000085c      0x210 CMakeFiles/UART.dir/C_/VSARM/sdk/pico/pico-sdk/src/rp2_common/hardware_irq/irq.c.obj
                0x1000085c                irq_add_shared_handler
 .text.irq_remove_handler
                0x10000a6c      0x188 CMakeFiles/UART.dir/C_/VSARM/sdk/pico/pico-sdk/src/rp2_common/hardware_irq/irq.c.obj
                0x10000a6c                irq_remove_handler
 .text.irq_add_tail_to_free_list
                0x10000bf4       0xf0 CMakeFiles/UART.dir/C_/VSARM/sdk/pico/pico-sdk/src/rp2_common/hardware_irq/irq.c.obj
                0x10000bf4                irq_add_tail_to_free_list
 .text.irq_init_priorities
                0x10000ce4       0x1c CMakeFiles/UART.dir/C_/VSARM/sdk/pico/pico-sdk/src/rp2_common/hardware_irq/irq.c.obj
                0x10000ce4                irq_init_priorities
 .text.user_irq_claim_unused
                0x10000d00       0x2c CMakeFiles/UART.dir/C_/VSARM/sdk/pico/pico-sdk/src/rp2_common/hardware_irq/irq.c.obj
                0x10000d00                user_irq_claim_unused
 .text.lock_init
                0x10000d2c       0x10 CMakeFiles/UART.dir/C_/VSARM/sdk/pico/pico-sdk/src/common/pico_sync/lock_core.c.obj
                0x10000d2c                lock_init
 .text.update_us_since_boot
                0x10000d3c       0x24 CMakeFiles/UART.dir/C_/VSARM/sdk/pico/pico-sdk/src/common/pico_sync/mutex.c.obj
 .text.delayed_by_ms
                0x10000d60       0x44 CMakeFiles/UART.dir/C_/VSARM/sdk/pico/pico-sdk/src/common/pico_sync/mutex.c.obj
 .text.get_absolute_time
                0x10000da4       0x22 CMakeFiles/UART.dir/C_/VSARM/sdk/pico/pico-sdk/src/common/pico_sync/mutex.c.obj
 .text.make_timeout_time_ms
                0x10000dc6       0x20 CMakeFiles/UART.dir/C_/VSARM/sdk/pico/pico-sdk/src/common/pico_sync/mutex.c.obj
 .text.mutex_init
                0x10000de6       0x1a CMakeFiles/UART.dir/C_/VSARM/sdk/pico/pico-sdk/src/common/pico_sync/mutex.c.obj
                0x10000de6                mutex_init
 .text.recursive_mutex_init
                0x10000e00       0x1e CMakeFiles/UART.dir/C_/VSARM/sdk/pico/pico-sdk/src/common/pico_sync/mutex.c.obj
                0x10000e00                recursive_mutex_init
 *fill*         0x10000e1e        0x2 
 .text.critical_section_init_with_lock_num
                0x10000e20       0x14 CMakeFiles/UART.dir/C_/VSARM/sdk/pico/pico-sdk/src/common/pico_sync/critical_section.c.obj
                0x10000e20                critical_section_init_with_lock_num
 .text.critical_section_init
                0x10000e34       0x14 CMakeFiles/UART.dir/C_/VSARM/sdk/pico/pico-sdk/src/common/pico_sync/critical_section.c.obj
                0x10000e34                critical_section_init
 .text.time_reached
                0x10000e48       0x28 CMakeFiles/UART.dir/C_/VSARM/sdk/pico/pico-sdk/src/common/pico_time/time.c.obj
 .text.get_entry
                0x10000e70       0x38 CMakeFiles/UART.dir/C_/VSARM/sdk/pico/pico-sdk/src/common/pico_time/time.c.obj
 .text.timer_pool_entry_comparator
                0x10000ea8       0x2e CMakeFiles/UART.dir/C_/VSARM/sdk/pico/pico-sdk/src/common/pico_time/time.c.obj
                0x10000ea8                timer_pool_entry_comparator
 *fill*         0x10000ed6        0x2 
 .text.update_us_since_boot
                0x10000ed8       0x24 CMakeFiles/UART.dir/C_/VSARM/sdk/pico/pico-sdk/src/common/pico_time/time.c.obj
 .text.delayed_by_us
                0x10000efc       0x34 CMakeFiles/UART.dir/C_/VSARM/sdk/pico/pico-sdk/src/common/pico_time/time.c.obj
 .text.ph_get_node
                0x10000f30       0x30 CMakeFiles/UART.dir/C_/VSARM/sdk/pico/pico-sdk/src/common/pico_time/time.c.obj
 .text.ph_contains_node
                0x10000f60       0x1e CMakeFiles/UART.dir/C_/VSARM/sdk/pico/pico-sdk/src/common/pico_time/time.c.obj
 .text.ph_new_node
                0x10000f7e       0x28 CMakeFiles/UART.dir/C_/VSARM/sdk/pico/pico-sdk/src/common/pico_time/time.c.obj
 *fill*         0x10000fa6        0x2 
 .text.ph_add_child_node
                0x10000fa8       0x6c CMakeFiles/UART.dir/C_/VSARM/sdk/pico/pico-sdk/src/common/pico_time/time.c.obj
 .text.ph_merge_nodes
                0x10001014       0x3e CMakeFiles/UART.dir/C_/VSARM/sdk/pico/pico-sdk/src/common/pico_time/time.c.obj
 *fill*         0x10001052        0x2 
 .text.ph_insert_node
                0x10001054       0x3c CMakeFiles/UART.dir/C_/VSARM/sdk/pico/pico-sdk/src/common/pico_time/time.c.obj
 .text.ph_free_node
                0x10001090       0x5c CMakeFiles/UART.dir/C_/VSARM/sdk/pico/pico-sdk/src/common/pico_time/time.c.obj
 .text.get_entry_id_high
                0x100010ec       0x30 CMakeFiles/UART.dir/C_/VSARM/sdk/pico/pico-sdk/src/common/pico_time/time.c.obj
 .text.alarm_pool_post_alloc_init
                0x1000111c       0x40 CMakeFiles/UART.dir/C_/VSARM/sdk/pico/pico-sdk/src/common/pico_time/time.c.obj
 .text.sleep_until_callback
                0x1000115c       0x30 CMakeFiles/UART.dir/C_/VSARM/sdk/pico/pico-sdk/src/common/pico_time/time.c.obj
 .text.get_absolute_time
                0x1000118c       0x22 CMakeFiles/UART.dir/C_/VSARM/sdk/pico/pico-sdk/src/common/pico_time/time.c.obj
 .text.make_timeout_time_us
                0x100011ae       0x24 CMakeFiles/UART.dir/C_/VSARM/sdk/pico/pico-sdk/src/common/pico_time/time.c.obj
 *fill*         0x100011d2        0x2 
 .text.add_alarm_under_lock
                0x100011d4       0x94 CMakeFiles/UART.dir/C_/VSARM/sdk/pico/pico-sdk/src/common/pico_time/time.c.obj
 .text.alarm_pool_alarm_callback
                0x10001268      0x210 CMakeFiles/UART.dir/C_/VSARM/sdk/pico/pico-sdk/src/common/pico_time/time.c.obj
 .text.alarm_pool_init_default
                0x10001478       0x40 CMakeFiles/UART.dir/C_/VSARM/sdk/pico/pico-sdk/src/common/pico_time/time.c.obj
                0x10001478                alarm_pool_init_default
 .text.alarm_pool_get_default
                0x100014b8       0x2c CMakeFiles/UART.dir/C_/VSARM/sdk/pico/pico-sdk/src/common/pico_time/time.c.obj
                0x100014b8                alarm_pool_get_default
 .text.alarm_pool_add_alarm_at
                0x100014e4      0x10e CMakeFiles/UART.dir/C_/VSARM/sdk/pico/pico-sdk/src/common/pico_time/time.c.obj
                0x100014e4                alarm_pool_add_alarm_at
 .text.add_alarm_at
                0x100015f2       0x2e CMakeFiles/UART.dir/C_/VSARM/sdk/pico/pico-sdk/src/common/pico_time/time.c.obj
 .text.alarm_pool_cancel_alarm
                0x10001620       0xa8 CMakeFiles/UART.dir/C_/VSARM/sdk/pico/pico-sdk/src/common/pico_time/time.c.obj
                0x10001620                alarm_pool_cancel_alarm
 .text.cancel_alarm
                0x100016c8       0x10 CMakeFiles/UART.dir/C_/VSARM/sdk/pico/pico-sdk/src/common/pico_time/time.c.obj
 .text.alarm_pool_core_num
                0x100016d8        0x4 CMakeFiles/UART.dir/C_/VSARM/sdk/pico/pico-sdk/src/common/pico_time/time.c.obj
                0x100016d8                alarm_pool_core_num
 .text.sleep_until
                0x100016dc       0xb0 CMakeFiles/UART.dir/C_/VSARM/sdk/pico/pico-sdk/src/common/pico_time/time.c.obj
                0x100016dc                sleep_until
 .text.sleep_us
                0x1000178c       0x1a CMakeFiles/UART.dir/C_/VSARM/sdk/pico/pico-sdk/src/common/pico_time/time.c.obj
                0x1000178c                sleep_us
 .text.sleep_ms
                0x100017a6       0x14 CMakeFiles/UART.dir/C_/VSARM/sdk/pico/pico-sdk/src/common/pico_time/time.c.obj
                0x100017a6                sleep_ms
 *fill*         0x100017ba        0x2 
 .text.best_effort_wfe_or_timeout
                0x100017bc       0x44 CMakeFiles/UART.dir/C_/VSARM/sdk/pico/pico-sdk/src/common/pico_time/time.c.obj
                0x100017bc                best_effort_wfe_or_timeout
 .text.update_us_since_boot
                0x10001800       0x24 CMakeFiles/UART.dir/C_/VSARM/sdk/pico/pico-sdk/src/rp2_common/hardware_timer/timer.c.obj
 .text.hardware_alarm_irq_handler
                0x10001824       0x8c CMakeFiles/UART.dir/C_/VSARM/sdk/pico/pico-sdk/src/rp2_common/hardware_timer/timer.c.obj
 .text.hardware_alarm_claim
                0x100018b0       0x18 CMakeFiles/UART.dir/C_/VSARM/sdk/pico/pico-sdk/src/rp2_common/hardware_timer/timer.c.obj
                0x100018b0                hardware_alarm_claim
 .text.time_us_64
                0x100018c8       0x18 CMakeFiles/UART.dir/C_/VSARM/sdk/pico/pico-sdk/src/rp2_common/hardware_timer/timer.c.obj
                0x100018c8                time_us_64
 .text.busy_wait_until
                0x100018e0       0x28 CMakeFiles/UART.dir/C_/VSARM/sdk/pico/pico-sdk/src/rp2_common/hardware_timer/timer.c.obj
                0x100018e0                busy_wait_until
 .text.busy_wait_us
                0x10001908       0x3a CMakeFiles/UART.dir/C_/VSARM/sdk/pico/pico-sdk/src/rp2_common/hardware_timer/timer.c.obj
                0x10001908                busy_wait_us
 *fill*         0x10001942        0x2 
 .text.hardware_alarm_set_callback
                0x10001944       0x90 CMakeFiles/UART.dir/C_/VSARM/sdk/pico/pico-sdk/src/rp2_common/hardware_timer/timer.c.obj
                0x10001944                hardware_alarm_set_callback
 .text.hardware_alarm_set_target
                0x100019d4       0xe8 CMakeFiles/UART.dir/C_/VSARM/sdk/pico/pico-sdk/src/rp2_common/hardware_timer/timer.c.obj
                0x100019d4                hardware_alarm_set_target
 .text.hardware_alarm_cancel
                0x10001abc       0x40 CMakeFiles/UART.dir/C_/VSARM/sdk/pico/pico-sdk/src/rp2_common/hardware_timer/timer.c.obj
                0x10001abc                hardware_alarm_cancel
 .text.ph_get_node
                0x10001afc       0x30 CMakeFiles/UART.dir/C_/VSARM/sdk/pico/pico-sdk/src/common/pico_util/pheap.c.obj
 .text.ph_add_child_node
                0x10001b2c       0x6c CMakeFiles/UART.dir/C_/VSARM/sdk/pico/pico-sdk/src/common/pico_util/pheap.c.obj
 .text.ph_merge_nodes
                0x10001b98       0x3e CMakeFiles/UART.dir/C_/VSARM/sdk/pico/pico-sdk/src/common/pico_util/pheap.c.obj
 .text.ph_clear
                0x10001bd6       0x34 CMakeFiles/UART.dir/C_/VSARM/sdk/pico/pico-sdk/src/common/pico_util/pheap.c.obj
                0x10001bd6                ph_clear
 .text.ph_post_alloc_init
                0x10001c0a        0xe CMakeFiles/UART.dir/C_/VSARM/sdk/pico/pico-sdk/src/common/pico_util/pheap.c.obj
                0x10001c0a                ph_post_alloc_init
 .text.ph_merge_two_pass
                0x10001c18       0x5c CMakeFiles/UART.dir/C_/VSARM/sdk/pico/pico-sdk/src/common/pico_util/pheap.c.obj
                0x10001c18                ph_merge_two_pass
 .text.ph_remove_any_head
                0x10001c74       0xc0 CMakeFiles/UART.dir/C_/VSARM/sdk/pico/pico-sdk/src/common/pico_util/pheap.c.obj
 .text.ph_remove_head
                0x10001d34       0x14 CMakeFiles/UART.dir/C_/VSARM/sdk/pico/pico-sdk/src/common/pico_util/pheap.c.obj
                0x10001d34                ph_remove_head
 .text.ph_remove_and_free_node
                0x10001d48       0xa0 CMakeFiles/UART.dir/C_/VSARM/sdk/pico/pico-sdk/src/common/pico_util/pheap.c.obj
                0x10001d48                ph_remove_and_free_node
 .text.uart_disable_before_lcr_write
                0x10001de8       0x48 CMakeFiles/UART.dir/C_/VSARM/sdk/pico/pico-sdk/src/rp2_common/hardware_uart/uart.c.obj
 .text.uart_write_lcr_bits_masked
                0x10001e30       0x22 CMakeFiles/UART.dir/C_/VSARM/sdk/pico/pico-sdk/src/rp2_common/hardware_uart/uart.c.obj
 *fill*         0x10001e52        0x2 
 .text.uart_set_baudrate
                0x10001e54       0x5c CMakeFiles/UART.dir/C_/VSARM/sdk/pico/pico-sdk/src/rp2_common/hardware_uart/uart.c.obj
                0x10001e54                uart_set_baudrate
 .text.uart_set_format
                0x10001eb0       0x2c CMakeFiles/UART.dir/C_/VSARM/sdk/pico/pico-sdk/src/rp2_common/hardware_uart/uart.c.obj
                0x10001eb0                uart_set_format
 .text.uart_set_translate_crlf
                0x10001edc       0x28 CMakeFiles/UART.dir/C_/VSARM/sdk/pico/pico-sdk/src/rp2_common/hardware_uart/uart.c.obj
                0x10001edc                uart_set_translate_crlf
 .text.uart_init
                0x10001f04       0x80 CMakeFiles/UART.dir/C_/VSARM/sdk/pico/pico-sdk/src/rp2_common/hardware_uart/uart.c.obj
                0x10001f04                uart_init
 .text.uart_is_readable_within_us
                0x10001f84       0x20 CMakeFiles/UART.dir/C_/VSARM/sdk/pico/pico-sdk/src/rp2_common/hardware_uart/uart.c.obj
                0x10001f84                uart_is_readable_within_us
 .text.clock_configure
                0x10001fa4      0x108 CMakeFiles/UART.dir/C_/VSARM/sdk/pico/pico-sdk/src/rp2_common/hardware_clocks/clocks.c.obj
                0x10001fa4                clock_configure
 .text.clocks_init
                0x100020ac      0x100 CMakeFiles/UART.dir/C_/VSARM/sdk/pico/pico-sdk/src/rp2_common/hardware_clocks/clocks.c.obj
                0x100020ac                clocks_init
 .text.clock_get_hz
                0x100021ac        0xc CMakeFiles/UART.dir/C_/VSARM/sdk/pico/pico-sdk/src/rp2_common/hardware_clocks/clocks.c.obj
                0x100021ac                clock_get_hz
 .text.pll_init
                0x100021b8      0x120 CMakeFiles/UART.dir/C_/VSARM/sdk/pico/pico-sdk/src/rp2_common/hardware_pll/pll.c.obj
                0x100021b8                pll_init
 .text.watchdog_start_tick
                0x100022d8       0x10 CMakeFiles/UART.dir/C_/VSARM/sdk/pico/pico-sdk/src/rp2_common/hardware_watchdog/watchdog.c.obj
                0x100022d8                watchdog_start_tick
 .text.watchdog_update
                0x100022e8       0x14 CMakeFiles/UART.dir/C_/VSARM/sdk/pico/pico-sdk/src/rp2_common/hardware_watchdog/watchdog.c.obj
                0x100022e8                watchdog_update
 .text._watchdog_enable
                0x100022fc       0x78 CMakeFiles/UART.dir/C_/VSARM/sdk/pico/pico-sdk/src/rp2_common/hardware_watchdog/watchdog.c.obj
                0x100022fc                _watchdog_enable
 .text.watchdog_reboot
                0x10002374       0x48 CMakeFiles/UART.dir/C_/VSARM/sdk/pico/pico-sdk/src/rp2_common/hardware_watchdog/watchdog.c.obj
                0x10002374                watchdog_reboot
 .text.xosc_init
                0x100023bc       0x28 CMakeFiles/UART.dir/C_/VSARM/sdk/pico/pico-sdk/src/rp2_common/hardware_xosc/xosc.c.obj
                0x100023bc                xosc_init
 .text._exit    0x100023e4        0x4 CMakeFiles/UART.dir/C_/VSARM/sdk/pico/pico-sdk/src/rp2_common/pico_runtime/runtime.c.obj
                0x100023e4                _exit
 .text.exit     0x100023e8        0x6 CMakeFiles/UART.dir/C_/VSARM/sdk/pico/pico-sdk/src/rp2_common/pico_runtime/runtime.c.obj
                0x100023e8                exit
 *fill*         0x100023ee        0x2 
 .text.__assert_func
                0x100023f0       0x38 CMakeFiles/UART.dir/C_/VSARM/sdk/pico/pico-sdk/src/rp2_common/pico_runtime/runtime.c.obj
                0x100023f0                __assert_func
 .text.runtime_init
                0x10002428       0xf8 CMakeFiles/UART.dir/C_/VSARM/sdk/pico/pico-sdk/src/rp2_common/pico_runtime/runtime.c.obj
                0x10002428                runtime_init
 .text.panic    0x10002520       0x30 CMakeFiles/UART.dir/C_/VSARM/sdk/pico/pico-sdk/src/rp2_common/pico_runtime/runtime.c.obj
                0x10002520                panic
 .text._out_null
                0x10002550        0x2 CMakeFiles/UART.dir/C_/VSARM/sdk/pico/pico-sdk/src/rp2_common/pico_printf/printf.c.obj
 .text._out_fct
                0x10002552        0xe CMakeFiles/UART.dir/C_/VSARM/sdk/pico/pico-sdk/src/rp2_common/pico_printf/printf.c.obj
 .text._atoi    0x10002560       0x24 CMakeFiles/UART.dir/C_/VSARM/sdk/pico/pico-sdk/src/rp2_common/pico_printf/printf.c.obj
 .text._out_rev
                0x10002584       0xae CMakeFiles/UART.dir/C_/VSARM/sdk/pico/pico-sdk/src/rp2_common/pico_printf/printf.c.obj
 .text._ntoa_format
                0x10002632      0x110 CMakeFiles/UART.dir/C_/VSARM/sdk/pico/pico-sdk/src/rp2_common/pico_printf/printf.c.obj
 .text._ntoa_long
                0x10002742       0xbc CMakeFiles/UART.dir/C_/VSARM/sdk/pico/pico-sdk/src/rp2_common/pico_printf/printf.c.obj
 .text._ntoa_long_long
                0x100027fe      0x10e CMakeFiles/UART.dir/C_/VSARM/sdk/pico/pico-sdk/src/rp2_common/pico_printf/printf.c.obj
 .text._etoa    0x1000290c      0x420 CMakeFiles/UART.dir/C_/VSARM/sdk/pico/pico-sdk/src/rp2_common/pico_printf/printf.c.obj
 .text._ftoa    0x10002d2c      0x354 CMakeFiles/UART.dir/C_/VSARM/sdk/pico/pico-sdk/src/rp2_common/pico_printf/printf.c.obj
 .text._vsnprintf
                0x10003080      0x65c CMakeFiles/UART.dir/C_/VSARM/sdk/pico/pico-sdk/src/rp2_common/pico_printf/printf.c.obj
 .text.vfctprintf
                0x100036dc       0x20 CMakeFiles/UART.dir/C_/VSARM/sdk/pico/pico-sdk/src/rp2_common/pico_printf/printf.c.obj
                0x100036dc                vfctprintf
 .text          0x100036fc       0x10 CMakeFiles/UART.dir/C_/VSARM/sdk/pico/pico-sdk/src/rp2_common/pico_bit_ops/bit_ops_aeabi.S.obj
 .text.rom_func_lookup
                0x1000370c       0x10 CMakeFiles/UART.dir/C_/VSARM/sdk/pico/pico-sdk/src/rp2_common/pico_bootrom/bootrom.c.obj
                0x1000370c                rom_func_lookup
 .text.rom_data_lookup
                0x1000371c       0x10 CMakeFiles/UART.dir/C_/VSARM/sdk/pico/pico-sdk/src/rp2_common/pico_bootrom/bootrom.c.obj
                0x1000371c                rom_data_lookup
 .text.rom_funcs_lookup
                0x1000372c       0x36 CMakeFiles/UART.dir/C_/VSARM/sdk/pico/pico-sdk/src/rp2_common/pico_bootrom/bootrom.c.obj
                0x1000372c                rom_funcs_lookup
 *fill*         0x10003762        0x2 
 .text.__wrap___aeabi_idiv
                0x10003764       0x50 CMakeFiles/UART.dir/C_/VSARM/sdk/pico/pico-sdk/src/rp2_common/pico_divider/divider.S.obj
                0x10003764                __wrap___aeabi_idivmod
                0x10003764                divmod_s32s32
                0x10003764                div_s32s32
                0x10003764                __wrap___aeabi_idiv
                0x1000376c                divmod_s32s32_unsafe
                0x10003798                divmod_s32s32_savestate
 .text.__wrap___aeabi_uidiv
                0x100037b4       0x4c CMakeFiles/UART.dir/C_/VSARM/sdk/pico/pico-sdk/src/rp2_common/pico_divider/divider.S.obj
                0x100037b4                __wrap___aeabi_uidiv
                0x100037b4                __wrap___aeabi_uidivmod
                0x100037b4                div_u32u32
                0x100037b4                divmod_u32u32
                0x100037bc                divmod_u32u32_unsafe
                0x100037e4                divmod_u32u32_savestate
 .text.__wrap___aeabi_ldiv
                0x10003800      0x424 CMakeFiles/UART.dir/C_/VSARM/sdk/pico/pico-sdk/src/rp2_common/pico_divider/divider.S.obj
                0x10003800                div_s64s64
                0x10003800                divmod_s64s64
                0x10003800                __wrap___aeabi_ldivmod
                0x10003830                divmod_u64u64
                0x10003830                div_u64u64
                0x10003830                __wrap___aeabi_uldivmod
                0x10003840                divmod_u64u64_savestate
                0x10003860                divmod_s64s64_unsafe
                0x100038e8                divmod_u64u64_unsafe
 .text.__wrap___aeabi_darithmetic
                0x10003c24       0x80 CMakeFiles/UART.dir/C_/VSARM/sdk/pico/pico-sdk/src/rp2_common/pico_double/double_aeabi.S.obj
                0x10003c24                __wrap___aeabi_drsub
                0x10003c2a                __wrap___aeabi_dsub
                0x10003c3c                __wrap___aeabi_dadd
                0x10003c4e                __wrap___aeabi_ddiv
                0x10003c8a                __wrap___aeabi_dmul
 .text.__wrap___aeabi_cdcmple
                0x10003ca4       0x6c CMakeFiles/UART.dir/C_/VSARM/sdk/pico/pico-sdk/src/rp2_common/pico_double/double_aeabi.S.obj
                0x10003ca4                __wrap___aeabi_cdrcmple
                0x10003cb4                __wrap___aeabi_cdcmpeq
                0x10003cb4                __wrap___aeabi_cdcmple
 .text.__wrap___aeabi_dcmplt
                0x10003d10        0xc CMakeFiles/UART.dir/C_/VSARM/sdk/pico/pico-sdk/src/rp2_common/pico_double/double_aeabi.S.obj
                0x10003d10                __wrap___aeabi_dcmplt
 .text.__wrap___aeabi_dcmple
                0x10003d1c       0x10 CMakeFiles/UART.dir/C_/VSARM/sdk/pico/pico-sdk/src/rp2_common/pico_double/double_aeabi.S.obj
                0x10003d1c                __wrap___aeabi_dcmple
 .text.__wrap___aeabi_dcmpge
                0x10003d2c       0x10 CMakeFiles/UART.dir/C_/VSARM/sdk/pico/pico-sdk/src/rp2_common/pico_double/double_aeabi.S.obj
                0x10003d2c                __wrap___aeabi_dcmpge
 .text.__wrap___aeabi_dcmpgt
                0x10003d3c        0xa CMakeFiles/UART.dir/C_/VSARM/sdk/pico/pico-sdk/src/rp2_common/pico_double/double_aeabi.S.obj
                0x10003d3c                __wrap___aeabi_dcmpgt
 .text.__wrap___aeabi_dcmpun
                0x10003d46       0x1c CMakeFiles/UART.dir/C_/VSARM/sdk/pico/pico-sdk/src/rp2_common/pico_double/double_aeabi.S.obj
                0x10003d46                __wrap___aeabi_dcmpun
 *fill*         0x10003d62        0x2 
 .text.__wrap___aeabi_i2d
                0x10003d64       0x38 CMakeFiles/UART.dir/C_/VSARM/sdk/pico/pico-sdk/src/rp2_common/pico_double/double_aeabi.S.obj
                0x10003d64                __wrap___aeabi_ui2d
                0x10003d6c                __wrap___aeabi_i2d
 .text.__wrap___aeabi_d2iz
                0x10003d9c       0x48 CMakeFiles/UART.dir/C_/VSARM/sdk/pico/pico-sdk/src/rp2_common/pico_double/double_aeabi.S.obj
                0x10003d9c                double2int_z
                0x10003d9c                __wrap___aeabi_d2iz
 .text.__wrap___aeabi_d2uiz
                0x10003de4       0x18 CMakeFiles/UART.dir/C_/VSARM/sdk/pico/pico-sdk/src/rp2_common/pico_double/double_aeabi.S.obj
                0x10003de4                __wrap___aeabi_d2uiz
                0x10003de4                double2uint
 .text.__aeabi_double_init
                0x10003dfc       0xcc CMakeFiles/UART.dir/C_/VSARM/sdk/pico/pico-sdk/src/rp2_common/pico_double/double_init_rom.c.obj
                0x10003dfc                __aeabi_double_init
 .text.double_table_shim_on_use_helper
                0x10003ec8       0x34 CMakeFiles/UART.dir/C_/VSARM/sdk/pico/pico-sdk/src/rp2_common/pico_double/double_v1_rom_shim.S.obj
                0x10003ec8                double_table_shim_on_use_helper
 .text.__wrap___aeabi_dsub
                0x10003efc       0x10 CMakeFiles/UART.dir/C_/VSARM/sdk/pico/pico-sdk/src/rp2_common/pico_double/double_v1_rom_shim.S.obj
                0x10003efc                drsub_shim
                0x10003f02                dsub_shim
 .text.dadd_shim
                0x10003f0c      0x15c CMakeFiles/UART.dir/C_/VSARM/sdk/pico/pico-sdk/src/rp2_common/pico_double/double_v1_rom_shim.S.obj
                0x10003f0c                dadd_shim
 .text.dmul_shim
                0x10004068      0x15c CMakeFiles/UART.dir/C_/VSARM/sdk/pico/pico-sdk/src/rp2_common/pico_double/double_v1_rom_shim.S.obj
                0x10004068                dmul_shim
 .text.ddiv_shim
                0x100041c4      0x1b0 CMakeFiles/UART.dir/C_/VSARM/sdk/pico/pico-sdk/src/rp2_common/pico_double/double_v1_rom_shim.S.obj
                0x100041c4                ddiv_shim
 .text.double2uint_shim
                0x10004374        0xe CMakeFiles/UART.dir/C_/VSARM/sdk/pico/pico-sdk/src/rp2_common/pico_double/double_v1_rom_shim.S.obj
                0x10004374                double2uint_shim
                0x10004376                double2ufix_shim
 *fill*         0x10004382        0x2 
 .text.double2uint64_shim
                0x10004384       0x70 CMakeFiles/UART.dir/C_/VSARM/sdk/pico/pico-sdk/src/rp2_common/pico_double/double_v1_rom_shim.S.obj
                0x10004384                double2uint64_shim
                0x10004386                double2ufix64_shim
                0x100043a6                d2fix_a
 .text.dunpacks
                0x100043f4       0x3c CMakeFiles/UART.dir/C_/VSARM/sdk/pico/pico-sdk/src/rp2_common/pico_double/double_v1_rom_shim.S.obj
                0x100043f4                dunpacks
 .text.__aeabi_lmul
                0x10004430       0x32 CMakeFiles/UART.dir/C_/VSARM/sdk/pico/pico-sdk/src/rp2_common/pico_int64_ops/pico_int64_ops_aeabi.S.obj
                0x10004430                __wrap___aeabi_lmul
 *fill*         0x10004462        0x2 
 .text.__aeabi_float_init
                0x10004464       0xfc CMakeFiles/UART.dir/C_/VSARM/sdk/pico/pico-sdk/src/rp2_common/pico_float/float_init_rom.c.obj
                0x10004464                __aeabi_float_init
 .text.float_table_shim_on_use_helper
                0x10004560       0x34 CMakeFiles/UART.dir/C_/VSARM/sdk/pico/pico-sdk/src/rp2_common/pico_float/float_v1_rom_shim.S.obj
                0x10004560                float_table_shim_on_use_helper
 .text          0x10004594       0x10 CMakeFiles/UART.dir/C_/VSARM/sdk/pico/pico-sdk/src/rp2_common/pico_mem_ops/mem_ops_aeabi.S.obj
                0x10004594                __aeabi_mem_init
 .text.memset   0x100045a4        0xc CMakeFiles/UART.dir/C_/VSARM/sdk/pico/pico-sdk/src/rp2_common/pico_mem_ops/mem_ops_aeabi.S.obj
                0x100045a4                __wrap_memset
 .text.memcpy   0x100045b0        0xc CMakeFiles/UART.dir/C_/VSARM/sdk/pico/pico-sdk/src/rp2_common/pico_mem_ops/mem_ops_aeabi.S.obj
                0x100045b0                __wrap_memcpy
                0x100045b0                __wrap___aeabi_memcpy
 .text.stdio_out_chars_no_crlf
                0x100045bc        0xe CMakeFiles/UART.dir/C_/VSARM/sdk/pico/pico-sdk/src/rp2_common/pico_stdio/stdio.c.obj
 *fill*         0x100045ca        0x2 
 .text.stdio_out_chars_crlf
                0x100045cc       0x80 CMakeFiles/UART.dir/C_/VSARM/sdk/pico/pico-sdk/src/rp2_common/pico_stdio/stdio.c.obj
 .text.stdio_stack_buffer_flush
                0x1000464c       0x44 CMakeFiles/UART.dir/C_/VSARM/sdk/pico/pico-sdk/src/rp2_common/pico_stdio/stdio.c.obj
 .text.stdio_buffered_printer
                0x10004690       0x20 CMakeFiles/UART.dir/C_/VSARM/sdk/pico/pico-sdk/src/rp2_common/pico_stdio/stdio.c.obj
 .text.update_us_since_boot
                0x100046b0       0x24 CMakeFiles/UART.dir/C_/VSARM/sdk/pico/pico-sdk/src/rp2_common/pico_stdio/stdio.c.obj
 .text.get_absolute_time
                0x100046d4       0x22 CMakeFiles/UART.dir/C_/VSARM/sdk/pico/pico-sdk/src/rp2_common/pico_stdio/stdio.c.obj
 *fill*         0x100046f6        0x2 
 .text.delayed_by_ms
                0x100046f8       0x44 CMakeFiles/UART.dir/C_/VSARM/sdk/pico/pico-sdk/src/rp2_common/pico_stdio/stdio.c.obj
 .text.make_timeout_time_ms
                0x1000473c       0x20 CMakeFiles/UART.dir/C_/VSARM/sdk/pico/pico-sdk/src/rp2_common/pico_stdio/stdio.c.obj
 .text.stdout_serialize_begin
                0x1000475c       0x20 CMakeFiles/UART.dir/C_/VSARM/sdk/pico/pico-sdk/src/rp2_common/pico_stdio/stdio.c.obj
                0x1000475c                stdout_serialize_begin
 .text.stdout_serialize_end
                0x1000477c       0x10 CMakeFiles/UART.dir/C_/VSARM/sdk/pico/pico-sdk/src/rp2_common/pico_stdio/stdio.c.obj
                0x1000477c                stdout_serialize_end
 .text.stdio_put_string
                0x1000478c       0x98 CMakeFiles/UART.dir/C_/VSARM/sdk/pico/pico-sdk/src/rp2_common/pico_stdio/stdio.c.obj
 .text.stdio_set_driver_enabled
                0x10004824       0x2c CMakeFiles/UART.dir/C_/VSARM/sdk/pico/pico-sdk/src/rp2_common/pico_stdio/stdio.c.obj
                0x10004824                stdio_set_driver_enabled
 .text.stdio_flush
                0x10004850       0x20 CMakeFiles/UART.dir/C_/VSARM/sdk/pico/pico-sdk/src/rp2_common/pico_stdio/stdio.c.obj
                0x10004850                stdio_flush
 .text.__wrap_puts
                0x10004870       0x1e CMakeFiles/UART.dir/C_/VSARM/sdk/pico/pico-sdk/src/rp2_common/pico_stdio/stdio.c.obj
                0x10004870                __wrap_puts
 *fill*         0x1000488e        0x2 
 .text.__wrap_vprintf
                0x10004890       0x40 CMakeFiles/UART.dir/C_/VSARM/sdk/pico/pico-sdk/src/rp2_common/pico_stdio/stdio.c.obj
                0x10004890                __wrap_vprintf
 .text.__wrap_printf
                0x100048d0       0x18 CMakeFiles/UART.dir/C_/VSARM/sdk/pico/pico-sdk/src/rp2_common/pico_stdio/stdio.c.obj
                0x100048d0                __wrap_printf
 .text.stdio_init_all
                0x100048e8        0x8 CMakeFiles/UART.dir/C_/VSARM/sdk/pico/pico-sdk/src/rp2_common/pico_stdio/stdio.c.obj
                0x100048e8                stdio_init_all
 .text.resetd_init
                0x100048f0        0x2 CMakeFiles/UART.dir/C_/VSARM/sdk/pico/pico-sdk/src/rp2_common/pico_stdio_usb/reset_interface.c.obj
 *fill*         0x100048f2        0x2 
 .text.resetd_reset
                0x100048f4        0xc CMakeFiles/UART.dir/C_/VSARM/sdk/pico/pico-sdk/src/rp2_common/pico_stdio_usb/reset_interface.c.obj
 .text.resetd_open
                0x10004900       0x34 CMakeFiles/UART.dir/C_/VSARM/sdk/pico/pico-sdk/src/rp2_common/pico_stdio_usb/reset_interface.c.obj
 .text.resetd_xfer_cb
                0x10004934        0x4 CMakeFiles/UART.dir/C_/VSARM/sdk/pico/pico-sdk/src/rp2_common/pico_stdio_usb/reset_interface.c.obj
 .text.reset_usb_boot
                0x10004938       0x18 CMakeFiles/UART.dir/C_/VSARM/sdk/pico/pico-sdk/src/rp2_common/pico_stdio_usb/reset_interface.c.obj
 .text.resetd_control_xfer_cb
                0x10004950       0x5c CMakeFiles/UART.dir/C_/VSARM/sdk/pico/pico-sdk/src/rp2_common/pico_stdio_usb/reset_interface.c.obj
 .text.usbd_app_driver_get_cb
                0x100049ac        0xc CMakeFiles/UART.dir/C_/VSARM/sdk/pico/pico-sdk/src/rp2_common/pico_stdio_usb/reset_interface.c.obj
                0x100049ac                usbd_app_driver_get_cb
 .text.tud_cdc_line_coding_cb
                0x100049b8       0x28 CMakeFiles/UART.dir/C_/VSARM/sdk/pico/pico-sdk/src/rp2_common/pico_stdio_usb/reset_interface.c.obj
                0x100049b8                tud_cdc_line_coding_cb
 .text.stdio_usb_set_chars_available_callback
                0x100049e0       0x14 CMakeFiles/UART.dir/C_/VSARM/sdk/pico/pico-sdk/src/rp2_common/pico_stdio_usb/stdio_usb.c.obj
                0x100049e0                stdio_usb_set_chars_available_callback
 .text.update_us_since_boot
                0x100049f4       0x24 CMakeFiles/UART.dir/C_/VSARM/sdk/pico/pico-sdk/src/rp2_common/pico_stdio_usb/stdio_usb.c.obj
 .text.get_absolute_time
                0x10004a18       0x22 CMakeFiles/UART.dir/C_/VSARM/sdk/pico/pico-sdk/src/rp2_common/pico_stdio_usb/stdio_usb.c.obj
 *fill*         0x10004a3a        0x2 
 .text.delayed_by_ms
                0x10004a3c       0x44 CMakeFiles/UART.dir/C_/VSARM/sdk/pico/pico-sdk/src/rp2_common/pico_stdio_usb/stdio_usb.c.obj
 .text.make_timeout_time_ms
                0x10004a80       0x20 CMakeFiles/UART.dir/C_/VSARM/sdk/pico/pico-sdk/src/rp2_common/pico_stdio_usb/stdio_usb.c.obj
 .text.delayed_by_us
                0x10004aa0       0x34 CMakeFiles/UART.dir/C_/VSARM/sdk/pico/pico-sdk/src/rp2_common/pico_stdio_usb/stdio_usb.c.obj
 .text.usb_irq  0x10004ad4       0x10 CMakeFiles/UART.dir/C_/VSARM/sdk/pico/pico-sdk/src/rp2_common/pico_stdio_usb/stdio_usb.c.obj
 .text.critical_section_enter_blocking
                0x10004ae4       0x16 CMakeFiles/UART.dir/C_/VSARM/sdk/pico/pico-sdk/src/rp2_common/pico_stdio_usb/stdio_usb.c.obj
 *fill*         0x10004afa        0x2 
 .text.timer_task
                0x10004afc       0x4c CMakeFiles/UART.dir/C_/VSARM/sdk/pico/pico-sdk/src/rp2_common/pico_stdio_usb/stdio_usb.c.obj
 .text.alarm_pool_add_alarm_in_us
                0x10004b48       0x3a CMakeFiles/UART.dir/C_/VSARM/sdk/pico/pico-sdk/src/rp2_common/pico_stdio_usb/stdio_usb.c.obj
 .text.add_alarm_in_us
                0x10004b82       0x2e CMakeFiles/UART.dir/C_/VSARM/sdk/pico/pico-sdk/src/rp2_common/pico_stdio_usb/stdio_usb.c.obj
 .text.low_priority_worker_irq
                0x10004bb0       0x7c CMakeFiles/UART.dir/C_/VSARM/sdk/pico/pico-sdk/src/rp2_common/pico_stdio_usb/stdio_usb.c.obj
 .text.tud_cdc_rx_cb
                0x10004c2c       0x20 CMakeFiles/UART.dir/C_/VSARM/sdk/pico/pico-sdk/src/rp2_common/pico_stdio_usb/stdio_usb.c.obj
                0x10004c2c                tud_cdc_rx_cb
 .text.stdio_usb_init
                0x10004c4c       0xd0 CMakeFiles/UART.dir/C_/VSARM/sdk/pico/pico-sdk/src/rp2_common/pico_stdio_usb/stdio_usb.c.obj
                0x10004c4c                stdio_usb_init
 .text.stdio_usb_connected
                0x10004d1c        0xa CMakeFiles/UART.dir/C_/VSARM/sdk/pico/pico-sdk/src/rp2_common/pico_stdio_usb/stdio_usb.c.obj
                0x10004d1c                stdio_usb_connected
 *fill*         0x10004d26        0x2 
 .text.stdio_usb_in_chars
                0x10004d28       0x88 CMakeFiles/UART.dir/C_/VSARM/sdk/pico/pico-sdk/src/rp2_common/pico_stdio_usb/stdio_usb.c.obj
                0x10004d28                stdio_usb_in_chars
 .text.stdio_usb_out_chars
                0x10004db0       0xd8 CMakeFiles/UART.dir/C_/VSARM/sdk/pico/pico-sdk/src/rp2_common/pico_stdio_usb/stdio_usb.c.obj
 .text.tud_descriptor_device_cb
                0x10004e88        0x8 CMakeFiles/UART.dir/C_/VSARM/sdk/pico/pico-sdk/src/rp2_common/pico_stdio_usb/stdio_usb_descriptors.c.obj
                0x10004e88                tud_descriptor_device_cb
 .text.tud_descriptor_configuration_cb
                0x10004e90        0x8 CMakeFiles/UART.dir/C_/VSARM/sdk/pico/pico-sdk/src/rp2_common/pico_stdio_usb/stdio_usb_descriptors.c.obj
                0x10004e90                tud_descriptor_configuration_cb
 .text.tud_descriptor_string_cb
                0x10004e98       0x6c CMakeFiles/UART.dir/C_/VSARM/sdk/pico/pico-sdk/src/rp2_common/pico_stdio_usb/stdio_usb_descriptors.c.obj
                0x10004e98                tud_descriptor_string_cb
 .text._retrieve_unique_id_on_boot
                0x10004f04       0x10 CMakeFiles/UART.dir/C_/VSARM/sdk/pico/pico-sdk/src/rp2_common/pico_unique_id/unique_id.c.obj
 .text.pico_get_unique_board_id_string
                0x10004f14       0x5c CMakeFiles/UART.dir/C_/VSARM/sdk/pico/pico-sdk/src/rp2_common/pico_unique_id/unique_id.c.obj
                0x10004f14                pico_get_unique_board_id_string
 .text.flash_get_unique_id
                0x10004f70       0x46 CMakeFiles/UART.dir/C_/VSARM/sdk/pico/pico-sdk/src/rp2_common/hardware_flash/flash.c.obj
                0x10004f70                flash_get_unique_id
 *fill*         0x10004fb6        0x2 
 .text.hw_endpoint_get_by_addr
                0x10004fb8       0x18 CMakeFiles/UART.dir/C_/VSARM/sdk/pico/pico-sdk/lib/tinyusb/src/portable/raspberrypi/rp2040/dcd_rp2040.c.obj
 .text._hw_endpoint_alloc
                0x10004fd0       0x70 CMakeFiles/UART.dir/C_/VSARM/sdk/pico/pico-sdk/lib/tinyusb/src/portable/raspberrypi/rp2040/dcd_rp2040.c.obj
 .text.hw_endpoint_init
                0x10005040       0x88 CMakeFiles/UART.dir/C_/VSARM/sdk/pico/pico-sdk/lib/tinyusb/src/portable/raspberrypi/rp2040/dcd_rp2040.c.obj
 .text.dcd_event_sof
                0x100050c8       0x2c CMakeFiles/UART.dir/C_/VSARM/sdk/pico/pico-sdk/lib/tinyusb/src/portable/raspberrypi/rp2040/dcd_rp2040.c.obj
 .text.hw_endpoint_xfer
                0x100050f4       0x14 CMakeFiles/UART.dir/C_/VSARM/sdk/pico/pico-sdk/lib/tinyusb/src/portable/raspberrypi/rp2040/dcd_rp2040.c.obj
 .text.dcd_int_enable
                0x10005108       0x2c CMakeFiles/UART.dir/C_/VSARM/sdk/pico/pico-sdk/lib/tinyusb/src/portable/raspberrypi/rp2040/dcd_rp2040.c.obj
                0x10005108                dcd_int_enable
 .text.dcd_set_address
                0x10005134       0x2c CMakeFiles/UART.dir/C_/VSARM/sdk/pico/pico-sdk/lib/tinyusb/src/portable/raspberrypi/rp2040/dcd_rp2040.c.obj
                0x10005134                dcd_set_address
 .text.dcd_connect
                0x10005160       0x10 CMakeFiles/UART.dir/C_/VSARM/sdk/pico/pico-sdk/lib/tinyusb/src/portable/raspberrypi/rp2040/dcd_rp2040.c.obj
                0x10005160                dcd_connect
 .text.dcd_init
                0x10005170       0x80 CMakeFiles/UART.dir/C_/VSARM/sdk/pico/pico-sdk/lib/tinyusb/src/portable/raspberrypi/rp2040/dcd_rp2040.c.obj
                0x10005170                dcd_init
 .text.dcd_edpt0_status_complete
                0x100051f0       0x1c CMakeFiles/UART.dir/C_/VSARM/sdk/pico/pico-sdk/lib/tinyusb/src/portable/raspberrypi/rp2040/dcd_rp2040.c.obj
                0x100051f0                dcd_edpt0_status_complete
 .text.dcd_edpt_open
                0x1000520c       0x40 CMakeFiles/UART.dir/C_/VSARM/sdk/pico/pico-sdk/lib/tinyusb/src/portable/raspberrypi/rp2040/dcd_rp2040.c.obj
                0x1000520c                dcd_edpt_open
 .text.dcd_edpt_close_all
                0x1000524c        0x8 CMakeFiles/UART.dir/C_/VSARM/sdk/pico/pico-sdk/lib/tinyusb/src/portable/raspberrypi/rp2040/dcd_rp2040.c.obj
                0x1000524c                dcd_edpt_close_all
 .text.dcd_edpt_xfer
                0x10005254       0x34 CMakeFiles/UART.dir/C_/VSARM/sdk/pico/pico-sdk/lib/tinyusb/src/portable/raspberrypi/rp2040/dcd_rp2040.c.obj
                0x10005254                dcd_edpt_xfer
 .text.dcd_edpt_stall
                0x10005288       0x2c CMakeFiles/UART.dir/C_/VSARM/sdk/pico/pico-sdk/lib/tinyusb/src/portable/raspberrypi/rp2040/dcd_rp2040.c.obj
                0x10005288                dcd_edpt_stall
 .text.dcd_edpt_clear_stall
                0x100052b4       0x20 CMakeFiles/UART.dir/C_/VSARM/sdk/pico/pico-sdk/lib/tinyusb/src/portable/raspberrypi/rp2040/dcd_rp2040.c.obj
                0x100052b4                dcd_edpt_clear_stall
 .text.rp2040_usb_init
                0x100052d4       0x4c CMakeFiles/UART.dir/C_/VSARM/sdk/pico/pico-sdk/lib/tinyusb/src/portable/raspberrypi/rp2040/rp2040_usb.c.obj
                0x100052d4                rp2040_usb_init
 .text.hw_endpoint_xfer_start
                0x10005320       0x50 CMakeFiles/UART.dir/C_/VSARM/sdk/pico/pico-sdk/lib/tinyusb/src/portable/raspberrypi/rp2040/rp2040_usb.c.obj
                0x10005320                hw_endpoint_xfer_start
 .text.configuration_reset
                0x10005370       0x84 CMakeFiles/UART.dir/C_/VSARM/sdk/pico/pico-sdk/lib/tinyusb/src/device/usbd.c.obj
 .text.critical_section_enter_blocking
                0x100053f4       0x16 CMakeFiles/UART.dir/C_/VSARM/sdk/pico/pico-sdk/lib/tinyusb/src/device/usbd.c.obj
 .text.usbd_reset
                0x1000540a        0xc CMakeFiles/UART.dir/C_/VSARM/sdk/pico/pico-sdk/lib/tinyusb/src/device/usbd.c.obj
 .text.invoke_class_control
                0x10005416       0x1a CMakeFiles/UART.dir/C_/VSARM/sdk/pico/pico-sdk/lib/tinyusb/src/device/usbd.c.obj
 .text.process_set_config
                0x10005430      0x178 CMakeFiles/UART.dir/C_/VSARM/sdk/pico/pico-sdk/lib/tinyusb/src/device/usbd.c.obj
 .text.process_get_descriptor
                0x100055a8       0xdc CMakeFiles/UART.dir/C_/VSARM/sdk/pico/pico-sdk/lib/tinyusb/src/device/usbd.c.obj
 .text.tud_mounted
                0x10005684       0x10 CMakeFiles/UART.dir/C_/VSARM/sdk/pico/pico-sdk/lib/tinyusb/src/device/usbd.c.obj
                0x10005684                tud_mounted
 .text.tud_suspended
                0x10005694       0x10 CMakeFiles/UART.dir/C_/VSARM/sdk/pico/pico-sdk/lib/tinyusb/src/device/usbd.c.obj
                0x10005694                tud_suspended
 .text.tud_inited
                0x100056a4       0x14 CMakeFiles/UART.dir/C_/VSARM/sdk/pico/pico-sdk/lib/tinyusb/src/device/usbd.c.obj
                0x100056a4                tud_inited
 .text.tud_init
                0x100056b8       0xcc CMakeFiles/UART.dir/C_/VSARM/sdk/pico/pico-sdk/lib/tinyusb/src/device/usbd.c.obj
                0x100056b8                tud_init
 .text.usbd_defer_func
                0x10005784       0x2a CMakeFiles/UART.dir/C_/VSARM/sdk/pico/pico-sdk/lib/tinyusb/src/device/usbd.c.obj
                0x10005784                usbd_defer_func
 *fill*         0x100057ae        0x2 
 .text.usbd_edpt_open
                0x100057b0       0x34 CMakeFiles/UART.dir/C_/VSARM/sdk/pico/pico-sdk/lib/tinyusb/src/device/usbd.c.obj
                0x100057b0                usbd_edpt_open
 .text.usbd_open_edpt_pair
                0x100057e4       0x62 CMakeFiles/UART.dir/C_/VSARM/sdk/pico/pico-sdk/lib/tinyusb/src/device/usbd.c.obj
                0x100057e4                usbd_open_edpt_pair
 *fill*         0x10005846        0x2 
 .text.usbd_edpt_claim
                0x10005848       0x28 CMakeFiles/UART.dir/C_/VSARM/sdk/pico/pico-sdk/lib/tinyusb/src/device/usbd.c.obj
                0x10005848                usbd_edpt_claim
 .text.usbd_edpt_release
                0x10005870       0x28 CMakeFiles/UART.dir/C_/VSARM/sdk/pico/pico-sdk/lib/tinyusb/src/device/usbd.c.obj
                0x10005870                usbd_edpt_release
 .text.usbd_edpt_xfer
                0x10005898       0x78 CMakeFiles/UART.dir/C_/VSARM/sdk/pico/pico-sdk/lib/tinyusb/src/device/usbd.c.obj
                0x10005898                usbd_edpt_xfer
 .text.usbd_edpt_stall
                0x10005910       0x48 CMakeFiles/UART.dir/C_/VSARM/sdk/pico/pico-sdk/lib/tinyusb/src/device/usbd.c.obj
                0x10005910                usbd_edpt_stall
 .text.usbd_edpt_clear_stall
                0x10005958       0x48 CMakeFiles/UART.dir/C_/VSARM/sdk/pico/pico-sdk/lib/tinyusb/src/device/usbd.c.obj
                0x10005958                usbd_edpt_clear_stall
 .text.usbd_edpt_stalled
                0x100059a0       0x1c CMakeFiles/UART.dir/C_/VSARM/sdk/pico/pico-sdk/lib/tinyusb/src/device/usbd.c.obj
                0x100059a0                usbd_edpt_stalled
 .text.process_control_request
                0x100059bc      0x374 CMakeFiles/UART.dir/C_/VSARM/sdk/pico/pico-sdk/lib/tinyusb/src/device/usbd.c.obj
 .text.tud_task_ext
                0x10005d30      0x1a8 CMakeFiles/UART.dir/C_/VSARM/sdk/pico/pico-sdk/lib/tinyusb/src/device/usbd.c.obj
                0x10005d30                tud_task_ext
 .text._status_stage_xact
                0x10005ed8       0x1a CMakeFiles/UART.dir/C_/VSARM/sdk/pico/pico-sdk/lib/tinyusb/src/device/usbd_control.c.obj
 *fill*         0x10005ef2        0x2 
 .text._data_stage_xact
                0x10005ef4       0x58 CMakeFiles/UART.dir/C_/VSARM/sdk/pico/pico-sdk/lib/tinyusb/src/device/usbd_control.c.obj
 .text.tud_control_status
                0x10005f4c       0x28 CMakeFiles/UART.dir/C_/VSARM/sdk/pico/pico-sdk/lib/tinyusb/src/device/usbd_control.c.obj
                0x10005f4c                tud_control_status
 .text.tud_control_xfer
                0x10005f74       0x68 CMakeFiles/UART.dir/C_/VSARM/sdk/pico/pico-sdk/lib/tinyusb/src/device/usbd_control.c.obj
                0x10005f74                tud_control_xfer
 .text.usbd_control_reset
                0x10005fdc       0x14 CMakeFiles/UART.dir/C_/VSARM/sdk/pico/pico-sdk/lib/tinyusb/src/device/usbd_control.c.obj
                0x10005fdc                usbd_control_reset
 .text.usbd_control_set_complete_callback
                0x10005ff0        0xc CMakeFiles/UART.dir/C_/VSARM/sdk/pico/pico-sdk/lib/tinyusb/src/device/usbd_control.c.obj
                0x10005ff0                usbd_control_set_complete_callback
 .text.usbd_control_set_request
                0x10005ffc       0x1c CMakeFiles/UART.dir/C_/VSARM/sdk/pico/pico-sdk/lib/tinyusb/src/device/usbd_control.c.obj
                0x10005ffc                usbd_control_set_request
 .text.usbd_control_xfer_cb
                0x10006018       0xbc CMakeFiles/UART.dir/C_/VSARM/sdk/pico/pico-sdk/lib/tinyusb/src/device/usbd_control.c.obj
                0x10006018                usbd_control_xfer_cb
 .text._prep_out_transaction
                0x100060d4       0x4a CMakeFiles/UART.dir/C_/VSARM/sdk/pico/pico-sdk/lib/tinyusb/src/class/cdc/cdc_device.c.obj
 *fill*         0x1000611e        0x2 
 .text.tud_cdc_n_connected
                0x10006120       0x38 CMakeFiles/UART.dir/C_/VSARM/sdk/pico/pico-sdk/lib/tinyusb/src/class/cdc/cdc_device.c.obj
                0x10006120                tud_cdc_n_connected
 .text.tud_cdc_n_available
                0x10006158       0x18 CMakeFiles/UART.dir/C_/VSARM/sdk/pico/pico-sdk/lib/tinyusb/src/class/cdc/cdc_device.c.obj
                0x10006158                tud_cdc_n_available
 .text.tud_cdc_n_read
                0x10006170       0x28 CMakeFiles/UART.dir/C_/VSARM/sdk/pico/pico-sdk/lib/tinyusb/src/class/cdc/cdc_device.c.obj
                0x10006170                tud_cdc_n_read
 .text.tud_cdc_n_write_flush
                0x10006198       0xb8 CMakeFiles/UART.dir/C_/VSARM/sdk/pico/pico-sdk/lib/tinyusb/src/class/cdc/cdc_device.c.obj
                0x10006198                tud_cdc_n_write_flush
 .text.tud_cdc_n_write
                0x10006250       0x38 CMakeFiles/UART.dir/C_/VSARM/sdk/pico/pico-sdk/lib/tinyusb/src/class/cdc/cdc_device.c.obj
                0x10006250                tud_cdc_n_write
 .text.tud_cdc_n_write_available
                0x10006288       0x1c CMakeFiles/UART.dir/C_/VSARM/sdk/pico/pico-sdk/lib/tinyusb/src/class/cdc/cdc_device.c.obj
                0x10006288                tud_cdc_n_write_available
 .text.cdcd_init
                0x100062a4       0xbc CMakeFiles/UART.dir/C_/VSARM/sdk/pico/pico-sdk/lib/tinyusb/src/class/cdc/cdc_device.c.obj
                0x100062a4                cdcd_init
 .text.cdcd_reset
                0x10006360       0x44 CMakeFiles/UART.dir/C_/VSARM/sdk/pico/pico-sdk/lib/tinyusb/src/class/cdc/cdc_device.c.obj
                0x10006360                cdcd_reset
 .text.cdcd_open
                0x100063a4       0xc4 CMakeFiles/UART.dir/C_/VSARM/sdk/pico/pico-sdk/lib/tinyusb/src/class/cdc/cdc_device.c.obj
                0x100063a4                cdcd_open
 .text.cdcd_control_xfer_cb
                0x10006468      0x134 CMakeFiles/UART.dir/C_/VSARM/sdk/pico/pico-sdk/lib/tinyusb/src/class/cdc/cdc_device.c.obj
                0x10006468                cdcd_control_xfer_cb
 .text.cdcd_xfer_cb
                0x1000659c      0x130 CMakeFiles/UART.dir/C_/VSARM/sdk/pico/pico-sdk/lib/tinyusb/src/class/cdc/cdc_device.c.obj
                0x1000659c                cdcd_xfer_cb
 .text.tusb_init
                0x100066cc        0xa CMakeFiles/UART.dir/C_/VSARM/sdk/pico/pico-sdk/lib/tinyusb/src/tusb.c.obj
                0x100066cc                tusb_init
 .text.tusb_inited
                0x100066d6        0xe CMakeFiles/UART.dir/C_/VSARM/sdk/pico/pico-sdk/lib/tinyusb/src/tusb.c.obj
                0x100066d6                tusb_inited
 .text.tu_edpt_claim
                0x100066e4       0x50 CMakeFiles/UART.dir/C_/VSARM/sdk/pico/pico-sdk/lib/tinyusb/src/tusb.c.obj
                0x100066e4                tu_edpt_claim
 .text.tu_edpt_release
                0x10006734       0x38 CMakeFiles/UART.dir/C_/VSARM/sdk/pico/pico-sdk/lib/tinyusb/src/tusb.c.obj
                0x10006734                tu_edpt_release
 .text.tu_edpt_validate
                0x1000676c       0x78 CMakeFiles/UART.dir/C_/VSARM/sdk/pico/pico-sdk/lib/tinyusb/src/tusb.c.obj
                0x1000676c                tu_edpt_validate
 .text.tu_edpt_bind_driver
                0x100067e4       0x26 CMakeFiles/UART.dir/C_/VSARM/sdk/pico/pico-sdk/lib/tinyusb/src/tusb.c.obj
                0x100067e4                tu_edpt_bind_driver
 .text.advance_index
                0x1000680a       0x1a CMakeFiles/UART.dir/C_/VSARM/sdk/pico/pico-sdk/lib/tinyusb/src/common/tusb_fifo.c.obj
 .text._tu_fifo_peek
                0x10006824       0x56 CMakeFiles/UART.dir/C_/VSARM/sdk/pico/pico-sdk/lib/tinyusb/src/common/tusb_fifo.c.obj
 .text._ff_pull_const_addr
                0x1000687a       0x4c CMakeFiles/UART.dir/C_/VSARM/sdk/pico/pico-sdk/lib/tinyusb/src/common/tusb_fifo.c.obj
 .text._ff_pull_n
                0x100068c6      0x110 CMakeFiles/UART.dir/C_/VSARM/sdk/pico/pico-sdk/lib/tinyusb/src/common/tusb_fifo.c.obj
 .text._tu_fifo_peek_n
                0x100069d6       0x6a CMakeFiles/UART.dir/C_/VSARM/sdk/pico/pico-sdk/lib/tinyusb/src/common/tusb_fifo.c.obj
 .text._tu_fifo_read_n
                0x10006a40       0x4e CMakeFiles/UART.dir/C_/VSARM/sdk/pico/pico-sdk/lib/tinyusb/src/common/tusb_fifo.c.obj
 .text._ff_push_const_addr
                0x10006a8e       0x40 CMakeFiles/UART.dir/C_/VSARM/sdk/pico/pico-sdk/lib/tinyusb/src/common/tusb_fifo.c.obj
 .text._ff_push_n
                0x10006ace      0x10c CMakeFiles/UART.dir/C_/VSARM/sdk/pico/pico-sdk/lib/tinyusb/src/common/tusb_fifo.c.obj
 .text._tu_fifo_write_n
                0x10006bda       0xf0 CMakeFiles/UART.dir/C_/VSARM/sdk/pico/pico-sdk/lib/tinyusb/src/common/tusb_fifo.c.obj
 .text.tu_fifo_config
                0x10006cca       0x7c CMakeFiles/UART.dir/C_/VSARM/sdk/pico/pico-sdk/lib/tinyusb/src/common/tusb_fifo.c.obj
                0x10006cca                tu_fifo_config
 .text.tu_fifo_count
                0x10006d46       0x2a CMakeFiles/UART.dir/C_/VSARM/sdk/pico/pico-sdk/lib/tinyusb/src/common/tusb_fifo.c.obj
                0x10006d46                tu_fifo_count
 .text.tu_fifo_empty
                0x10006d70        0xe CMakeFiles/UART.dir/C_/VSARM/sdk/pico/pico-sdk/lib/tinyusb/src/common/tusb_fifo.c.obj
                0x10006d70                tu_fifo_empty
 .text.tu_fifo_full
                0x10006d7e       0x28 CMakeFiles/UART.dir/C_/VSARM/sdk/pico/pico-sdk/lib/tinyusb/src/common/tusb_fifo.c.obj
                0x10006d7e                tu_fifo_full
 .text.tu_fifo_remaining
                0x10006da6       0x2c CMakeFiles/UART.dir/C_/VSARM/sdk/pico/pico-sdk/lib/tinyusb/src/common/tusb_fifo.c.obj
                0x10006da6                tu_fifo_remaining
 .text.tu_fifo_read
                0x10006dd2       0x42 CMakeFiles/UART.dir/C_/VSARM/sdk/pico/pico-sdk/lib/tinyusb/src/common/tusb_fifo.c.obj
                0x10006dd2                tu_fifo_read
 .text.tu_fifo_read_n
                0x10006e14        0xa CMakeFiles/UART.dir/C_/VSARM/sdk/pico/pico-sdk/lib/tinyusb/src/common/tusb_fifo.c.obj
                0x10006e14                tu_fifo_read_n
 .text.tu_fifo_write
                0x10006e1e       0x64 CMakeFiles/UART.dir/C_/VSARM/sdk/pico/pico-sdk/lib/tinyusb/src/common/tusb_fifo.c.obj
                0x10006e1e                tu_fifo_write
 .text.tu_fifo_write_n
                0x10006e82        0xa CMakeFiles/UART.dir/C_/VSARM/sdk/pico/pico-sdk/lib/tinyusb/src/common/tusb_fifo.c.obj
                0x10006e82                tu_fifo_write_n
 .text.tu_fifo_clear
                0x10006e8c       0x3e CMakeFiles/UART.dir/C_/VSARM/sdk/pico/pico-sdk/lib/tinyusb/src/common/tusb_fifo.c.obj
                0x10006e8c                tu_fifo_clear
 .text.tu_fifo_set_overwritable
                0x10006eca       0x46 CMakeFiles/UART.dir/C_/VSARM/sdk/pico/pico-sdk/lib/tinyusb/src/common/tusb_fifo.c.obj
                0x10006eca                tu_fifo_set_overwritable
 .text.strlen   0x10006f10       0x5c c:/vsarm/armcc/125863~1.3re/bin/../lib/gcc/arm-none-eabi/12.3.1/thumb/v6-m/nofp\libg.a(libc_a-strlen-stub.o)
                0x10006f10                strlen
 *(.fini)
 .fini          0x10006f6c        0x4 c:/vsarm/armcc/125863~1.3re/bin/../lib/gcc/arm-none-eabi/12.3.1/thumb/v6-m/nofp/crti.o
                0x10006f6c                _fini
 .fini.__stub   0x10006f70       0xe0 linker stubs
 *crtbegin.o(.ctors)
 *crtbegin?.o(.ctors)
 *(EXCLUDE_FILE(*crtend.o *crtend?.o) .ctors)
 *(SORT_BY_NAME(.ctors.*))
 *(.ctors)
 *crtbegin.o(.dtors)
 *crtbegin?.o(.dtors)
 *(EXCLUDE_FILE(*crtend.o *crtend?.o) .dtors)
 *(SORT_BY_NAME(.dtors.*))
 *(.dtors)
 *(.eh_frame*)
 .eh_frame      0x10007050        0x0 c:/vsarm/armcc/125863~1.3re/bin/../lib/gcc/arm-none-eabi/12.3.1/thumb/v6-m/nofp/crtbegin.o
                0x10007050                        . = ALIGN (0x4)

.glue_7         0x10007050        0x0
 .glue_7        0x10007050        0x0 linker stubs

.glue_7t        0x10007050        0x0
 .glue_7t       0x10007050        0x0 linker stubs

.vfp11_veneer   0x10007050        0x0
 .vfp11_veneer  0x10007050        0x0 linker stubs

.v4_bx          0x10007050        0x0
 .v4_bx         0x10007050        0x0 linker stubs

.iplt           0x10007050        0x0
 .iplt          0x10007050        0x0 c:/vsarm/armcc/125863~1.3re/bin/../lib/gcc/arm-none-eabi/12.3.1/thumb/v6-m/nofp/crtbegin.o

.rodata         0x10007050     0x1598
 *(EXCLUDE_FILE(*libm.a: *libc.a:*lib_a-mem*.o *libgcc.a:) .rodata*)
 .rodata.main.str1.4
                0x10007050       0x87 CMakeFiles/UART.dir/main.c.obj
 *fill*         0x100070d7        0x1 
 .rodata.spin_lock_claim_unused.str1.4
                0x100070d8       0x1b CMakeFiles/UART.dir/C_/VSARM/sdk/pico/pico-sdk/src/rp2_common/hardware_sync/sync.c.obj
 *fill*         0x100070f3        0x1 
 .rodata.resolve_branch.str1.4
                0x100070f4       0x55 CMakeFiles/UART.dir/C_/VSARM/sdk/pico/pico-sdk/src/rp2_common/hardware_irq/irq.c.obj
 *fill*         0x10007149        0x3 
 .rodata.make_branch.str1.4
                0x1000714c       0x30 CMakeFiles/UART.dir/C_/VSARM/sdk/pico/pico-sdk/src/rp2_common/hardware_irq/irq.c.obj
 .rodata.insert_branch_and_link.str1.4
                0x1000717c       0x10 CMakeFiles/UART.dir/C_/VSARM/sdk/pico/pico-sdk/src/rp2_common/hardware_irq/irq.c.obj
 .rodata.irq_set_exclusive_handler.str1.4
                0x1000718c       0x36 CMakeFiles/UART.dir/C_/VSARM/sdk/pico/pico-sdk/src/rp2_common/hardware_irq/irq.c.obj
 *fill*         0x100071c2        0x2 
 .rodata.irq_add_shared_handler.str1.4
                0x100071c4       0xc2 CMakeFiles/UART.dir/C_/VSARM/sdk/pico/pico-sdk/src/rp2_common/hardware_irq/irq.c.obj
 *fill*         0x10007286        0x2 
 .rodata.irq_remove_handler.str1.4
                0x10007288       0x3a CMakeFiles/UART.dir/C_/VSARM/sdk/pico/pico-sdk/src/rp2_common/hardware_irq/irq.c.obj
 *fill*         0x100072c2        0x2 
 .rodata.irq_add_tail_to_free_list.str1.4
                0x100072c4       0x3a CMakeFiles/UART.dir/C_/VSARM/sdk/pico/pico-sdk/src/rp2_common/hardware_irq/irq.c.obj
 *fill*         0x100072fe        0x2 
 .rodata.user_irq_claim_unused.str1.4
                0x10007300       0x1b CMakeFiles/UART.dir/C_/VSARM/sdk/pico/pico-sdk/src/rp2_common/hardware_irq/irq.c.obj
 *fill*         0x1000731b        0x1 
 .rodata.__func__.0
                0x1000731c       0x1a CMakeFiles/UART.dir/C_/VSARM/sdk/pico/pico-sdk/src/rp2_common/hardware_irq/irq.c.obj
 *fill*         0x10007336        0x2 
 .rodata.__func__.1
                0x10007338       0x17 CMakeFiles/UART.dir/C_/VSARM/sdk/pico/pico-sdk/src/rp2_common/hardware_irq/irq.c.obj
 *fill*         0x1000734f        0x1 
 .rodata.__func__.2
                0x10007350       0x13 CMakeFiles/UART.dir/C_/VSARM/sdk/pico/pico-sdk/src/rp2_common/hardware_irq/irq.c.obj
 *fill*         0x10007363        0x1 
 .rodata.__func__.3
                0x10007364        0xc CMakeFiles/UART.dir/C_/VSARM/sdk/pico/pico-sdk/src/rp2_common/hardware_irq/irq.c.obj
 .rodata.__func__.4
                0x10007370        0xf CMakeFiles/UART.dir/C_/VSARM/sdk/pico/pico-sdk/src/rp2_common/hardware_irq/irq.c.obj
 *fill*         0x1000737f        0x1 
 .rodata.__func__.5
                0x10007380       0x17 CMakeFiles/UART.dir/C_/VSARM/sdk/pico/pico-sdk/src/rp2_common/hardware_irq/irq.c.obj
 *fill*         0x10007397        0x1 
 .rodata.__func__.6
                0x10007398       0x1a CMakeFiles/UART.dir/C_/VSARM/sdk/pico/pico-sdk/src/rp2_common/hardware_irq/irq.c.obj
 *fill*         0x100073b2        0x2 
 .rodata.update_us_since_boot.str1.4
                0x100073b4       0x61 CMakeFiles/UART.dir/C_/VSARM/sdk/pico/pico-sdk/src/common/pico_sync/mutex.c.obj
 *fill*         0x10007415        0x3 
 .rodata.str1.4
                0x10007418       0x89 CMakeFiles/UART.dir/C_/VSARM/sdk/pico/pico-sdk/src/common/pico_sync/mutex.c.obj
 *fill*         0x100074a1        0x3 
 .rodata.__func__.1
                0x100074a4        0xb CMakeFiles/UART.dir/C_/VSARM/sdk/pico/pico-sdk/src/common/pico_sync/mutex.c.obj
 *fill*         0x100074af        0x1 
 .rodata.__func__.3
                0x100074b0       0x18 CMakeFiles/UART.dir/C_/VSARM/sdk/pico/pico-sdk/src/common/pico_sync/mutex.c.obj
 .rodata.__func__.4
                0x100074c8       0x15 CMakeFiles/UART.dir/C_/VSARM/sdk/pico/pico-sdk/src/common/pico_sync/mutex.c.obj
 *fill*         0x100074dd        0x3 
 .rodata.get_entry.str1.4
                0x100074e0       0x5b CMakeFiles/UART.dir/C_/VSARM/sdk/pico/pico-sdk/src/common/pico_time/time.c.obj
 .rodata.update_us_since_boot.str1.4
                0x1000753b       0x61 CMakeFiles/UART.dir/C_/VSARM/sdk/pico/pico-sdk/src/common/pico_time/time.c.obj
 *fill*         0x1000753b        0x1 
 .rodata.ph_get_node.str1.4
                0x1000753c       0x66 CMakeFiles/UART.dir/C_/VSARM/sdk/pico/pico-sdk/src/common/pico_time/time.c.obj
 *fill*         0x100075a2        0x2 
 .rodata.ph_add_child_node.str1.4
                0x100075a4       0x2e CMakeFiles/UART.dir/C_/VSARM/sdk/pico/pico-sdk/src/common/pico_time/time.c.obj
 *fill*         0x100075d2        0x2 
 .rodata.ph_insert_node.str1.4
                0x100075d4        0x3 CMakeFiles/UART.dir/C_/VSARM/sdk/pico/pico-sdk/src/common/pico_time/time.c.obj
 *fill*         0x100075d7        0x1 
 .rodata.ph_free_node.str1.4
                0x100075d8       0x38 CMakeFiles/UART.dir/C_/VSARM/sdk/pico/pico-sdk/src/common/pico_time/time.c.obj
 .rodata.add_alarm_under_lock.str1.4
                0x10007610       0x28 CMakeFiles/UART.dir/C_/VSARM/sdk/pico/pico-sdk/src/common/pico_time/time.c.obj
 .rodata.alarm_pool_alarm_callback.str1.4
                0x10007638       0x60 CMakeFiles/UART.dir/C_/VSARM/sdk/pico/pico-sdk/src/common/pico_time/time.c.obj
 .rodata.alarm_pool_get_default.str1.4
                0x10007698       0x21 CMakeFiles/UART.dir/C_/VSARM/sdk/pico/pico-sdk/src/common/pico_time/time.c.obj
 *fill*         0x100076b9        0x3 
 .rodata.alarm_pool_cancel_alarm.str1.4
                0x100076bc       0x27 CMakeFiles/UART.dir/C_/VSARM/sdk/pico/pico-sdk/src/common/pico_time/time.c.obj
 *fill*         0x100076e3        0x1 
 .rodata.sleep_until.str1.4
                0x100076e4       0x4d CMakeFiles/UART.dir/C_/VSARM/sdk/pico/pico-sdk/src/common/pico_time/time.c.obj
 *fill*         0x10007731        0x3 
 .rodata.__func__.1
                0x10007734       0x18 CMakeFiles/UART.dir/C_/VSARM/sdk/pico/pico-sdk/src/common/pico_time/time.c.obj
 .rodata.__func__.3
                0x1000774c       0x17 CMakeFiles/UART.dir/C_/VSARM/sdk/pico/pico-sdk/src/common/pico_time/time.c.obj
 *fill*         0x10007763        0x1 
 .rodata.__func__.4
                0x10007764       0x12 CMakeFiles/UART.dir/C_/VSARM/sdk/pico/pico-sdk/src/common/pico_time/time.c.obj
 *fill*         0x10007776        0x2 
 .rodata.__func__.5
                0x10007778        0xd CMakeFiles/UART.dir/C_/VSARM/sdk/pico/pico-sdk/src/common/pico_time/time.c.obj
 *fill*         0x10007785        0x3 
 .rodata.__func__.6
                0x10007788       0x12 CMakeFiles/UART.dir/C_/VSARM/sdk/pico/pico-sdk/src/common/pico_time/time.c.obj
 *fill*         0x1000779a        0x2 
 .rodata.__func__.7
                0x1000779c        0xf CMakeFiles/UART.dir/C_/VSARM/sdk/pico/pico-sdk/src/common/pico_time/time.c.obj
 *fill*         0x100077ab        0x1 
 .rodata.__func__.8
                0x100077ac        0xc CMakeFiles/UART.dir/C_/VSARM/sdk/pico/pico-sdk/src/common/pico_time/time.c.obj
 .rodata.__func__.9
                0x100077b8       0x15 CMakeFiles/UART.dir/C_/VSARM/sdk/pico/pico-sdk/src/common/pico_time/time.c.obj
 *fill*         0x100077cd        0x3 
 .rodata.__func__.10
                0x100077d0       0x15 CMakeFiles/UART.dir/C_/VSARM/sdk/pico/pico-sdk/src/common/pico_time/time.c.obj
 *fill*         0x100077e5        0x3 
 .rodata.__func__.11
                0x100077e8       0x1a CMakeFiles/UART.dir/C_/VSARM/sdk/pico/pico-sdk/src/common/pico_time/time.c.obj
 *fill*         0x10007802        0x2 
 .rodata.__func__.12
                0x10007804        0xa CMakeFiles/UART.dir/C_/VSARM/sdk/pico/pico-sdk/src/common/pico_time/time.c.obj
 .rodata.update_us_since_boot.str1.4
                0x1000780e       0x61 CMakeFiles/UART.dir/C_/VSARM/sdk/pico/pico-sdk/src/rp2_common/hardware_timer/timer.c.obj
 *fill*         0x1000780e        0x2 
 .rodata.hardware_alarm_claim.str1.4
                0x10007810       0x22 CMakeFiles/UART.dir/C_/VSARM/sdk/pico/pico-sdk/src/rp2_common/hardware_timer/timer.c.obj
 *fill*         0x10007832        0x2 
 .rodata.hardware_alarm_set_target.str1.4
                0x10007834       0x65 CMakeFiles/UART.dir/C_/VSARM/sdk/pico/pico-sdk/src/rp2_common/hardware_timer/timer.c.obj
 *fill*         0x10007899        0x3 
 .rodata.__func__.0
                0x1000789c       0x1a CMakeFiles/UART.dir/C_/VSARM/sdk/pico/pico-sdk/src/rp2_common/hardware_timer/timer.c.obj
 *fill*         0x100078b6        0x2 
 .rodata.__func__.1
                0x100078b8       0x15 CMakeFiles/UART.dir/C_/VSARM/sdk/pico/pico-sdk/src/rp2_common/hardware_timer/timer.c.obj
 .rodata.ph_get_node.str1.4
                0x100078cd       0x66 CMakeFiles/UART.dir/C_/VSARM/sdk/pico/pico-sdk/src/common/pico_util/pheap.c.obj
 .rodata.ph_add_child_node.str1.4
                0x100078cd       0x2e CMakeFiles/UART.dir/C_/VSARM/sdk/pico/pico-sdk/src/common/pico_util/pheap.c.obj
 *fill*         0x100078cd        0x3 
 .rodata.ph_remove_any_head.str1.4
                0x100078d0       0x8c CMakeFiles/UART.dir/C_/VSARM/sdk/pico/pico-sdk/src/common/pico_util/pheap.c.obj
                                 0xa0 (size before relaxing)
 .rodata.ph_remove_and_free_node.str1.4
                0x1000795c       0x1e CMakeFiles/UART.dir/C_/VSARM/sdk/pico/pico-sdk/src/common/pico_util/pheap.c.obj
                                 0x26 (size before relaxing)
 *fill*         0x1000797a        0x2 
 .rodata.__func__.0
                0x1000797c       0x18 CMakeFiles/UART.dir/C_/VSARM/sdk/pico/pico-sdk/src/common/pico_util/pheap.c.obj
 .rodata.__func__.1
                0x10007994       0x13 CMakeFiles/UART.dir/C_/VSARM/sdk/pico/pico-sdk/src/common/pico_util/pheap.c.obj
 *fill*         0x100079a7        0x1 
 .rodata.__func__.2
                0x100079a8       0x12 CMakeFiles/UART.dir/C_/VSARM/sdk/pico/pico-sdk/src/common/pico_util/pheap.c.obj
 *fill*         0x100079ba        0x2 
 .rodata.__func__.3
                0x100079bc        0xc CMakeFiles/UART.dir/C_/VSARM/sdk/pico/pico-sdk/src/common/pico_util/pheap.c.obj
 .rodata.clock_configure.str1.4
                0x100079c8       0x57 CMakeFiles/UART.dir/C_/VSARM/sdk/pico/pico-sdk/src/rp2_common/hardware_clocks/clocks.c.obj
 *fill*         0x10007a1f        0x1 
 .rodata.__func__.1
                0x10007a20       0x10 CMakeFiles/UART.dir/C_/VSARM/sdk/pico/pico-sdk/src/rp2_common/hardware_clocks/clocks.c.obj
 .rodata.pll_init.str1.4
                0x10007a30      0x124 CMakeFiles/UART.dir/C_/VSARM/sdk/pico/pico-sdk/src/rp2_common/hardware_pll/pll.c.obj
 .rodata.__func__.0
                0x10007b54        0x9 CMakeFiles/UART.dir/C_/VSARM/sdk/pico/pico-sdk/src/rp2_common/hardware_pll/pll.c.obj
 *fill*         0x10007b5d        0x3 
 .rodata.__assert_func.str1.4
                0x10007b60       0x3f CMakeFiles/UART.dir/C_/VSARM/sdk/pico/pico-sdk/src/rp2_common/pico_runtime/runtime.c.obj
                                 0x43 (size before relaxing)
 *fill*         0x10007b9f        0x1 
 .rodata.runtime_init.str1.4
                0x10007ba0       0x61 CMakeFiles/UART.dir/C_/VSARM/sdk/pico/pico-sdk/src/rp2_common/pico_runtime/runtime.c.obj
 *fill*         0x10007c01        0x3 
 .rodata.panic.str1.4
                0x10007c04       0x10 CMakeFiles/UART.dir/C_/VSARM/sdk/pico/pico-sdk/src/rp2_common/pico_runtime/runtime.c.obj
                                 0x12 (size before relaxing)
 .rodata.__func__.2
                0x10007c14        0xd CMakeFiles/UART.dir/C_/VSARM/sdk/pico/pico-sdk/src/rp2_common/pico_runtime/runtime.c.obj
 *fill*         0x10007c21        0x3 
 .rodata._ftoa.str1.4
                0x10007c24       0x15 CMakeFiles/UART.dir/C_/VSARM/sdk/pico/pico-sdk/src/rp2_common/pico_printf/printf.c.obj
 *fill*         0x10007c39        0x3 
 .rodata._vsnprintf
                0x10007c3c      0x19c CMakeFiles/UART.dir/C_/VSARM/sdk/pico/pico-sdk/src/rp2_common/pico_printf/printf.c.obj
 .rodata.pow10.0
                0x10007dd8       0x50 CMakeFiles/UART.dir/C_/VSARM/sdk/pico/pico-sdk/src/rp2_common/pico_printf/printf.c.obj
 .rodata.__aeabi_double_init.str1.4
                0x10007e28       0x9c CMakeFiles/UART.dir/C_/VSARM/sdk/pico/pico-sdk/src/rp2_common/pico_double/double_init_rom.c.obj
 .rodata.__func__.0
                0x10007ec4       0x14 CMakeFiles/UART.dir/C_/VSARM/sdk/pico/pico-sdk/src/rp2_common/pico_double/double_init_rom.c.obj
 .rodata.__aeabi_float_init.str1.4
                0x10007ed8       0x7a CMakeFiles/UART.dir/C_/VSARM/sdk/pico/pico-sdk/src/rp2_common/pico_float/float_init_rom.c.obj
                                 0x7e (size before relaxing)
 *fill*         0x10007f52        0x2 
 .rodata.__func__.0
                0x10007f54       0x13 CMakeFiles/UART.dir/C_/VSARM/sdk/pico/pico-sdk/src/rp2_common/pico_float/float_init_rom.c.obj
 *fill*         0x10007f67        0x1 
 .rodata.str1.4
                0x10007f68       0x3c CMakeFiles/UART.dir/C_/VSARM/sdk/pico/pico-sdk/src/rp2_common/pico_standard_link/binary_info.c.obj
 .rodata.__bi_81
                0x10007fa4        0xc CMakeFiles/UART.dir/C_/VSARM/sdk/pico/pico-sdk/src/rp2_common/pico_standard_link/binary_info.c.obj
 .rodata.__bi_75
                0x10007fb0        0xc CMakeFiles/UART.dir/C_/VSARM/sdk/pico/pico-sdk/src/rp2_common/pico_standard_link/binary_info.c.obj
 .rodata.__bi_44
                0x10007fbc        0xc CMakeFiles/UART.dir/C_/VSARM/sdk/pico/pico-sdk/src/rp2_common/pico_standard_link/binary_info.c.obj
 .rodata.update_us_since_boot.str1.4
                0x10007fc8       0x61 CMakeFiles/UART.dir/C_/VSARM/sdk/pico/pico-sdk/src/rp2_common/pico_stdio/stdio.c.obj
 .rodata.crlf_str.2
                0x10007fc8        0x2 CMakeFiles/UART.dir/C_/VSARM/sdk/pico/pico-sdk/src/rp2_common/pico_stdio/stdio.c.obj
 *fill*         0x10007fca        0x2 
 .rodata.__func__.3
                0x10007fcc       0x15 CMakeFiles/UART.dir/C_/VSARM/sdk/pico/pico-sdk/src/rp2_common/pico_stdio/stdio.c.obj
 *fill*         0x10007fe1        0x3 
 .rodata._resetd_driver
                0x10007fe4       0x18 CMakeFiles/UART.dir/C_/VSARM/sdk/pico/pico-sdk/src/rp2_common/pico_stdio_usb/reset_interface.c.obj
 .rodata.update_us_since_boot.str1.4
                0x10007ffc       0x61 CMakeFiles/UART.dir/C_/VSARM/sdk/pico/pico-sdk/src/rp2_common/pico_stdio_usb/stdio_usb.c.obj
 .rodata.stdio_usb_init.str1.4
                0x10007ffc       0x45 CMakeFiles/UART.dir/C_/VSARM/sdk/pico/pico-sdk/src/rp2_common/pico_stdio_usb/stdio_usb.c.obj
                                 0x4d (size before relaxing)
 *fill*         0x10008041        0x3 
 .rodata.str1.4
                0x10008044       0x13 CMakeFiles/UART.dir/C_/VSARM/sdk/pico/pico-sdk/src/rp2_common/pico_stdio_usb/stdio_usb.c.obj
 *fill*         0x10008057        0x1 
 .rodata.__bi_182.0
                0x10008058        0xc CMakeFiles/UART.dir/C_/VSARM/sdk/pico/pico-sdk/src/rp2_common/pico_stdio_usb/stdio_usb.c.obj
 .rodata.__func__.1
                0x10008064        0xf CMakeFiles/UART.dir/C_/VSARM/sdk/pico/pico-sdk/src/rp2_common/pico_stdio_usb/stdio_usb.c.obj
 *fill*         0x10008073        0x1 
 .rodata.__func__.3
                0x10008074       0x15 CMakeFiles/UART.dir/C_/VSARM/sdk/pico/pico-sdk/src/rp2_common/pico_stdio_usb/stdio_usb.c.obj
 *fill*         0x10008089        0x3 
 .rodata.str1.4
                0x1000808c       0x2a CMakeFiles/UART.dir/C_/VSARM/sdk/pico/pico-sdk/src/rp2_common/pico_stdio_usb/stdio_usb_descriptors.c.obj
 *fill*         0x100080b6        0x2 
 .rodata.usbd_desc_str
                0x100080b8       0x18 CMakeFiles/UART.dir/C_/VSARM/sdk/pico/pico-sdk/src/rp2_common/pico_stdio_usb/stdio_usb_descriptors.c.obj
 .rodata.usbd_desc_cfg
                0x100080d0       0x54 CMakeFiles/UART.dir/C_/VSARM/sdk/pico/pico-sdk/src/rp2_common/pico_stdio_usb/stdio_usb_descriptors.c.obj
 .rodata.usbd_desc_device
                0x10008124       0x12 CMakeFiles/UART.dir/C_/VSARM/sdk/pico/pico-sdk/src/rp2_common/pico_stdio_usb/stdio_usb_descriptors.c.obj
 *fill*         0x10008136        0x2 
 .rodata.pico_get_unique_board_id_string.str1.4
                0x10008138       0x4d CMakeFiles/UART.dir/C_/VSARM/sdk/pico/pico-sdk/src/rp2_common/pico_unique_id/unique_id.c.obj
 *fill*         0x10008185        0x3 
 .rodata.__func__.0
                0x10008188       0x20 CMakeFiles/UART.dir/C_/VSARM/sdk/pico/pico-sdk/src/rp2_common/pico_unique_id/unique_id.c.obj
 .rodata.str1.4
                0x100081a8      0x15a CMakeFiles/UART.dir/C_/VSARM/sdk/pico/pico-sdk/src/rp2_common/hardware_flash/flash.c.obj
 *fill*         0x10008302        0x2 
 .rodata.__func__.0
                0x10008304        0xd CMakeFiles/UART.dir/C_/VSARM/sdk/pico/pico-sdk/src/rp2_common/hardware_flash/flash.c.obj
 *fill*         0x10008311        0x3 
 .rodata._hw_endpoint_alloc.str1.4
                0x10008314       0xb5 CMakeFiles/UART.dir/C_/VSARM/sdk/pico/pico-sdk/lib/tinyusb/src/portable/raspberrypi/rp2040/dcd_rp2040.c.obj
 *fill*         0x100083c9        0x3 
 .rodata.str1.4
                0x100083cc       0x14 CMakeFiles/UART.dir/C_/VSARM/sdk/pico/pico-sdk/lib/tinyusb/src/portable/raspberrypi/rp2040/dcd_rp2040.c.obj
 .rodata.dcd_int_enable.str1.4
                0x100083e0        0xc CMakeFiles/UART.dir/C_/VSARM/sdk/pico/pico-sdk/lib/tinyusb/src/portable/raspberrypi/rp2040/dcd_rp2040.c.obj
 .rodata.__func__.0
                0x100083ec        0xe CMakeFiles/UART.dir/C_/VSARM/sdk/pico/pico-sdk/lib/tinyusb/src/portable/raspberrypi/rp2040/dcd_rp2040.c.obj
 *fill*         0x100083fa        0x2 
 .rodata.__func__.1
                0x100083fc        0xe CMakeFiles/UART.dir/C_/VSARM/sdk/pico/pico-sdk/lib/tinyusb/src/portable/raspberrypi/rp2040/dcd_rp2040.c.obj
 *fill*         0x1000840a        0x2 
 .rodata.__func__.3
                0x1000840c       0x10 CMakeFiles/UART.dir/C_/VSARM/sdk/pico/pico-sdk/lib/tinyusb/src/portable/raspberrypi/rp2040/dcd_rp2040.c.obj
 .rodata.__func__.5
                0x1000841c        0xf CMakeFiles/UART.dir/C_/VSARM/sdk/pico/pico-sdk/lib/tinyusb/src/portable/raspberrypi/rp2040/dcd_rp2040.c.obj
 *fill*         0x1000842b        0x1 
 .rodata.__func__.6
                0x1000842c       0x13 CMakeFiles/UART.dir/C_/VSARM/sdk/pico/pico-sdk/lib/tinyusb/src/portable/raspberrypi/rp2040/dcd_rp2040.c.obj
 *fill*         0x1000843f        0x1 
 .rodata.__func__.7
                0x10008440        0x9 CMakeFiles/UART.dir/C_/VSARM/sdk/pico/pico-sdk/lib/tinyusb/src/portable/raspberrypi/rp2040/dcd_rp2040.c.obj
 *fill*         0x10008449        0x3 
 .rodata.str1.4
                0x1000844c       0xe7 CMakeFiles/UART.dir/C_/VSARM/sdk/pico/pico-sdk/lib/tinyusb/src/portable/raspberrypi/rp2040/rp2040_usb.c.obj
 *fill*         0x10008533        0x1 
 .rodata.__func__.0
                0x10008534        0xf CMakeFiles/UART.dir/C_/VSARM/sdk/pico/pico-sdk/lib/tinyusb/src/portable/raspberrypi/rp2040/rp2040_usb.c.obj
 *fill*         0x10008543        0x1 
 .rodata.process_get_descriptor
                0x10008544       0x40 CMakeFiles/UART.dir/C_/VSARM/sdk/pico/pico-sdk/lib/tinyusb/src/device/usbd.c.obj
 .rodata.process_control_request
                0x10008584       0x28 CMakeFiles/UART.dir/C_/VSARM/sdk/pico/pico-sdk/lib/tinyusb/src/device/usbd.c.obj
 .rodata.tud_task_ext
                0x100085ac       0x24 CMakeFiles/UART.dir/C_/VSARM/sdk/pico/pico-sdk/lib/tinyusb/src/device/usbd.c.obj
 .rodata._usbd_driver
                0x100085d0       0x18 CMakeFiles/UART.dir/C_/VSARM/sdk/pico/pico-sdk/lib/tinyusb/src/device/usbd.c.obj
                0x100085e8                        . = ALIGN (0x4)
 *(SORT_BY_ALIGNMENT(SORT_BY_NAME(.flashdata*)))
                0x100085e8                        . = ALIGN (0x4)

.ARM.extab
 *(.ARM.extab* .gnu.linkonce.armextab.*)
                0x100085e8                        __exidx_start = .

.ARM.exidx
 *(.ARM.exidx* .gnu.linkonce.armexidx.*)
                0x100085e8                        __exidx_end = .
                0x100085e8                        . = ALIGN (0x4)
                0x100085e8                        __binary_info_start = .

.binary_info    0x100085e8       0x20
 *(.binary_info.keep.*)
 .binary_info.keep.__bi_ptr81
                0x100085e8        0x4 CMakeFiles/UART.dir/C_/VSARM/sdk/pico/pico-sdk/src/rp2_common/pico_standard_link/binary_info.c.obj
 .binary_info.keep.__bi_ptr75
                0x100085ec        0x4 CMakeFiles/UART.dir/C_/VSARM/sdk/pico/pico-sdk/src/rp2_common/pico_standard_link/binary_info.c.obj
 .binary_info.keep.__bi_ptr50
                0x100085f0        0x4 CMakeFiles/UART.dir/C_/VSARM/sdk/pico/pico-sdk/src/rp2_common/pico_standard_link/binary_info.c.obj
 .binary_info.keep.__bi_ptr44
                0x100085f4        0x4 CMakeFiles/UART.dir/C_/VSARM/sdk/pico/pico-sdk/src/rp2_common/pico_standard_link/binary_info.c.obj
 .binary_info.keep.__bi_ptr38
                0x100085f8        0x4 CMakeFiles/UART.dir/C_/VSARM/sdk/pico/pico-sdk/src/rp2_common/pico_standard_link/binary_info.c.obj
 .binary_info.keep.__bi_ptr30
                0x100085fc        0x4 CMakeFiles/UART.dir/C_/VSARM/sdk/pico/pico-sdk/src/rp2_common/pico_standard_link/binary_info.c.obj
 .binary_info.keep.__bi_ptr22
                0x10008600        0x4 CMakeFiles/UART.dir/C_/VSARM/sdk/pico/pico-sdk/src/rp2_common/pico_standard_link/binary_info.c.obj
 *(.binary_info.*)
 .binary_info.__bi_ptr182
                0x10008604        0x4 CMakeFiles/UART.dir/C_/VSARM/sdk/pico/pico-sdk/src/rp2_common/pico_stdio_usb/stdio_usb.c.obj
                0x10008608                        __binary_info_end = .

.rel.dyn        0x10008608        0x0
 .rel.iplt      0x10008608        0x0 c:/vsarm/armcc/125863~1.3re/bin/../lib/gcc/arm-none-eabi/12.3.1/thumb/v6-m/nofp/crtbegin.o
                0x10008608                        . = ALIGN (0x4)

.ram_vector_table
                0x20000000       0xc0
 *(.ram_vector_table)
 .ram_vector_table
                0x20000000       0xc0 CMakeFiles/UART.dir/C_/VSARM/sdk/pico/pico-sdk/src/rp2_common/pico_runtime/runtime.c.obj
                0x20000000                ram_vector_table

.data           0x200000c0      0xb30 load address 0x10008608
                0x200000c0                        __data_start__ = .
 *(vtable)
 *(.time_critical*)
 .time_critical.mutex_try_enter
                0x200000c0       0x46 CMakeFiles/UART.dir/C_/VSARM/sdk/pico/pico-sdk/src/common/pico_sync/mutex.c.obj
                0x200000c0                mutex_try_enter
 *fill*         0x20000106        0x2 
 .time_critical.mutex_enter_block_until
                0x20000108       0x8c CMakeFiles/UART.dir/C_/VSARM/sdk/pico/pico-sdk/src/common/pico_sync/mutex.c.obj
                0x20000108                mutex_enter_block_until
 .time_critical.mutex_try_enter_block_until
                0x20000194       0x34 CMakeFiles/UART.dir/C_/VSARM/sdk/pico/pico-sdk/src/common/pico_sync/mutex.c.obj
                0x20000194                mutex_try_enter_block_until
 .time_critical.mutex_enter_timeout_ms
                0x200001c8       0x1a CMakeFiles/UART.dir/C_/VSARM/sdk/pico/pico-sdk/src/common/pico_sync/mutex.c.obj
                0x200001c8                mutex_enter_timeout_ms
 *fill*         0x200001e2        0x2 
 .time_critical.mutex_exit
                0x200001e4       0x4c CMakeFiles/UART.dir/C_/VSARM/sdk/pico/pico-sdk/src/common/pico_sync/mutex.c.obj
                0x200001e4                mutex_exit
 .time_critical.flash_init_boot2_copyout
                0x20000230       0x30 CMakeFiles/UART.dir/C_/VSARM/sdk/pico/pico-sdk/src/rp2_common/hardware_flash/flash.c.obj
 .time_critical.flash_enable_xip_via_boot2
                0x20000260        0xc CMakeFiles/UART.dir/C_/VSARM/sdk/pico/pico-sdk/src/rp2_common/hardware_flash/flash.c.obj
 .time_critical.flash_cs_force
                0x2000026c       0x28 CMakeFiles/UART.dir/C_/VSARM/sdk/pico/pico-sdk/src/rp2_common/hardware_flash/flash.c.obj
 .time_critical.flash_do_cmd
                0x20000294       0xd8 CMakeFiles/UART.dir/C_/VSARM/sdk/pico/pico-sdk/src/rp2_common/hardware_flash/flash.c.obj
                0x20000294                flash_do_cmd
 .time_critical.reset_non_control_endpoints
                0x2000036c       0x40 CMakeFiles/UART.dir/C_/VSARM/sdk/pico/pico-sdk/lib/tinyusb/src/portable/raspberrypi/rp2040/dcd_rp2040.c.obj
 .time_critical.hw_handle_buff_status
                0x200003ac       0xa4 CMakeFiles/UART.dir/C_/VSARM/sdk/pico/pico-sdk/lib/tinyusb/src/portable/raspberrypi/rp2040/dcd_rp2040.c.obj
 .time_critical.dcd_rp2040_irq
                0x20000450      0x1b8 CMakeFiles/UART.dir/C_/VSARM/sdk/pico/pico-sdk/lib/tinyusb/src/portable/raspberrypi/rp2040/dcd_rp2040.c.obj
 .time_critical.e15_is_bulkin_ep
                0x20000608       0x2c CMakeFiles/UART.dir/C_/VSARM/sdk/pico/pico-sdk/lib/tinyusb/src/portable/raspberrypi/rp2040/rp2040_usb.c.obj
 .time_critical.e15_is_critical_frame_period
                0x20000634       0x30 CMakeFiles/UART.dir/C_/VSARM/sdk/pico/pico-sdk/lib/tinyusb/src/portable/raspberrypi/rp2040/rp2040_usb.c.obj
 .time_critical.prepare_ep_buffer
                0x20000664       0x6c CMakeFiles/UART.dir/C_/VSARM/sdk/pico/pico-sdk/lib/tinyusb/src/portable/raspberrypi/rp2040/rp2040_usb.c.obj
 .time_critical.sync_ep_buffer
                0x200006d0       0x7c CMakeFiles/UART.dir/C_/VSARM/sdk/pico/pico-sdk/lib/tinyusb/src/portable/raspberrypi/rp2040/rp2040_usb.c.obj
 .time_critical._hw_endpoint_xfer_sync
                0x2000074c       0x28 CMakeFiles/UART.dir/C_/VSARM/sdk/pico/pico-sdk/lib/tinyusb/src/portable/raspberrypi/rp2040/rp2040_usb.c.obj
 .time_critical.hw_endpoint_reset_transfer
                0x20000774        0xc CMakeFiles/UART.dir/C_/VSARM/sdk/pico/pico-sdk/lib/tinyusb/src/portable/raspberrypi/rp2040/rp2040_usb.c.obj
                0x20000774                hw_endpoint_reset_transfer
 .time_critical._hw_endpoint_buffer_control_update32
                0x20000780       0x58 CMakeFiles/UART.dir/C_/VSARM/sdk/pico/pico-sdk/lib/tinyusb/src/portable/raspberrypi/rp2040/rp2040_usb.c.obj
                0x20000780                _hw_endpoint_buffer_control_update32
 .time_critical.hw_endpoint_start_next_buffer
                0x200007d8       0x7c CMakeFiles/UART.dir/C_/VSARM/sdk/pico/pico-sdk/lib/tinyusb/src/portable/raspberrypi/rp2040/rp2040_usb.c.obj
                0x200007d8                hw_endpoint_start_next_buffer
 .time_critical.hw_endpoint_xfer_continue
                0x20000854       0x50 CMakeFiles/UART.dir/C_/VSARM/sdk/pico/pico-sdk/lib/tinyusb/src/portable/raspberrypi/rp2040/rp2040_usb.c.obj
                0x20000854                hw_endpoint_xfer_continue
 .time_critical.tinyusb
                0x200008a4      0x1ac CMakeFiles/UART.dir/C_/VSARM/sdk/pico/pico-sdk/lib/tinyusb/src/device/usbd.c.obj
                0x200008a4                dcd_event_handler
 *(.text*)
 .text          0x20000a50        0x4 c:/vsarm/armcc/125863~1.3re/bin/../lib/gcc/arm-none-eabi/12.3.1/thumb/v6-m/nofp\libgcc.a(_dvmd_tls.o)
                0x20000a50                __aeabi_idiv0
                0x20000a50                __aeabi_ldiv0
 *fill*         0x20000a54        0x4 
 .text.__stub   0x20000a58       0xa0 linker stubs
                0x20000af8                        . = ALIGN (0x4)
 *(.rodata*)
                0x20000af8                        . = ALIGN (0x4)
 *(.data*)
 .data.striped_spin_lock_num
                0x20000af8        0x1 CMakeFiles/UART.dir/C_/VSARM/sdk/pico/pico-sdk/src/rp2_common/hardware_sync/sync.c.obj
 *fill*         0x20000af9        0x3 
 .data          0x20000afc       0x48 CMakeFiles/UART.dir/C_/VSARM/sdk/pico/pico-sdk/src/rp2_common/hardware_irq/irq_handler_chain.S.obj
                0x20000afc                irq_handler_chain_slots
                0x20000b2c                irq_handler_chain_first_slot
                0x20000b36                irq_handler_chain_remove_tail
 .data.default_alarm_pool
                0x20000b44       0x18 CMakeFiles/UART.dir/C_/VSARM/sdk/pico/pico-sdk/src/common/pico_time/time.c.obj
 .data.default_alarm_pool_heap
                0x20000b5c       0x10 CMakeFiles/UART.dir/C_/VSARM/sdk/pico/pico-sdk/src/common/pico_time/time.c.obj
 *fill*         0x20000b6c        0x4 
 .data.aeabi_bits_funcs
                0x20000b70       0x10 CMakeFiles/UART.dir/C_/VSARM/sdk/pico/pico-sdk/src/rp2_common/pico_bit_ops/bit_ops_aeabi.S.obj
                0x20000b70                aeabi_bits_funcs
                0x20000b80                aeabi_bits_funcs_end
 .data.aeabi_mem_funcs
                0x20000b80       0x10 CMakeFiles/UART.dir/C_/VSARM/sdk/pico/pico-sdk/src/rp2_common/pico_mem_ops/mem_ops_aeabi.S.obj
                0x20000b80                aeabi_mem_funcs
                0x20000b90                aeabi_mem_funcs_end
 .data.stdio_usb
                0x20000b90       0x18 CMakeFiles/UART.dir/C_/VSARM/sdk/pico/pico-sdk/src/rp2_common/pico_stdio_usb/stdio_usb.c.obj
                0x20000b90                stdio_usb
 .data.ep_dir_string
                0x20000ba8        0x8 CMakeFiles/UART.dir/C_/VSARM/sdk/pico/pico-sdk/lib/tinyusb/src/portable/raspberrypi/rp2040/rp2040_usb.c.obj
                0x20000ba8                ep_dir_string
 .data._usbd_qdef
                0x20000bb0       0x1c CMakeFiles/UART.dir/C_/VSARM/sdk/pico/pico-sdk/lib/tinyusb/src/device/usbd.c.obj
                0x20000bb0                _usbd_qdef
 .data._usbd_rhport
                0x20000bcc        0x1 CMakeFiles/UART.dir/C_/VSARM/sdk/pico/pico-sdk/lib/tinyusb/src/device/usbd.c.obj
                0x20000bd0                        . = ALIGN (0x4)
 *fill*         0x20000bcd        0x3 
 *(.after_data.*)
                0x20000bd0                        . = ALIGN (0x4)
                0x20000bd0                        PROVIDE (__mutex_array_start = .)
 *(SORT_BY_NAME(.mutex_array.*))
 *(.mutex_array)
 .mutex_array   0x20000bd0        0x8 CMakeFiles/UART.dir/C_/VSARM/sdk/pico/pico-sdk/src/rp2_common/pico_stdio/stdio.c.obj
                0x20000bd8                        PROVIDE (__mutex_array_end = .)
                0x20000bd8                        . = ALIGN (0x4)
                0x20000bd8                        PROVIDE (__preinit_array_start = .)
 *(SORT_BY_NAME(.preinit_array.*))
 .preinit_array.00001
                0x20000bd8        0x4 CMakeFiles/UART.dir/C_/VSARM/sdk/pico/pico-sdk/src/rp2_common/pico_mem_ops/mem_ops_aeabi.S.obj
 .preinit_array.00010
                0x20000bdc        0x4 CMakeFiles/UART.dir/C_/VSARM/sdk/pico/pico-sdk/src/rp2_common/pico_bit_ops/bit_ops_aeabi.S.obj
 .preinit_array.00020
                0x20000be0        0x4 CMakeFiles/UART.dir/C_/VSARM/sdk/pico/pico-sdk/src/rp2_common/pico_double/double_aeabi.S.obj
 .preinit_array.00020
                0x20000be4        0x4 CMakeFiles/UART.dir/C_/VSARM/sdk/pico/pico-sdk/src/rp2_common/pico_float/float_aeabi.S.obj
 *(.preinit_array)
                0x20000be8                        PROVIDE (__preinit_array_end = .)
                0x20000be8                        . = ALIGN (0x4)
                0x20000be8                        PROVIDE (__init_array_start = .)
 *(SORT_BY_NAME(.init_array.*))
 *(.init_array)
 .init_array    0x20000be8        0x4 c:/vsarm/armcc/125863~1.3re/bin/../lib/gcc/arm-none-eabi/12.3.1/thumb/v6-m/nofp/crtbegin.o
 .init_array    0x20000bec        0x4 CMakeFiles/UART.dir/C_/VSARM/sdk/pico/pico-sdk/src/rp2_common/pico_unique_id/unique_id.c.obj
                0x20000bf0                        PROVIDE (__init_array_end = .)
                0x20000bf0                        . = ALIGN (0x4)
                [!provide]                        PROVIDE (__fini_array_start = .)
 *(SORT_BY_NAME(.fini_array.*))
 *(.fini_array)
                [!provide]                        PROVIDE (__fini_array_end = .)
 *(.jcr)
                0x20000bf0                        . = ALIGN (0x4)
                0x20000bf0                        __data_end__ = .
                0x10008608                        __etext = LOADADDR (.data)
